../USB_DEVICE/App/usbd_cdc_if.c:122:17:sabu_u32	0	static
../USB_DEVICE/App/usbd_cdc_if.c:128:13:sabu_put_u32	0	static
../USB_DEVICE/App/usbd_cdc_if.c:134:17:sabu_crc32	4	static
../USB_DEVICE/App/usbd_cdc_if.c:145:13:sabu_reply	24	static
../USB_DEVICE/App/usbd_cdc_if.c:327:15:CDC_DeInit_HS	0	static
../USB_DEVICE/App/usbd_cdc_if.c:341:15:CDC_Control_HS	0	static
../USB_DEVICE/App/usbd_cdc_if.c:477:15:CDC_TransmitCplt_HS	0	static
../USB_DEVICE/App/usbd_cdc_if.c:422:15:CDC_Receive_HS	16	static
../USB_DEVICE/App/usbd_cdc_if.c:312:15:CDC_Init_HS	8	static
../USB_DEVICE/App/usbd_cdc_if.c:157:16:sabu_erase_application_sector	32	static,ignoring_inline_asm
../USB_DEVICE/App/usbd_cdc_if.c:206:16:sabu_write_application	24	static,ignoring_inline_asm
../USB_DEVICE/App/usbd_cdc_if.c:451:9:CDC_Transmit_HS	8	static
../USB_DEVICE/App/usbd_cdc_if.c:490:6:FW_Update_Process	32	static
../USB_DEVICE/App/usbd_cdc_if.c:553:9:FW_Update_ResetRequested	0	static
