../Core/Src/driver_w25qxx.c:113:16:a_w25qxx_spi_write_read	48	static
../Core/Src/driver_w25qxx.c:149:16:a_w25qxx_qspi_write_read	48	static
../Core/Src/driver_w25qxx.c:7509:16:a_w25qxx_read	80	static
../Core/Src/driver_w25qxx.c:7716:16:a_w25qxx_erase_sector	80	static
../Core/Src/driver_w25qxx.c:8036:16:a_w25qxx_page_program	88	static
../Core/Src/driver_w25qxx.c:8359:16:a_w25qxx_write_no_check	24	static
../Core/Src/driver_w25qxx.c:176:9:w25qxx_set_dual_quad_spi	0	static
../Core/Src/driver_w25qxx.c:197:9:w25qxx_get_dual_quad_spi	0	static
../Core/Src/driver_w25qxx.c:218:9:w25qxx_set_type	0	static
../Core/Src/driver_w25qxx.c:239:9:w25qxx_get_type	0	static
../Core/Src/driver_w25qxx.c:260:9:w25qxx_set_interface	0	static
../Core/Src/driver_w25qxx.c:281:9:w25qxx_get_interface	0	static
../Core/Src/driver_w25qxx.c:305:9:w25qxx_set_address_mode	72	static
../Core/Src/driver_w25qxx.c:406:9:w25qxx_get_address_mode	0	static
../Core/Src/driver_w25qxx.c:432:9:w25qxx_enable_write	72	static
../Core/Src/driver_w25qxx.c:502:9:w25qxx_enable_volatile_sr_write	72	static
../Core/Src/driver_w25qxx.c:573:9:w25qxx_disable_write	72	static
../Core/Src/driver_w25qxx.c:644:9:w25qxx_get_status1	72	static
../Core/Src/driver_w25qxx.c:717:9:w25qxx_get_status2	72	static
../Core/Src/driver_w25qxx.c:790:9:w25qxx_get_status3	72	static
../Core/Src/driver_w25qxx.c:864:9:w25qxx_set_status1	80	static
../Core/Src/driver_w25qxx.c:1063:9:w25qxx_set_status2	80	static
../Core/Src/driver_w25qxx.c:1262:9:w25qxx_set_status3	80	static
../Core/Src/driver_w25qxx.c:1460:9:w25qxx_chip_erase	80	static
../Core/Src/driver_w25qxx.c:1651:9:w25qxx_erase_program_suspend	72	static
../Core/Src/driver_w25qxx.c:1723:9:w25qxx_erase_program_resume	72	static
../Core/Src/driver_w25qxx.c:1793:9:w25qxx_power_down	72	static
../Core/Src/driver_w25qxx.c:1876:9:w25qxx_release_power_down	72	static
../Core/Src/driver_w25qxx.c:1953:9:w25qxx_get_manufacturer_device_id	80	static
../Core/Src/driver_w25qxx.c:2039:9:w25qxx_get_manufacturer_device_id_dual_io	88	static
../Core/Src/driver_w25qxx.c:2123:9:w25qxx_get_manufacturer_device_id_quad_io	88	static
../Core/Src/driver_w25qxx.c:2204:9:w25qxx_get_jedec_id	80	static
../Core/Src/driver_w25qxx.c:2285:9:w25qxx_global_block_lock	72	static
../Core/Src/driver_w25qxx.c:2355:9:w25qxx_global_block_unlock	72	static
../Core/Src/driver_w25qxx.c:2428:9:w25qxx_set_read_parameters	64	static
../Core/Src/driver_w25qxx.c:2495:9:w25qxx_enter_qspi_mode	72	static
../Core/Src/driver_w25qxx.c:2573:9:w25qxx_exit_qspi_mode	64	static
../Core/Src/driver_w25qxx.c:2620:9:w25qxx_enable_reset	72	static
../Core/Src/driver_w25qxx.c:2691:9:w25qxx_reset_device	72	static
../Core/Src/driver_w25qxx.c:2765:9:w25qxx_get_unique_id	72	static
../Core/Src/driver_w25qxx.c:2881:9:w25qxx_get_sfdp	72	static
../Core/Src/driver_w25qxx.c:2953:9:w25qxx_erase_security_register	80	static
../Core/Src/driver_w25qxx.c:3148:9:w25qxx_program_security_register	88	static
../Core/Src/driver_w25qxx.c:3345:9:w25qxx_read_security_register	72	static
../Core/Src/driver_w25qxx.c:3466:9:w25qxx_only_spi_read	88	static
../Core/Src/driver_w25qxx.c:3635:9:w25qxx_fast_read	88	static
../Core/Src/driver_w25qxx.c:3859:9:w25qxx_fast_read_dual_output	88	static
../Core/Src/driver_w25qxx.c:3968:9:w25qxx_fast_read_quad_output	88	static
../Core/Src/driver_w25qxx.c:4077:9:w25qxx_fast_read_dual_io	88	static
../Core/Src/driver_w25qxx.c:4185:9:w25qxx_fast_read_quad_io	88	static
../Core/Src/driver_w25qxx.c:4351:9:w25qxx_word_read_quad_io	88	static
../Core/Src/driver_w25qxx.c:4460:9:w25qxx_octal_word_read_quad_io	88	static
../Core/Src/driver_w25qxx.c:4570:9:w25qxx_page_program	88	static
../Core/Src/driver_w25qxx.c:4921:9:w25qxx_page_program_quad_input	88	static
../Core/Src/driver_w25qxx.c:5081:9:w25qxx_sector_erase_4k	80	static
../Core/Src/driver_w25qxx.c:5420:9:w25qxx_block_erase_32k	80	static
../Core/Src/driver_w25qxx.c:5759:9:w25qxx_block_erase_64k	80	static
../Core/Src/driver_w25qxx.c:6095:9:w25qxx_individual_block_lock	80	static
../Core/Src/driver_w25qxx.c:6312:9:w25qxx_individual_block_unlock	80	static
../Core/Src/driver_w25qxx.c:6530:9:w25qxx_read_block_lock	80	static
../Core/Src/driver_w25qxx.c:6747:9:w25qxx_set_burst_with_wrap	72	static
../Core/Src/driver_w25qxx.c:6820:9:w25qxx_init	72	static
../Core/Src/driver_w25qxx.c:7196:9:w25qxx_deinit	72	static
../Core/Src/driver_w25qxx.c:7290:9:w25qxx_read	88	static
../Core/Src/driver_w25qxx.c:8416:9:w25qxx_write	56	static
../Core/Src/driver_w25qxx.c:8536:9:w25qxx_write_read_reg	56	static
../Core/Src/driver_w25qxx.c:8567:9:w25qxx_info	8	static
