../Middlewares/ST/STM32_USB_Device_Library/Core/Src/usbd_ctlreq.c:1032:16:USBD_GetLen	0	static
../Middlewares/ST/STM32_USB_Device_Library/Core/Src/usbd_ctlreq.c:950:6:USBD_ParseSetupRequest	0	static
../Middlewares/ST/STM32_USB_Device_Library/Core/Src/usbd_ctlreq.c:979:6:USBD_CtlError	8	static
../Middlewares/ST/STM32_USB_Device_Library/Core/Src/usbd_ctlreq.c:428:13:USBD_GetDescriptor	24	static
../Middlewares/ST/STM32_USB_Device_Library/Core/Src/usbd_ctlreq.c:682:13:USBD_SetAddress	16	static
../Middlewares/ST/STM32_USB_Device_Library/Core/Src/usbd_ctlreq.c:723:27:USBD_SetConfig	16	static
../Middlewares/ST/STM32_USB_Device_Library/Core/Src/usbd_ctlreq.c:821:13:USBD_GetConfig	8	static
../Middlewares/ST/STM32_USB_Device_Library/Core/Src/usbd_ctlreq.c:855:13:USBD_GetStatus	8	static
../Middlewares/ST/STM32_USB_Device_Library/Core/Src/usbd_ctlreq.c:896:13:USBD_SetFeature	8	static
../Middlewares/ST/STM32_USB_Device_Library/Core/Src/usbd_ctlreq.c:922:13:USBD_ClrFeature	8	static
../Middlewares/ST/STM32_USB_Device_Library/Core/Src/usbd_ctlreq.c:104:20:USBD_StdDevReq	16	static
../Middlewares/ST/STM32_USB_Device_Library/Core/Src/usbd_ctlreq.c:167:20:USBD_StdItfReq	16	static
../Middlewares/ST/STM32_USB_Device_Library/Core/Src/usbd_ctlreq.c:239:20:USBD_StdEPReq	24	static
../Middlewares/ST/STM32_USB_Device_Library/Core/Src/usbd_ctlreq.c:996:6:USBD_GetString	16	static
