../Drivers/STM32H7xx_HAL_Driver/Src/stm32h7xx_hal_ospi.c:2763:13:OSPI_DMACplt	0	static
../Drivers/STM32H7xx_HAL_Driver/Src/stm32h7xx_hal_ospi.c:2938:26:OSPI_ConfigCmd	20	static
../Drivers/STM32H7xx_HAL_Driver/Src/stm32h7xx_hal_ospi.c:3119:26:OSPIM_GetConfig	4	static
../Drivers/STM32H7xx_HAL_Driver/Src/stm32h7xx_hal_ospi.c:2911:26:OSPI_WaitFlagStateUntilTimeout	32	static
../Drivers/STM32H7xx_HAL_Driver/Src/stm32h7xx_hal_ospi.c:483:13:HAL_OSPI_MspInit	0	static
../Drivers/STM32H7xx_HAL_Driver/Src/stm32h7xx_hal_ospi.c:541:13:HAL_OSPI_MspDeInit	0	static
../Drivers/STM32H7xx_HAL_Driver/Src/stm32h7xx_hal_ospi.c:498:19:HAL_OSPI_DeInit	8	static
../Drivers/STM32H7xx_HAL_Driver/Src/stm32h7xx_hal_ospi.c:812:19:HAL_OSPI_Command	32	static
../Drivers/STM32H7xx_HAL_Driver/Src/stm32h7xx_hal_ospi.c:944:19:HAL_OSPI_Command_IT	24	static
../Drivers/STM32H7xx_HAL_Driver/Src/stm32h7xx_hal_ospi.c:1034:19:HAL_OSPI_HyperbusCfg	32	static
../Drivers/STM32H7xx_HAL_Driver/Src/stm32h7xx_hal_ospi.c:1081:19:HAL_OSPI_HyperbusCmd	24	static
../Drivers/STM32H7xx_HAL_Driver/Src/stm32h7xx_hal_ospi.c:1143:19:HAL_OSPI_Transmit	32	static
../Drivers/STM32H7xx_HAL_Driver/Src/stm32h7xx_hal_ospi.c:1218:19:HAL_OSPI_Receive	32	static
../Drivers/STM32H7xx_HAL_Driver/Src/stm32h7xx_hal_ospi.c:1311:19:HAL_OSPI_Transmit_IT	0	static
../Drivers/STM32H7xx_HAL_Driver/Src/stm32h7xx_hal_ospi.c:1361:19:HAL_OSPI_Receive_IT	12	static
../Drivers/STM32H7xx_HAL_Driver/Src/stm32h7xx_hal_ospi.c:1434:19:HAL_OSPI_Transmit_DMA	24	static
../Drivers/STM32H7xx_HAL_Driver/Src/stm32h7xx_hal_ospi.c:1538:19:HAL_OSPI_Receive_DMA	32	static
../Drivers/STM32H7xx_HAL_Driver/Src/stm32h7xx_hal_ospi.c:1656:19:HAL_OSPI_AutoPolling	40	static
../Drivers/STM32H7xx_HAL_Driver/Src/stm32h7xx_hal_ospi.c:1734:19:HAL_OSPI_AutoPolling_IT	32	static
../Drivers/STM32H7xx_HAL_Driver/Src/stm32h7xx_hal_ospi.c:1809:19:HAL_OSPI_MemoryMapped	24	static
../Drivers/STM32H7xx_HAL_Driver/Src/stm32h7xx_hal_ospi.c:1862:10:HAL_OSPI_IsMemoryMapped	0	static
../Drivers/STM32H7xx_HAL_Driver/Src/stm32h7xx_hal_ospi.c:1885:13:HAL_OSPI_ErrorCallback	0	static
../Drivers/STM32H7xx_HAL_Driver/Src/stm32h7xx_hal_ospi.c:2783:13:OSPI_DMAError	8	static
../Drivers/STM32H7xx_HAL_Driver/Src/stm32h7xx_hal_ospi.c:2819:13:OSPI_DMAAbortOnError	8	static
../Drivers/STM32H7xx_HAL_Driver/Src/stm32h7xx_hal_ospi.c:1900:13:HAL_OSPI_AbortCpltCallback	0	static
../Drivers/STM32H7xx_HAL_Driver/Src/stm32h7xx_hal_ospi.c:2854:13:OSPI_DMAAbortCplt	8	static
../Drivers/STM32H7xx_HAL_Driver/Src/stm32h7xx_hal_ospi.c:1915:13:HAL_OSPI_FifoThresholdCallback	0	static
../Drivers/STM32H7xx_HAL_Driver/Src/stm32h7xx_hal_ospi.c:1930:13:HAL_OSPI_CmdCpltCallback	0	static
../Drivers/STM32H7xx_HAL_Driver/Src/stm32h7xx_hal_ospi.c:1945:13:HAL_OSPI_RxCpltCallback	0	static
../Drivers/STM32H7xx_HAL_Driver/Src/stm32h7xx_hal_ospi.c:1960:13:HAL_OSPI_TxCpltCallback	0	static
../Drivers/STM32H7xx_HAL_Driver/Src/stm32h7xx_hal_ospi.c:1975:13:HAL_OSPI_RxHalfCpltCallback	0	static
../Drivers/STM32H7xx_HAL_Driver/Src/stm32h7xx_hal_ospi.c:1990:13:HAL_OSPI_TxHalfCpltCallback	0	static
../Drivers/STM32H7xx_HAL_Driver/Src/stm32h7xx_hal_ospi.c:2005:13:HAL_OSPI_StatusMatchCallback	0	static
../Drivers/STM32H7xx_HAL_Driver/Src/stm32h7xx_hal_ospi.c:2020:13:HAL_OSPI_TimeOutCallback	0	static
../Drivers/STM32H7xx_HAL_Driver/Src/stm32h7xx_hal_ospi.c:581:6:HAL_OSPI_IRQHandler	8	static
../Drivers/STM32H7xx_HAL_Driver/Src/stm32h7xx_hal_ospi.c:2271:19:HAL_OSPI_Abort	24	static
../Drivers/STM32H7xx_HAL_Driver/Src/stm32h7xx_hal_ospi.c:2339:19:HAL_OSPI_Abort_IT	8	static
../Drivers/STM32H7xx_HAL_Driver/Src/stm32h7xx_hal_ospi.c:2417:19:HAL_OSPI_SetFifoThreshold	0	static
../Drivers/STM32H7xx_HAL_Driver/Src/stm32h7xx_hal_ospi.c:2445:10:HAL_OSPI_GetFifoThreshold	0	static
../Drivers/STM32H7xx_HAL_Driver/Src/stm32h7xx_hal_ospi.c:2455:19:HAL_OSPI_SetTimeout	0	static
../Drivers/STM32H7xx_HAL_Driver/Src/stm32h7xx_hal_ospi.c:351:19:HAL_OSPI_Init	24	static
../Drivers/STM32H7xx_HAL_Driver/Src/stm32h7xx_hal_ospi.c:2466:10:HAL_OSPI_GetError	0	static
../Drivers/STM32H7xx_HAL_Driver/Src/stm32h7xx_hal_ospi.c:2476:10:HAL_OSPI_GetState	0	static
../Drivers/STM32H7xx_HAL_Driver/Src/stm32h7xx_hal_ospi.c:2508:19:HAL_OSPIM_Config	80	static
