Archive member included to satisfy reference by file (symbol)

C:/ST/STM32CubeIDE_2.1.0/STM32CubeIDE/plugins/com.st.stm32cube.ide.mcu.externaltools.gnu-tools-for-stm32.14.3.rel1.win32_1.0.100.202602081740/tools/bin/../lib/gcc/arm-none-eabi/14.3.1/../../../../arm-none-eabi/lib/thumb/v7e-m+dp/hard\libc_nano.a(libc_a-exit.o)
                              C:/ST/STM32CubeIDE_2.1.0/STM32CubeIDE/plugins/com.st.stm32cube.ide.mcu.externaltools.gnu-tools-for-stm32.14.3.rel1.win32_1.0.100.202602081740/tools/bin/../lib/gcc/arm-none-eabi/14.3.1/../../../../arm-none-eabi/lib/thumb/v7e-m+dp/hard/crt0.o (exit)
C:/ST/STM32CubeIDE_2.1.0/STM32CubeIDE/plugins/com.st.stm32cube.ide.mcu.externaltools.gnu-tools-for-stm32.14.3.rel1.win32_1.0.100.202602081740/tools/bin/../lib/gcc/arm-none-eabi/14.3.1/../../../../arm-none-eabi/lib/thumb/v7e-m+dp/hard\libc_nano.a(libc_a-findfp.o)
                              C:/ST/STM32CubeIDE_2.1.0/STM32CubeIDE/plugins/com.st.stm32cube.ide.mcu.externaltools.gnu-tools-for-stm32.14.3.rel1.win32_1.0.100.202602081740/tools/bin/../lib/gcc/arm-none-eabi/14.3.1/../../../../arm-none-eabi/lib/thumb/v7e-m+dp/hard\libc_nano.a(libc_a-exit.o) (__stdio_exit_handler)
C:/ST/STM32CubeIDE_2.1.0/STM32CubeIDE/plugins/com.st.stm32cube.ide.mcu.externaltools.gnu-tools-for-stm32.14.3.rel1.win32_1.0.100.202602081740/tools/bin/../lib/gcc/arm-none-eabi/14.3.1/../../../../arm-none-eabi/lib/thumb/v7e-m+dp/hard\libc_nano.a(libc_a-fwalk.o)
                              C:/ST/STM32CubeIDE_2.1.0/STM32CubeIDE/plugins/com.st.stm32cube.ide.mcu.externaltools.gnu-tools-for-stm32.14.3.rel1.win32_1.0.100.202602081740/tools/bin/../lib/gcc/arm-none-eabi/14.3.1/../../../../arm-none-eabi/lib/thumb/v7e-m+dp/hard\libc_nano.a(libc_a-findfp.o) (_fwalk_sglue)
C:/ST/STM32CubeIDE_2.1.0/STM32CubeIDE/plugins/com.st.stm32cube.ide.mcu.externaltools.gnu-tools-for-stm32.14.3.rel1.win32_1.0.100.202602081740/tools/bin/../lib/gcc/arm-none-eabi/14.3.1/../../../../arm-none-eabi/lib/thumb/v7e-m+dp/hard\libc_nano.a(libc_a-stdio.o)
                              C:/ST/STM32CubeIDE_2.1.0/STM32CubeIDE/plugins/com.st.stm32cube.ide.mcu.externaltools.gnu-tools-for-stm32.14.3.rel1.win32_1.0.100.202602081740/tools/bin/../lib/gcc/arm-none-eabi/14.3.1/../../../../arm-none-eabi/lib/thumb/v7e-m+dp/hard\libc_nano.a(libc_a-findfp.o) (__sread)
C:/ST/STM32CubeIDE_2.1.0/STM32CubeIDE/plugins/com.st.stm32cube.ide.mcu.externaltools.gnu-tools-for-stm32.14.3.rel1.win32_1.0.100.202602081740/tools/bin/../lib/gcc/arm-none-eabi/14.3.1/../../../../arm-none-eabi/lib/thumb/v7e-m+dp/hard\libc_nano.a(libc_a-memset.o)
                              C:/ST/STM32CubeIDE_2.1.0/STM32CubeIDE/plugins/com.st.stm32cube.ide.mcu.externaltools.gnu-tools-for-stm32.14.3.rel1.win32_1.0.100.202602081740/tools/bin/../lib/gcc/arm-none-eabi/14.3.1/../../../../arm-none-eabi/lib/thumb/v7e-m+dp/hard/crt0.o (memset)
C:/ST/STM32CubeIDE_2.1.0/STM32CubeIDE/plugins/com.st.stm32cube.ide.mcu.externaltools.gnu-tools-for-stm32.14.3.rel1.win32_1.0.100.202602081740/tools/bin/../lib/gcc/arm-none-eabi/14.3.1/../../../../arm-none-eabi/lib/thumb/v7e-m+dp/hard\libc_nano.a(libc_a-strncpy.o)
                              ./Core/Src/driver_w25qxx.o (strncpy)
C:/ST/STM32CubeIDE_2.1.0/STM32CubeIDE/plugins/com.st.stm32cube.ide.mcu.externaltools.gnu-tools-for-stm32.14.3.rel1.win32_1.0.100.202602081740/tools/bin/../lib/gcc/arm-none-eabi/14.3.1/../../../../arm-none-eabi/lib/thumb/v7e-m+dp/hard\libc_nano.a(libc_a-closer.o)
                              C:/ST/STM32CubeIDE_2.1.0/STM32CubeIDE/plugins/com.st.stm32cube.ide.mcu.externaltools.gnu-tools-for-stm32.14.3.rel1.win32_1.0.100.202602081740/tools/bin/../lib/gcc/arm-none-eabi/14.3.1/../../../../arm-none-eabi/lib/thumb/v7e-m+dp/hard\libc_nano.a(libc_a-stdio.o) (_close_r)
C:/ST/STM32CubeIDE_2.1.0/STM32CubeIDE/plugins/com.st.stm32cube.ide.mcu.externaltools.gnu-tools-for-stm32.14.3.rel1.win32_1.0.100.202602081740/tools/bin/../lib/gcc/arm-none-eabi/14.3.1/../../../../arm-none-eabi/lib/thumb/v7e-m+dp/hard\libc_nano.a(libc_a-reent.o)
                              C:/ST/STM32CubeIDE_2.1.0/STM32CubeIDE/plugins/com.st.stm32cube.ide.mcu.externaltools.gnu-tools-for-stm32.14.3.rel1.win32_1.0.100.202602081740/tools/bin/../lib/gcc/arm-none-eabi/14.3.1/../../../../arm-none-eabi/lib/thumb/v7e-m+dp/hard\libc_nano.a(libc_a-closer.o) (errno)
C:/ST/STM32CubeIDE_2.1.0/STM32CubeIDE/plugins/com.st.stm32cube.ide.mcu.externaltools.gnu-tools-for-stm32.14.3.rel1.win32_1.0.100.202602081740/tools/bin/../lib/gcc/arm-none-eabi/14.3.1/../../../../arm-none-eabi/lib/thumb/v7e-m+dp/hard\libc_nano.a(libc_a-impure.o)
                              C:/ST/STM32CubeIDE_2.1.0/STM32CubeIDE/plugins/com.st.stm32cube.ide.mcu.externaltools.gnu-tools-for-stm32.14.3.rel1.win32_1.0.100.202602081740/tools/bin/../lib/gcc/arm-none-eabi/14.3.1/../../../../arm-none-eabi/lib/thumb/v7e-m+dp/hard\libc_nano.a(libc_a-reent.o) (_impure_ptr)
[...]
Memory Configuration

Name             Origin             Length             Attributes
ITCMRAM          0x00000000         0x00010000         xrw
DTCMRAM          0x20000000         0x00020000         xrw
FLASH_BOOT       0x08000000         0x00020000         xr
FLASH            0x08020000         0x000c7000         xr
USER_FLASH       0x080e0000         0x00020000         xrw
RAM_D1           0x24000000         0x00050000         xrw
RAM_D2           0x30000000         0x00008000         xrw
RAM_D3           0x38000000         0x00004000         xrw
*default*        0x00000000         0xffffffff

Linker script and memory map

LOAD C:/ST/STM32CubeIDE_2.1.0/STM32CubeIDE/plugins/com.st.stm32cube.ide.mcu.externaltools.gnu-tools-for-stm32.14.3.rel1.win32_1.0.100.202602081740/tools/bin/../lib/gcc/arm-none-eabi/14.3.1/thumb/v7e-m+dp/hard/crti.o
LOAD C:/ST/STM32CubeIDE_2.1.0/STM32CubeIDE/plugins/com.st.stm32cube.ide.mcu.externaltools.gnu-tools-for-stm32.14.3.rel1.win32_1.0.100.202602081740/tools/bin/../lib/gcc/arm-none-eabi/14.3.1/thumb/v7e-m+dp/hard/crtbegin.o
LOAD C:/ST/STM32CubeIDE_2.1.0/STM32CubeIDE/plugins/com.st.stm32cube.ide.mcu.externaltools.gnu-tools-for-stm32.14.3.rel1.win32_1.0.100.202602081740/tools/bin/../lib/gcc/arm-none-eabi/14.3.1/../../../../arm-none-eabi/lib/thumb/v7e-m+dp/hard/crt0.o
LOAD ./Core/Src/FLASH_SECTOR_H7.o
LOAD ./Core/Src/driver_w25qxx.o
LOAD ./Core/Src/gpio.o
LOAD ./Core/Src/iwdg.o
LOAD ./Core/Src/main.o
LOAD ./Core/Src/octospi.o
LOAD ./Core/Src/stm32h7xx_hal_msp.o
LOAD ./Core/Src/stm32h7xx_it.o
LOAD ./Core/Src/syscalls.o
LOAD ./Core/Src/sysmem.o
LOAD ./Core/Src/system_stm32h7xx.o
LOAD ./Core/Src/tim.o
LOAD ./Core/Startup/startup_stm32h723zgtx.o
LOAD ./Drivers/STM32H7xx_HAL_Driver/Src/stm32h7xx_hal.o
LOAD ./Drivers/STM32H7xx_HAL_Driver/Src/stm32h7xx_hal_cortex.o
LOAD ./Drivers/STM32H7xx_HAL_Driver/Src/stm32h7xx_hal_dma.o
LOAD ./Drivers/STM32H7xx_HAL_Driver/Src/stm32h7xx_hal_dma_ex.o
LOAD ./Drivers/STM32H7xx_HAL_Driver/Src/stm32h7xx_hal_exti.o
LOAD ./Drivers/STM32H7xx_HAL_Driver/Src/stm32h7xx_hal_flash.o
LOAD ./Drivers/STM32H7xx_HAL_Driver/Src/stm32h7xx_hal_flash_ex.o
LOAD ./Drivers/STM32H7xx_HAL_Driver/Src/stm32h7xx_hal_gpio.o
LOAD ./Drivers/STM32H7xx_HAL_Driver/Src/stm32h7xx_hal_hsem.o
LOAD ./Drivers/STM32H7xx_HAL_Driver/Src/stm32h7xx_hal_i2c.o
LOAD ./Drivers/STM32H7xx_HAL_Driver/Src/stm32h7xx_hal_i2c_ex.o
LOAD ./Drivers/STM32H7xx_HAL_Driver/Src/stm32h7xx_hal_iwdg.o
LOAD ./Drivers/STM32H7xx_HAL_Driver/Src/stm32h7xx_hal_mdma.o
LOAD ./Drivers/STM32H7xx_HAL_Driver/Src/stm32h7xx_hal_ospi.o
LOAD ./Drivers/STM32H7xx_HAL_Driver/Src/stm32h7xx_hal_pcd.o
LOAD ./Drivers/STM32H7xx_HAL_Driver/Src/stm32h7xx_hal_pcd_ex.o
LOAD ./Drivers/STM32H7xx_HAL_Driver/Src/stm32h7xx_hal_pwr.o
LOAD ./Drivers/STM32H7xx_HAL_Driver/Src/stm32h7xx_hal_pwr_ex.o
LOAD ./Drivers/STM32H7xx_HAL_Driver/Src/stm32h7xx_hal_rcc.o
LOAD ./Drivers/STM32H7xx_HAL_Driver/Src/stm32h7xx_hal_rcc_ex.o
LOAD ./Drivers/STM32H7xx_HAL_Driver/Src/stm32h7xx_hal_tim.o
LOAD ./Drivers/STM32H7xx_HAL_Driver/Src/stm32h7xx_hal_tim_ex.o
LOAD ./Drivers/STM32H7xx_HAL_Driver/Src/stm32h7xx_ll_usb.o
LOAD ./Middlewares/ST/STM32_USB_Device_Library/Class/CDC/Src/usbd_cdc.o
LOAD ./Middlewares/ST/STM32_USB_Device_Library/Core/Src/usbd_core.o
LOAD ./Middlewares/ST/STM32_USB_Device_Library/Core/Src/usbd_ctlreq.o
LOAD ./Middlewares/ST/STM32_USB_Device_Library/Core/Src/usbd_ioreq.o
LOAD ./USB_DEVICE/App/usb_device.o
LOAD ./USB_DEVICE/App/usbd_cdc_if.o
LOAD ./USB_DEVICE/App/usbd_desc.o
LOAD ./USB_DEVICE/Target/usbd_conf.o
LOAD C:\Projects\_SABv3\apps\stm_audio_board_V3_DSP_CODE\SABV3_BL\stm_audio_board_V3_DSP_TEST\Drivers\CMSIS\Lib\GCC\libarm_cortexM7lfdp_math.a
START GROUP
LOAD C:/ST/STM32CubeIDE_2.1.0/STM32CubeIDE/plugins/com.st.stm32cube.ide.mcu.externaltools.gnu-tools-for-stm32.14.3.rel1.win32_1.0.100.202602081740/tools/bin/../lib/gcc/arm-none-eabi/14.3.1/../../../../arm-none-eabi/lib/thumb/v7e-m+dp/hard\libstdc++_nano.a
LOAD C:/ST/STM32CubeIDE_2.1.0/STM32CubeIDE/plugins/com.st.stm32cube.ide.mcu.externaltools.gnu-tools-for-stm32.14.3.rel1.win32_1.0.100.202602081740/tools/bin/../lib/gcc/arm-none-eabi/14.3.1/../../../../arm-none-eabi/lib/thumb/v7e-m+dp/hard\libsupc++_nano.a
END GROUP
LOAD C:/ST/STM32CubeIDE_2.1.0/STM32CubeIDE/plugins/com.st.stm32cube.ide.mcu.externaltools.gnu-tools-for-stm32.14.3.rel1.win32_1.0.100.202602081740/tools/bin/../lib/gcc/arm-none-eabi/14.3.1/../../../../arm-none-eabi/lib/thumb/v7e-m+dp/hard\libstdc++_nano.a
LOAD C:/ST/STM32CubeIDE_2.1.0/STM32CubeIDE/plugins/com.st.stm32cube.ide.mcu.externaltools.gnu-tools-for-stm32.14.3.rel1.win32_1.0.100.202602081740/tools/bin/../lib/gcc/arm-none-eabi/14.3.1/../../../../arm-none-eabi/lib/thumb/v7e-m+dp/hard\libm.a
LOAD C:/ST/STM32CubeIDE_2.1.0/STM32CubeIDE/plugins/com.st.stm32cube.ide.mcu.externaltools.gnu-tools-for-stm32.14.3.rel1.win32_1.0.100.202602081740/tools/bin/../lib/gcc/arm-none-eabi/14.3.1/../../../../arm-none-eabi/lib/thumb/v7e-m+dp/hard\libc_nano.a
START GROUP
LOAD C:/ST/STM32CubeIDE_2.1.0/STM32CubeIDE/plugins/com.st.stm32cube.ide.mcu.externaltools.gnu-tools-for-stm32.14.3.rel1.win32_1.0.100.202602081740/tools/bin/../lib/gcc/arm-none-eabi/14.3.1/thumb/v7e-m+dp/hard\libgcc.a
LOAD C:/ST/STM32CubeIDE_2.1.0/STM32CubeIDE/plugins/com.st.stm32cube.ide.mcu.externaltools.gnu-tools-for-stm32.14.3.rel1.win32_1.0.100.202602081740/tools/bin/../lib/gcc/arm-none-eabi/14.3.1/../../../../arm-none-eabi/lib/thumb/v7e-m+dp/hard\libc_nano.a
END GROUP
START GROUP
LOAD C:/ST/STM32CubeIDE_2.1.0/STM32CubeIDE/plugins/com.st.stm32cube.ide.mcu.externaltools.gnu-tools-for-stm32.14.3.rel1.win32_1.0.100.202602081740/tools/bin/../lib/gcc/arm-none-eabi/14.3.1/thumb/v7e-m+dp/hard\libgcc.a
LOAD C:/ST/STM32CubeIDE_2.1.0/STM32CubeIDE/plugins/com.st.stm32cube.ide.mcu.externaltools.gnu-tools-for-stm32.14.3.rel1.win32_1.0.100.202602081740/tools/bin/../lib/gcc/arm-none-eabi/14.3.1/../../../../arm-none-eabi/lib/thumb/v7e-m+dp/hard\libc_nano.a
LOAD C:/ST/STM32CubeIDE_2.1.0/STM32CubeIDE/plugins/com.st.stm32cube.ide.mcu.externaltools.gnu-tools-for-stm32.14.3.rel1.win32_1.0.100.202602081740/tools/bin/../lib/gcc/arm-none-eabi/14.3.1/../../../../arm-none-eabi/lib/thumb/v7e-m+dp/hard\libnosys.a
END GROUP
START GROUP
LOAD C:/ST/STM32CubeIDE_2.1.0/STM32CubeIDE/plugins/com.st.stm32cube.ide.mcu.externaltools.gnu-tools-for-stm32.14.3.rel1.win32_1.0.100.202602081740/tools/bin/../lib/gcc/arm-none-eabi/14.3.1/thumb/v7e-m+dp/hard\libgcc.a
LOAD C:/ST/STM32CubeIDE_2.1.0/STM32CubeIDE/plugins/com.st.stm32cube.ide.mcu.externaltools.gnu-tools-for-stm32.14.3.rel1.win32_1.0.100.202602081740/tools/bin/../lib/gcc/arm-none-eabi/14.3.1/../../../../arm-none-eabi/lib/thumb/v7e-m+dp/hard\libc_nano.a
LOAD C:/ST/STM32CubeIDE_2.1.0/STM32CubeIDE/plugins/com.st.stm32cube.ide.mcu.externaltools.gnu-tools-for-stm32.14.3.rel1.win32_1.0.100.202602081740/tools/bin/../lib/gcc/arm-none-eabi/14.3.1/../../../../arm-none-eabi/lib/thumb/v7e-m+dp/hard\libnosys.a
END GROUP
LOAD C:/ST/STM32CubeIDE_2.1.0/STM32CubeIDE/plugins/com.st.stm32cube.ide.mcu.externaltools.gnu-tools-for-stm32.14.3.rel1.win32_1.0.100.202602081740/tools/bin/../lib/gcc/arm-none-eabi/14.3.1/thumb/v7e-m+dp/hard/crtend.o
LOAD C:/ST/STM32CubeIDE_2.1.0/STM32CubeIDE/plugins/com.st.stm32cube.ide.mcu.externaltools.gnu-tools-for-stm32.14.3.rel1.win32_1.0.100.202602081740/tools/bin/../lib/gcc/arm-none-eabi/14.3.1/thumb/v7e-m+dp/hard/crtn.o
                0x24050000                        _estack = (ORIGIN (RAM_D1) + LENGTH (RAM_D1))
                0x00002000                        _Min_Heap_Size = 0x2000
                0x00004000                        _Min_Stack_Size = 0x4000

.isr_vector     0x08000000      0x2cc
                0x08000000                        . = ALIGN (0x4)
 *(.isr_vector)
 .isr_vector    0x08000000      0x2cc ./Core/Startup/startup_stm32h723zgtx.o
                0x08000000                g_pfnVectors
                0x080002cc                        . = ALIGN (0x4)

.text           0x080002cc     0x66a0
                0x080002cc                        . = ALIGN (0x4)
 *(.text*)
 .text.MX_GPIO_Init
                0x080002cc      0x204 ./Core/Src/gpio.o
                0x080002cc                MX_GPIO_Init
 .text.MX_IWDG1_Init
                0x080004d0       0x2c ./Core/Src/iwdg.o
                0x080004d0                MX_IWDG1_Init
 .text.__NVIC_SystemReset
                0x080004fc       0x24 ./Core/Src/main.o
 .text.JumpToApplication
                0x08000520       0x60 ./Core/Src/main.o
 .text.Error_Handler
                0x08000580       0x14 ./Core/Src/main.o
                0x08000580                Error_Handler
 .text.SystemClock_Config
                0x08000594       0xac ./Core/Src/main.o
                0x08000594                SystemClock_Config
 .text.main     0x08000640       0x70 ./Core/Src/main.o
                0x08000640                main
 .text.MX_OCTOSPI1_Init
                0x080006b0       0x7c ./Core/Src/octospi.o
                0x080006b0                MX_OCTOSPI1_Init
 .text.HAL_OSPI_MspInit
                0x0800072c      0x12c ./Core/Src/octospi.o
                0x0800072c                HAL_OSPI_MspInit
 .text.HAL_MspInit
                0x08000858       0x24 ./Core/Src/stm32h7xx_hal_msp.o
                0x08000858                HAL_MspInit
 .text.NMI_Handler
                0x0800087c        0x2 ./Core/Src/stm32h7xx_it.o
                0x0800087c                NMI_Handler
 .text.HardFault_Handler
                0x0800087e        0x2 ./Core/Src/stm32h7xx_it.o
                0x0800087e                HardFault_Handler
 .text.MemManage_Handler
                0x08000880        0x2 ./Core/Src/stm32h7xx_it.o
                0x08000880                MemManage_Handler
 .text.BusFault_Handler
                0x08000882        0x2 ./Core/Src/stm32h7xx_it.o
                0x08000882                BusFault_Handler
 .text.UsageFault_Handler
                0x08000884        0x2 ./Core/Src/stm32h7xx_it.o
                0x08000884                UsageFault_Handler
 .text.SVC_Handler
                0x08000886        0x2 ./Core/Src/stm32h7xx_it.o
                0x08000886                SVC_Handler
 .text.DebugMon_Handler
                0x08000888        0x2 ./Core/Src/stm32h7xx_it.o
                0x08000888                DebugMon_Handler
 .text.PendSV_Handler
                0x0800088a        0x2 ./Core/Src/stm32h7xx_it.o
                0x0800088a                PendSV_Handler
 .text.SysTick_Handler
                0x0800088c        0x8 ./Core/Src/stm32h7xx_it.o
                0x0800088c                SysTick_Handler
 .text.OTG_HS_IRQHandler
                0x08000894       0x10 ./Core/Src/stm32h7xx_it.o
                0x08000894                OTG_HS_IRQHandler
 .text.SystemInit
                0x080008a4       0xac ./Core/Src/system_stm32h7xx.o
                0x080008a4                SystemInit
 .text.MX_TIM2_Init
                0x08000950       0x6c ./Core/Src/tim.o
                0x08000950                MX_TIM2_Init
 .text.HAL_TIM_Base_MspInit
                0x080009bc       0x30 ./Core/Src/tim.o
                0x080009bc                HAL_TIM_Base_MspInit
 .text.Reset_Handler
                0x080009ec       0x50 ./Core/Startup/startup_stm32h723zgtx.o
                0x080009ec                Reset_Handler
 .text.Default_Handler
                0x08000a3c        0x2 ./Core/Startup/startup_stm32h723zgtx.o
                0x08000a3c                RTC_Alarm_IRQHandler
                0x08000a3c                EXTI2_IRQHandler
                0x08000a3c                TIM8_CC_IRQHandler
                0x08000a3c                UART8_IRQHandler
                0x08000a3c                SPI4_IRQHandler
                0x08000a3c                FDCAN3_IT0_IRQHandler
                0x08000a3c                TIM1_CC_IRQHandler
                0x08000a3c                BDMA_Channel6_IRQHandler
                0x08000a3c                DMA2_Stream5_IRQHandler
                0x08000a3c                DMA1_Stream5_IRQHandler
                0x08000a3c                CORDIC_IRQHandler
                0x08000a3c                BDMA_Channel1_IRQHandler
                0x08000a3c                TAMP_STAMP_IRQHandler
                0x08000a3c                EXTI3_IRQHandler
                0x08000a3c                LPTIM4_IRQHandler
                0x08000a3c                TIM8_TRG_COM_TIM14_IRQHandler
                0x08000a3c                LPTIM2_IRQHandler
                0x08000a3c                DFSDM1_FLT1_IRQHandler
                0x08000a3c                DMAMUX2_OVR_IRQHandler
                0x08000a3c                TIM8_UP_TIM13_IRQHandler
                0x08000a3c                I2C3_ER_IRQHandler
                0x08000a3c                DFSDM1_FLT2_IRQHandler
                0x08000a3c                I2C5_EV_IRQHandler
                0x08000a3c                USART10_IRQHandler
                0x08000a3c                MDMA_IRQHandler
                0x08000a3c                LPTIM3_IRQHandler
                0x08000a3c                HSEM1_IRQHandler
                0x08000a3c                EXTI0_IRQHandler
                0x08000a3c                I2C2_EV_IRQHandler
                0x08000a3c                DMA1_Stream2_IRQHandler
                0x08000a3c                FPU_IRQHandler
                0x08000a3c                OTG_HS_WKUP_IRQHandler
                0x08000a3c                FDCAN1_IT1_IRQHandler
                0x08000a3c                LTDC_ER_IRQHandler
                0x08000a3c                DMA2_Stream2_IRQHandler
                0x08000a3c                SPI1_IRQHandler
                0x08000a3c                OCTOSPI1_IRQHandler
                0x08000a3c                TIM6_DAC_IRQHandler
                0x08000a3c                DMA2_Stream3_IRQHandler
                0x08000a3c                OCTOSPI2_IRQHandler
                0x08000a3c                DFSDM1_FLT3_IRQHandler
                0x08000a3c                TIM23_IRQHandler
                0x08000a3c                USART6_IRQHandler
                0x08000a3c                TIM17_IRQHandler
                0x08000a3c                USART3_IRQHandler
                0x08000a3c                BDMA_Channel7_IRQHandler
                0x08000a3c                LPTIM5_IRQHandler
                0x08000a3c                UART5_IRQHandler
                0x08000a3c                ADC3_IRQHandler
                0x08000a3c                DMA2_Stream0_IRQHandler
                0x08000a3c                TIM4_IRQHandler
                0x08000a3c                BDMA_Channel2_IRQHandler
                0x08000a3c                I2C1_EV_IRQHandler
                0x08000a3c                DMA1_Stream6_IRQHandler
                0x08000a3c                DMAMUX1_OVR_IRQHandler
                0x08000a3c                DMA1_Stream1_IRQHandler
                0x08000a3c                TIM16_IRQHandler
                0x08000a3c                UART4_IRQHandler
                0x08000a3c                BDMA_Channel5_IRQHandler
                0x08000a3c                TIM3_IRQHandler
                0x08000a3c                RCC_IRQHandler
                0x08000a3c                UART9_IRQHandler
                0x08000a3c                TIM8_BRK_TIM12_IRQHandler
                0x08000a3c                TIM1_TRG_COM_IRQHandler
                0x08000a3c                Default_Handler
                0x08000a3c                ECC_IRQHandler
                0x08000a3c                FMAC_IRQHandler
                0x08000a3c                CEC_IRQHandler
                0x08000a3c                EXTI15_10_IRQHandler
                0x08000a3c                BDMA_Channel0_IRQHandler
                0x08000a3c                ADC_IRQHandler
                0x08000a3c                I2C5_ER_IRQHandler
                0x08000a3c                DMA1_Stream7_IRQHandler
                0x08000a3c                SPI5_IRQHandler
                0x08000a3c                TIM7_IRQHandler
                0x08000a3c                FDCAN3_IT1_IRQHandler
                0x08000a3c                SDMMC1_IRQHandler
                0x08000a3c                TIM5_IRQHandler
                0x08000a3c                DMA2_Stream7_IRQHandler
                0x08000a3c                TIM15_IRQHandler
                0x08000a3c                PVD_AVD_IRQHandler
                0x08000a3c                I2C3_EV_IRQHandler
                0x08000a3c                EXTI9_5_IRQHandler
                0x08000a3c                RTC_WKUP_IRQHandler
                0x08000a3c                LTDC_IRQHandler
                0x08000a3c                ETH_WKUP_IRQHandler
                0x08000a3c                SPDIF_RX_IRQHandler
                0x08000a3c                SPI2_IRQHandler
                0x08000a3c                OTG_HS_EP1_IN_IRQHandler
                0x08000a3c                DMA1_Stream0_IRQHandler
                0x08000a3c                TIM24_IRQHandler
                0x08000a3c                CRS_IRQHandler
                0x08000a3c                EXTI4_IRQHandler
                0x08000a3c                RNG_IRQHandler
                0x08000a3c                FDCAN2_IT1_IRQHandler
                0x08000a3c                ETH_IRQHandler
                0x08000a3c                TIM1_UP_IRQHandler
                0x08000a3c                BDMA_Channel4_IRQHandler
                0x08000a3c                OTG_HS_EP1_OUT_IRQHandler
                0x08000a3c                WWDG_IRQHandler
                0x08000a3c                SPI6_IRQHandler
                0x08000a3c                MDIOS_IRQHandler
                0x08000a3c                I2C4_EV_IRQHandler
                0x08000a3c                FDCAN2_IT0_IRQHandler
                0x08000a3c                LPUART1_IRQHandler
                0x08000a3c                FDCAN1_IT0_IRQHandler
                0x08000a3c                TIM2_IRQHandler
                0x08000a3c                DMA2D_IRQHandler
                0x08000a3c                TIM1_BRK_IRQHandler
                0x08000a3c                EXTI1_IRQHandler
                0x08000a3c                SDMMC2_IRQHandler
                0x08000a3c                BDMA_Channel3_IRQHandler
                0x08000a3c                DTS_IRQHandler
                0x08000a3c                UART7_IRQHandler
                0x08000a3c                MDIOS_WKUP_IRQHandler
                0x08000a3c                USART2_IRQHandler
                0x08000a3c                DFSDM1_FLT0_IRQHandler
                0x08000a3c                SAI4_IRQHandler
                0x08000a3c                I2C2_ER_IRQHandler
                0x08000a3c                DMA2_Stream1_IRQHandler
                0x08000a3c                FLASH_IRQHandler
                0x08000a3c                DMA2_Stream4_IRQHandler
                0x08000a3c                USART1_IRQHandler
                0x08000a3c                SPI3_IRQHandler
                0x08000a3c                WAKEUP_PIN_IRQHandler
                0x08000a3c                DMA1_Stream4_IRQHandler
                0x08000a3c                I2C1_ER_IRQHandler
                0x08000a3c                FMC_IRQHandler
                0x08000a3c                FDCAN_CAL_IRQHandler
                0x08000a3c                SWPMI1_IRQHandler
                0x08000a3c                COMP1_IRQHandler
                0x08000a3c                LPTIM1_IRQHandler
                0x08000a3c                DCMI_PSSI_IRQHandler
                0x08000a3c                I2C4_ER_IRQHandler
                0x08000a3c                DMA2_Stream6_IRQHandler
                0x08000a3c                SAI1_IRQHandler
                0x08000a3c                DMA1_Stream3_IRQHandler
 .text.HAL_MspDeInit
                0x08000a3e        0x2 ./Drivers/STM32H7xx_HAL_Driver/Src/stm32h7xx_hal.o
                0x08000a3e                HAL_MspDeInit
 .text.HAL_DeInit
                0x08000a40       0x90 ./Drivers/STM32H7xx_HAL_Driver/Src/stm32h7xx_hal.o
                0x08000a40                HAL_DeInit
 .text.HAL_InitTick
                0x08000ad0       0x50 ./Drivers/STM32H7xx_HAL_Driver/Src/stm32h7xx_hal.o
                0x08000ad0                HAL_InitTick
 .text.HAL_Init
                0x08000b20       0x5c ./Drivers/STM32H7xx_HAL_Driver/Src/stm32h7xx_hal.o
                0x08000b20                HAL_Init
 .text.HAL_IncTick
                0x08000b7c       0x18 ./Drivers/STM32H7xx_HAL_Driver/Src/stm32h7xx_hal.o
                0x08000b7c                HAL_IncTick
 .text.HAL_GetTick
                0x08000b94        0xc ./Drivers/STM32H7xx_HAL_Driver/Src/stm32h7xx_hal.o
                0x08000b94                HAL_GetTick
 .text.HAL_Delay
                0x08000ba0       0x28 ./Drivers/STM32H7xx_HAL_Driver/Src/stm32h7xx_hal.o
                0x08000ba0                HAL_Delay
 .text.__NVIC_EnableIRQ
                0x08000bc8       0x1c ./Drivers/STM32H7xx_HAL_Driver/Src/stm32h7xx_hal_cortex.o
 .text.__NVIC_SetPriority
                0x08000be4       0x24 ./Drivers/STM32H7xx_HAL_Driver/Src/stm32h7xx_hal_cortex.o
 .text.NVIC_EncodePriority
                0x08000c08       0x3c ./Drivers/STM32H7xx_HAL_Driver/Src/stm32h7xx_hal_cortex.o
 .text.HAL_NVIC_SetPriorityGrouping
                0x08000c44       0x24 ./Drivers/STM32H7xx_HAL_Driver/Src/stm32h7xx_hal_cortex.o
                0x08000c44                HAL_NVIC_SetPriorityGrouping
 .text.HAL_NVIC_SetPriority
                0x08000c68       0x20 ./Drivers/STM32H7xx_HAL_Driver/Src/stm32h7xx_hal_cortex.o
                0x08000c68                HAL_NVIC_SetPriority
 .text.HAL_NVIC_EnableIRQ
                0x08000c88        0x8 ./Drivers/STM32H7xx_HAL_Driver/Src/stm32h7xx_hal_cortex.o
                0x08000c88                HAL_NVIC_EnableIRQ
 .text.HAL_SYSTICK_Config
                0x08000c90       0x28 ./Drivers/STM32H7xx_HAL_Driver/Src/stm32h7xx_hal_cortex.o
                0x08000c90                HAL_SYSTICK_Config
 .text.HAL_FLASH_Unlock
                0x08000cb8       0x34 ./Drivers/STM32H7xx_HAL_Driver/Src/stm32h7xx_hal_flash.o
                0x08000cb8                HAL_FLASH_Unlock
 .text.HAL_FLASH_Lock
                0x08000cec       0x20 ./Drivers/STM32H7xx_HAL_Driver/Src/stm32h7xx_hal_flash.o
                0x08000cec                HAL_FLASH_Lock
 .text.HAL_FLASH_GetError
                0x08000d0c        0xc ./Drivers/STM32H7xx_HAL_Driver/Src/stm32h7xx_hal_flash.o
                0x08000d0c                HAL_FLASH_GetError
 .text.FLASH_WaitForLastOperation
                0x08000d18       0x80 ./Drivers/STM32H7xx_HAL_Driver/Src/stm32h7xx_hal_flash.o
                0x08000d18                FLASH_WaitForLastOperation
 .text.HAL_FLASH_Program
                0x08000d98       0x88 ./Drivers/STM32H7xx_HAL_Driver/Src/stm32h7xx_hal_flash.o
                0x08000d98                HAL_FLASH_Program
 .text.FLASH_MassErase
                0x08000e20       0x24 ./Drivers/STM32H7xx_HAL_Driver/Src/stm32h7xx_hal_flash_ex.o
 .text.FLASH_Erase_Sector
                0x08000e44       0x24 ./Drivers/STM32H7xx_HAL_Driver/Src/stm32h7xx_hal_flash_ex.o
                0x08000e44                FLASH_Erase_Sector
 .text.HAL_FLASHEx_Erase
                0x08000e68       0xc8 ./Drivers/STM32H7xx_HAL_Driver/Src/stm32h7xx_hal_flash_ex.o
                0x08000e68                HAL_FLASHEx_Erase
 .text.HAL_GPIO_Init
                0x08000f30      0x220 ./Drivers/STM32H7xx_HAL_Driver/Src/stm32h7xx_hal_gpio.o
                0x08000f30                HAL_GPIO_Init
 .text.HAL_GPIO_WritePin
                0x08001150        0xc ./Drivers/STM32H7xx_HAL_Driver/Src/stm32h7xx_hal_gpio.o
                0x08001150                HAL_GPIO_WritePin
 .text.HAL_GPIO_TogglePin
                0x0800115c       0x12 ./Drivers/STM32H7xx_HAL_Driver/Src/stm32h7xx_hal_gpio.o
                0x0800115c                HAL_GPIO_TogglePin
 .text.HAL_IWDG_Init
                0x0800116e       0x6c ./Drivers/STM32H7xx_HAL_Driver/Src/stm32h7xx_hal_iwdg.o
                0x0800116e                HAL_IWDG_Init
 .text.HAL_IWDG_Refresh
                0x080011da        0xc ./Drivers/STM32H7xx_HAL_Driver/Src/stm32h7xx_hal_iwdg.o
                0x080011da                HAL_IWDG_Refresh
 *fill*         0x080011e6        0x2 
 .text.OSPIM_GetConfig
                0x080011e8       0xec ./Drivers/STM32H7xx_HAL_Driver/Src/stm32h7xx_hal_ospi.o
 .text.OSPI_WaitFlagStateUntilTimeout
                0x080012d4       0x56 ./Drivers/STM32H7xx_HAL_Driver/Src/stm32h7xx_hal_ospi.o
 .text.HAL_OSPI_SetTimeout
                0x0800132a        0x6 ./Drivers/STM32H7xx_HAL_Driver/Src/stm32h7xx_hal_ospi.o
                0x0800132a                HAL_OSPI_SetTimeout
 .text.HAL_OSPI_Init
                0x08001330      0x108 ./Drivers/STM32H7xx_HAL_Driver/Src/stm32h7xx_hal_ospi.o
                0x08001330                HAL_OSPI_Init
 .text.HAL_OSPIM_Config
                0x08001438      0x524 ./Drivers/STM32H7xx_HAL_Driver/Src/stm32h7xx_hal_ospi.o
                0x08001438                HAL_OSPIM_Config
 .text.PCD_WriteEmptyTxFifo
                0x0800195c       0xd0 ./Drivers/STM32H7xx_HAL_Driver/Src/stm32h7xx_hal_pcd.o
 .text.HAL_PCD_Init
                0x08001a2c      0x102 ./Drivers/STM32H7xx_HAL_Driver/Src/stm32h7xx_hal_pcd.o
                0x08001a2c                HAL_PCD_Init
 .text.HAL_PCD_Start
                0x08001b2e       0x44 ./Drivers/STM32H7xx_HAL_Driver/Src/stm32h7xx_hal_pcd.o
                0x08001b2e                HAL_PCD_Start
 *fill*         0x08001b72        0x2 
 .text.PCD_EP_OutXfrComplete_int
                0x08001b74      0x104 ./Drivers/STM32H7xx_HAL_Driver/Src/stm32h7xx_hal_pcd.o
 .text.PCD_EP_OutSetupPacket_int
                0x08001c78       0x50 ./Drivers/STM32H7xx_HAL_Driver/Src/stm32h7xx_hal_pcd.o
 .text.HAL_PCD_SetAddress
                0x08001cc8       0x26 ./Drivers/STM32H7xx_HAL_Driver/Src/stm32h7xx_hal_pcd.o
                0x08001cc8                HAL_PCD_SetAddress
 .text.HAL_PCD_EP_Open
                0x08001cee       0x8c ./Drivers/STM32H7xx_HAL_Driver/Src/stm32h7xx_hal_pcd.o
                0x08001cee                HAL_PCD_EP_Open
 .text.HAL_PCD_EP_Close
                0x08001d7a       0x70 ./Drivers/STM32H7xx_HAL_Driver/Src/stm32h7xx_hal_pcd.o
                0x08001d7a                HAL_PCD_EP_Close
 .text.HAL_PCD_EP_Receive
                0x08001dea       0x4a ./Drivers/STM32H7xx_HAL_Driver/Src/stm32h7xx_hal_pcd.o
                0x08001dea                HAL_PCD_EP_Receive
 .text.HAL_PCD_EP_GetRxCount
                0x08001e34       0x12 ./Drivers/STM32H7xx_HAL_Driver/Src/stm32h7xx_hal_pcd.o
                0x08001e34                HAL_PCD_EP_GetRxCount
 .text.HAL_PCD_EP_Transmit
                0x08001e46       0x4a ./Drivers/STM32H7xx_HAL_Driver/Src/stm32h7xx_hal_pcd.o
                0x08001e46                HAL_PCD_EP_Transmit
 .text.HAL_PCD_EP_SetStall
                0x08001e90       0x86 ./Drivers/STM32H7xx_HAL_Driver/Src/stm32h7xx_hal_pcd.o
                0x08001e90                HAL_PCD_EP_SetStall
 .text.HAL_PCD_EP_ClrStall
                0x08001f16       0x74 ./Drivers/STM32H7xx_HAL_Driver/Src/stm32h7xx_hal_pcd.o
                0x08001f16                HAL_PCD_EP_ClrStall
 .text.HAL_PCD_EP_Abort
                0x08001f8a       0x34 ./Drivers/STM32H7xx_HAL_Driver/Src/stm32h7xx_hal_pcd.o
                0x08001f8a                HAL_PCD_EP_Abort
 .text.HAL_PCD_IRQHandler
                0x08001fbe      0x614 ./Drivers/STM32H7xx_HAL_Driver/Src/stm32h7xx_hal_pcd.o
                0x08001fbe                HAL_PCD_IRQHandler
 .text.HAL_PCDEx_SetTxFiFo
                0x080025d2       0x4c ./Drivers/STM32H7xx_HAL_Driver/Src/stm32h7xx_hal_pcd_ex.o
                0x080025d2                HAL_PCDEx_SetTxFiFo
 .text.HAL_PCDEx_SetRxFiFo
                0x0800261e        0x8 ./Drivers/STM32H7xx_HAL_Driver/Src/stm32h7xx_hal_pcd_ex.o
                0x0800261e                HAL_PCDEx_SetRxFiFo
 *fill*         0x08002626        0x2 
 .text.HAL_PCDEx_ActivateLPM
                0x08002628       0x28 ./Drivers/STM32H7xx_HAL_Driver/Src/stm32h7xx_hal_pcd_ex.o
                0x08002628                HAL_PCDEx_ActivateLPM
 .text.HAL_PCDEx_LPM_Callback
                0x08002650        0x2 ./Drivers/STM32H7xx_HAL_Driver/Src/stm32h7xx_hal_pcd_ex.o
                0x08002650                HAL_PCDEx_LPM_Callback
 *fill*         0x08002652        0x2 
 .text.HAL_PWREx_ConfigSupply
                0x08002654       0x54 ./Drivers/STM32H7xx_HAL_Driver/Src/stm32h7xx_hal_pwr_ex.o
                0x08002654                HAL_PWREx_ConfigSupply
 .text.HAL_PWREx_EnableUSBVoltageDetector
                0x080026a8       0x10 ./Drivers/STM32H7xx_HAL_Driver/Src/stm32h7xx_hal_pwr_ex.o
                0x080026a8                HAL_PWREx_EnableUSBVoltageDetector
 .text.HAL_RCC_DeInit
                0x080026b8      0x1cc ./Drivers/STM32H7xx_HAL_Driver/Src/stm32h7xx_hal_rcc.o
                0x080026b8                HAL_RCC_DeInit
 .text.HAL_RCC_OscConfig
                0x08002884      0x5e4 ./Drivers/STM32H7xx_HAL_Driver/Src/stm32h7xx_hal_rcc.o
                0x08002884                HAL_RCC_OscConfig
 .text.HAL_RCC_GetSysClockFreq
                0x08002e68      0x1f8 ./Drivers/STM32H7xx_HAL_Driver/Src/stm32h7xx_hal_rcc.o
                0x08002e68                HAL_RCC_GetSysClockFreq
 .text.HAL_RCC_ClockConfig
                0x08003060      0x294 ./Drivers/STM32H7xx_HAL_Driver/Src/stm32h7xx_hal_rcc.o
                0x08003060                HAL_RCC_ClockConfig
 .text.HAL_RCC_GetHCLKFreq
                0x080032f4       0x44 ./Drivers/STM32H7xx_HAL_Driver/Src/stm32h7xx_hal_rcc.o
                0x080032f4                HAL_RCC_GetHCLKFreq
 .text.RCCEx_PLL2_Config
                0x08003338      0x108 ./Drivers/STM32H7xx_HAL_Driver/Src/stm32h7xx_hal_rcc_ex.o
 .text.RCCEx_PLL3_Config
                0x08003440      0x108 ./Drivers/STM32H7xx_HAL_Driver/Src/stm32h7xx_hal_rcc_ex.o
 .text.HAL_RCCEx_PeriphCLKConfig
                0x08003548      0xa38 ./Drivers/STM32H7xx_HAL_Driver/Src/stm32h7xx_hal_rcc_ex.o
                0x08003548                HAL_RCCEx_PeriphCLKConfig
 .text.TIM_TI1_ConfigInputStage
                0x08003f80       0x60 ./Drivers/STM32H7xx_HAL_Driver/Src/stm32h7xx_hal_tim.o
 .text.TIM_TI2_ConfigInputStage
                0x08003fe0       0x44 ./Drivers/STM32H7xx_HAL_Driver/Src/stm32h7xx_hal_tim.o
 .text.TIM_ITRx_SetConfig
                0x08004024       0x14 ./Drivers/STM32H7xx_HAL_Driver/Src/stm32h7xx_hal_tim.o
 .text.TIM_Base_SetConfig
                0x08004038      0x120 ./Drivers/STM32H7xx_HAL_Driver/Src/stm32h7xx_hal_tim.o
                0x08004038                TIM_Base_SetConfig
 .text.HAL_TIM_Base_Init
                0x08004158       0x60 ./Drivers/STM32H7xx_HAL_Driver/Src/stm32h7xx_hal_tim.o
                0x08004158                HAL_TIM_Base_Init
 .text.TIM_ETR_SetConfig
                0x080041b8       0x1a ./Drivers/STM32H7xx_HAL_Driver/Src/stm32h7xx_hal_tim.o
                0x080041b8                TIM_ETR_SetConfig
 *fill*         0x080041d2        0x2 
 .text.HAL_TIM_ConfigClockSource
                0x080041d4      0x138 ./Drivers/STM32H7xx_HAL_Driver/Src/stm32h7xx_hal_tim.o
                0x080041d4                HAL_TIM_ConfigClockSource
 .text.HAL_TIMEx_MasterConfigSynchronization
                0x0800430c       0xb0 ./Drivers/STM32H7xx_HAL_Driver/Src/stm32h7xx_hal_tim_ex.o
                0x0800430c                HAL_TIMEx_MasterConfigSynchronization
 .text.USB_CoreReset
                0x080043bc       0x58 ./Drivers/STM32H7xx_HAL_Driver/Src/stm32h7xx_ll_usb.o
 .text.USB_CoreInit
                0x08004414       0xac ./Drivers/STM32H7xx_HAL_Driver/Src/stm32h7xx_ll_usb.o
                0x08004414                USB_CoreInit
 .text.USB_SetTurnaroundTime
                0x080044c0       0xe4 ./Drivers/STM32H7xx_HAL_Driver/Src/stm32h7xx_ll_usb.o
                0x080044c0                USB_SetTurnaroundTime
 .text.USB_EnableGlobalInt
                0x080045a4        0xc ./Drivers/STM32H7xx_HAL_Driver/Src/stm32h7xx_ll_usb.o
                0x080045a4                USB_EnableGlobalInt
 .text.USB_DisableGlobalInt
                0x080045b0        0xc ./Drivers/STM32H7xx_HAL_Driver/Src/stm32h7xx_ll_usb.o
                0x080045b0                USB_DisableGlobalInt
 .text.USB_FlushTxFifo
                0x080045bc       0x4a ./Drivers/STM32H7xx_HAL_Driver/Src/stm32h7xx_ll_usb.o
                0x080045bc                USB_FlushTxFifo
 .text.USB_FlushRxFifo
                0x08004606       0x46 ./Drivers/STM32H7xx_HAL_Driver/Src/stm32h7xx_ll_usb.o
                0x08004606                USB_FlushRxFifo
 .text.USB_SetDevSpeed
                0x0800464c        0xe ./Drivers/STM32H7xx_HAL_Driver/Src/stm32h7xx_ll_usb.o
                0x0800464c                USB_SetDevSpeed
 *fill*         0x0800465a        0x2 
 .text.USB_DevInit
                0x0800465c      0x190 ./Drivers/STM32H7xx_HAL_Driver/Src/stm32h7xx_ll_usb.o
                0x0800465c                USB_DevInit
 .text.USB_GetDevSpeed
                0x080047ec       0x22 ./Drivers/STM32H7xx_HAL_Driver/Src/stm32h7xx_ll_usb.o
                0x080047ec                USB_GetDevSpeed
 *fill*         0x0800480e        0x2 
 .text.USB_ActivateEndpoint
                0x08004810       0x98 ./Drivers/STM32H7xx_HAL_Driver/Src/stm32h7xx_ll_usb.o
                0x08004810                USB_ActivateEndpoint
 .text.USB_DeactivateEndpoint
                0x080048a8       0xe0 ./Drivers/STM32H7xx_HAL_Driver/Src/stm32h7xx_ll_usb.o
                0x080048a8                USB_DeactivateEndpoint
 .text.USB_EPStopXfer
                0x08004988      0x13a ./Drivers/STM32H7xx_HAL_Driver/Src/stm32h7xx_ll_usb.o
                0x08004988                USB_EPStopXfer
 .text.USB_EPSetStall
                0x08004ac2       0x5a ./Drivers/STM32H7xx_HAL_Driver/Src/stm32h7xx_ll_usb.o
                0x08004ac2                USB_EPSetStall
 .text.USB_EPClearStall
                0x08004b1c       0x5c ./Drivers/STM32H7xx_HAL_Driver/Src/stm32h7xx_ll_usb.o
                0x08004b1c                USB_EPClearStall
 .text.USB_WritePacket
                0x08004b78       0x2e ./Drivers/STM32H7xx_HAL_Driver/Src/stm32h7xx_ll_usb.o
                0x08004b78                USB_WritePacket
 *fill*         0x08004ba6        0x2 
 .text.USB_EPStartXfer
                0x08004ba8      0x244 ./Drivers/STM32H7xx_HAL_Driver/Src/stm32h7xx_ll_usb.o
                0x08004ba8                USB_EPStartXfer
 .text.USB_ReadPacket
                0x08004dec       0x46 ./Drivers/STM32H7xx_HAL_Driver/Src/stm32h7xx_ll_usb.o
                0x08004dec                USB_ReadPacket
 .text.USB_SetDevAddress
                0x08004e32       0x20 ./Drivers/STM32H7xx_HAL_Driver/Src/stm32h7xx_ll_usb.o
                0x08004e32                USB_SetDevAddress
 .text.USB_DevConnect
                0x08004e52       0x1c ./Drivers/STM32H7xx_HAL_Driver/Src/stm32h7xx_ll_usb.o
                0x08004e52                USB_DevConnect
 .text.USB_DevDisconnect
                0x08004e6e       0x1c ./Drivers/STM32H7xx_HAL_Driver/Src/stm32h7xx_ll_usb.o
                0x08004e6e                USB_DevDisconnect
 .text.USB_ReadInterrupts
                0x08004e8a        0x8 ./Drivers/STM32H7xx_HAL_Driver/Src/stm32h7xx_ll_usb.o
                0x08004e8a                USB_ReadInterrupts
 .text.USB_ReadDevAllOutEpInterrupt
                0x08004e92       0x10 ./Drivers/STM32H7xx_HAL_Driver/Src/stm32h7xx_ll_usb.o
                0x08004e92                USB_ReadDevAllOutEpInterrupt
 .text.USB_ReadDevAllInEpInterrupt
                0x08004ea2       0x10 ./Drivers/STM32H7xx_HAL_Driver/Src/stm32h7xx_ll_usb.o
                0x08004ea2                USB_ReadDevAllInEpInterrupt
 .text.USB_ReadDevOutEPInterrupt
                0x08004eb2       0x12 ./Drivers/STM32H7xx_HAL_Driver/Src/stm32h7xx_ll_usb.o
                0x08004eb2                USB_ReadDevOutEPInterrupt
 .text.USB_ReadDevInEPInterrupt
                0x08004ec4       0x24 ./Drivers/STM32H7xx_HAL_Driver/Src/stm32h7xx_ll_usb.o
                0x08004ec4                USB_ReadDevInEPInterrupt
 .text.USB_GetMode
                0x08004ee8        0x8 ./Drivers/STM32H7xx_HAL_Driver/Src/stm32h7xx_ll_usb.o
                0x08004ee8                USB_GetMode
 .text.USB_SetCurrentMode
                0x08004ef0       0x62 ./Drivers/STM32H7xx_HAL_Driver/Src/stm32h7xx_ll_usb.o
                0x08004ef0                USB_SetCurrentMode
 .text.USB_ActivateSetup
                0x08004f52       0x1c ./Drivers/STM32H7xx_HAL_Driver/Src/stm32h7xx_ll_usb.o
                0x08004f52                USB_ActivateSetup
 *fill*         0x08004f6e        0x2 
 .text.USB_EP0_OutStart
                0x08004f70       0x60 ./Drivers/STM32H7xx_HAL_Driver/Src/stm32h7xx_ll_usb.o
                0x08004f70                USB_EP0_OutStart
 .text.USBD_CDC_EP0_RxReady
                0x08004fd0       0x40 ./Middlewares/ST/STM32_USB_Device_Library/Class/CDC/Src/usbd_cdc.o
 .text.USBD_CDC_GetDeviceQualifierDescriptor
                0x08005010        0xc ./Middlewares/ST/STM32_USB_Device_Library/Class/CDC/Src/usbd_cdc.o
                0x08005010                USBD_CDC_GetDeviceQualifierDescriptor
 .text.USBD_CDC_GetOtherSpeedCfgDesc
                0x0800501c       0x48 ./Middlewares/ST/STM32_USB_Device_Library/Class/CDC/Src/usbd_cdc.o
 .text.USBD_CDC_GetFSCfgDesc
                0x08005064       0x48 ./Middlewares/ST/STM32_USB_Device_Library/Class/CDC/Src/usbd_cdc.o
 .text.USBD_CDC_GetHSCfgDesc
                0x080050ac       0x48 ./Middlewares/ST/STM32_USB_Device_Library/Class/CDC/Src/usbd_cdc.o
 .text.USBD_CDC_DataOut
                0x080050f4       0x38 ./Middlewares/ST/STM32_USB_Device_Library/Class/CDC/Src/usbd_cdc.o
 .text.USBD_CDC_DataIn
                0x0800512c       0x7c ./Middlewares/ST/STM32_USB_Device_Library/Class/CDC/Src/usbd_cdc.o
 .text.USBD_CDC_Setup
                0x080051a8      0x114 ./Middlewares/ST/STM32_USB_Device_Library/Class/CDC/Src/usbd_cdc.o
 .text.USBD_CDC_DeInit
                0x080052bc       0x64 ./Middlewares/ST/STM32_USB_Device_Library/Class/CDC/Src/usbd_cdc.o
 .text.USBD_CDC_Init
                0x08005320       0xee ./Middlewares/ST/STM32_USB_Device_Library/Class/CDC/Src/usbd_cdc.o
 .text.USBD_CDC_RegisterInterface
                0x0800540e       0x16 ./Middlewares/ST/STM32_USB_Device_Library/Class/CDC/Src/usbd_cdc.o
                0x0800540e                USBD_CDC_RegisterInterface
 .text.USBD_CDC_SetTxBuffer
                0x08005424       0x1c ./Middlewares/ST/STM32_USB_Device_Library/Class/CDC/Src/usbd_cdc.o
                0x08005424                USBD_CDC_SetTxBuffer
 .text.USBD_CDC_SetRxBuffer
                0x08005440       0x18 ./Middlewares/ST/STM32_USB_Device_Library/Class/CDC/Src/usbd_cdc.o
                0x08005440                USBD_CDC_SetRxBuffer
 .text.USBD_CDC_TransmitPacket
                0x08005458       0x36 ./Middlewares/ST/STM32_USB_Device_Library/Class/CDC/Src/usbd_cdc.o
                0x08005458                USBD_CDC_TransmitPacket
 .text.USBD_CDC_ReceivePacket
                0x0800548e       0x38 ./Middlewares/ST/STM32_USB_Device_Library/Class/CDC/Src/usbd_cdc.o
                0x0800548e                USBD_CDC_ReceivePacket
 .text.USBD_Init
                0x080054c6       0x2e ./Middlewares/ST/STM32_USB_Device_Library/Core/Src/usbd_core.o
                0x080054c6                USBD_Init
 .text.USBD_RegisterClass
                0x080054f4       0x40 ./Middlewares/ST/STM32_USB_Device_Library/Core/Src/usbd_core.o
                0x080054f4                USBD_RegisterClass
 .text.USBD_Start
                0x08005534        0x8 ./Middlewares/ST/STM32_USB_Device_Library/Core/Src/usbd_core.o
                0x08005534                USBD_Start
 .text.USBD_SetClassConfig
                0x0800553c       0x12 ./Middlewares/ST/STM32_USB_Device_Library/Core/Src/usbd_core.o
                0x0800553c                USBD_SetClassConfig
 .text.USBD_ClrClassConfig
                0x0800554e       0x12 ./Middlewares/ST/STM32_USB_Device_Library/Core/Src/usbd_core.o
                0x0800554e                USBD_ClrClassConfig
 .text.USBD_LL_SetupStage
                0x08005560       0x58 ./Middlewares/ST/STM32_USB_Device_Library/Core/Src/usbd_core.o
                0x08005560                USBD_LL_SetupStage
 .text.USBD_LL_Reset
                0x080055b8       0x66 ./Middlewares/ST/STM32_USB_Device_Library/Core/Src/usbd_core.o
                0x080055b8                USBD_LL_Reset
 .text.USBD_LL_SetSpeed
                0x0800561e        0x6 ./Middlewares/ST/STM32_USB_Device_Library/Core/Src/usbd_core.o
                0x0800561e                USBD_LL_SetSpeed
 .text.USBD_LL_Suspend
                0x08005624       0x1c ./Middlewares/ST/STM32_USB_Device_Library/Core/Src/usbd_core.o
                0x08005624                USBD_LL_Suspend
 .text.USBD_LL_Resume
                0x08005640       0x18 ./Middlewares/ST/STM32_USB_Device_Library/Core/Src/usbd_core.o
                0x08005640                USBD_LL_Resume
 .text.USBD_LL_SOF
                0x08005658       0x20 ./Middlewares/ST/STM32_USB_Device_Library/Core/Src/usbd_core.o
                0x08005658                USBD_LL_SOF
 .text.USBD_LL_IsoINIncomplete
                0x08005678       0x2c ./Middlewares/ST/STM32_USB_Device_Library/Core/Src/usbd_core.o
                0x08005678                USBD_LL_IsoINIncomplete
 .text.USBD_LL_IsoOUTIncomplete
                0x080056a4       0x2c ./Middlewares/ST/STM32_USB_Device_Library/Core/Src/usbd_core.o
                0x080056a4                USBD_LL_IsoOUTIncomplete
 .text.USBD_LL_DevConnected
                0x080056d0        0x4 ./Middlewares/ST/STM32_USB_Device_Library/Core/Src/usbd_core.o
                0x080056d0                USBD_LL_DevConnected
 .text.USBD_LL_DevDisconnected
                0x080056d4       0x20 ./Middlewares/ST/STM32_USB_Device_Library/Core/Src/usbd_core.o
                0x080056d4                USBD_LL_DevDisconnected
 .text.USBD_CoreFindIF
                0x080056f4        0x4 ./Middlewares/ST/STM32_USB_Device_Library/Core/Src/usbd_core.o
                0x080056f4                USBD_CoreFindIF
 .text.USBD_CoreFindEP
                0x080056f8        0x4 ./Middlewares/ST/STM32_USB_Device_Library/Core/Src/usbd_core.o
                0x080056f8                USBD_CoreFindEP
 .text.USBD_LL_DataOutStage
                0x080056fc       0xc6 ./Middlewares/ST/STM32_USB_Device_Library/Core/Src/usbd_core.o
                0x080056fc                USBD_LL_DataOutStage
 .text.USBD_LL_DataInStage
                0x080057c2       0xd4 ./Middlewares/ST/STM32_USB_Device_Library/Core/Src/usbd_core.o
                0x080057c2                USBD_LL_DataInStage
 .text.USBD_GetNextDesc
                0x08005896        0xe ./Middlewares/ST/STM32_USB_Device_Library/Core/Src/usbd_core.o
                0x08005896                USBD_GetNextDesc
 .text.USBD_GetEpDesc
                0x080058a4       0x3e ./Middlewares/ST/STM32_USB_Device_Library/Core/Src/usbd_core.o
                0x080058a4                USBD_GetEpDesc
 .text.USBD_GetLen
                0x080058e2       0x14 ./Middlewares/ST/STM32_USB_Device_Library/Core/Src/usbd_ctlreq.o
 .text.USBD_ParseSetupRequest
                0x080058f6       0x28 ./Middlewares/ST/STM32_USB_Device_Library/Core/Src/usbd_ctlreq.o
                0x080058f6                USBD_ParseSetupRequest
 .text.USBD_CtlError
                0x0800591e       0x14 ./Middlewares/ST/STM32_USB_Device_Library/Core/Src/usbd_ctlreq.o
                0x0800591e                USBD_CtlError
 .text.USBD_GetDescriptor
                0x08005932      0x1ac ./Middlewares/ST/STM32_USB_Device_Library/Core/Src/usbd_ctlreq.o
 .text.USBD_SetAddress
                0x08005ade       0x4e ./Middlewares/ST/STM32_USB_Device_Library/Core/Src/usbd_ctlreq.o
 .text.USBD_SetConfig
                0x08005b2c       0xcc ./Middlewares/ST/STM32_USB_Device_Library/Core/Src/usbd_ctlreq.o
 .text.USBD_GetConfig
                0x08005bf8       0x40 ./Middlewares/ST/STM32_USB_Device_Library/Core/Src/usbd_ctlreq.o
 .text.USBD_GetStatus
                0x08005c38       0x38 ./Middlewares/ST/STM32_USB_Device_Library/Core/Src/usbd_ctlreq.o
 .text.USBD_SetFeature
                0x08005c70       0x2a ./Middlewares/ST/STM32_USB_Device_Library/Core/Src/usbd_ctlreq.o
 .text.USBD_ClrFeature
                0x08005c9a       0x26 ./Middlewares/ST/STM32_USB_Device_Library/Core/Src/usbd_ctlreq.o
 .text.USBD_StdDevReq
                0x08005cc0       0x76 ./Middlewares/ST/STM32_USB_Device_Library/Core/Src/usbd_ctlreq.o
                0x08005cc0                USBD_StdDevReq
 .text.USBD_StdItfReq
                0x08005d36       0x84 ./Middlewares/ST/STM32_USB_Device_Library/Core/Src/usbd_ctlreq.o
                0x08005d36                USBD_StdItfReq
 .text.USBD_StdEPReq
                0x08005dba      0x23c ./Middlewares/ST/STM32_USB_Device_Library/Core/Src/usbd_ctlreq.o
                0x08005dba                USBD_StdEPReq
 .text.USBD_GetString
                0x08005ff6       0x46 ./Middlewares/ST/STM32_USB_Device_Library/Core/Src/usbd_ctlreq.o
                0x08005ff6                USBD_GetString
 .text.USBD_CtlSendData
                0x0800603c       0x1c ./Middlewares/ST/STM32_USB_Device_Library/Core/Src/usbd_ioreq.o
                0x0800603c                USBD_CtlSendData
 .text.USBD_CtlContinueSendData
                0x08006058       0x10 ./Middlewares/ST/STM32_USB_Device_Library/Core/Src/usbd_ioreq.o
                0x08006058                USBD_CtlContinueSendData
 .text.USBD_CtlPrepareRx
                0x08006068       0x22 ./Middlewares/ST/STM32_USB_Device_Library/Core/Src/usbd_ioreq.o
                0x08006068                USBD_CtlPrepareRx
 .text.USBD_CtlContinueRx
                0x0800608a       0x10 ./Middlewares/ST/STM32_USB_Device_Library/Core/Src/usbd_ioreq.o
                0x0800608a                USBD_CtlContinueRx
 .text.USBD_CtlSendStatus
                0x0800609a       0x16 ./Middlewares/ST/STM32_USB_Device_Library/Core/Src/usbd_ioreq.o
                0x0800609a                USBD_CtlSendStatus
 .text.USBD_CtlReceiveStatus
                0x080060b0       0x16 ./Middlewares/ST/STM32_USB_Device_Library/Core/Src/usbd_ioreq.o
                0x080060b0                USBD_CtlReceiveStatus
 *fill*         0x080060c6        0x2 
 .text.MX_USB_DEVICE_Init
                0x080060c8       0x58 ./USB_DEVICE/App/usb_device.o
                0x080060c8                MX_USB_DEVICE_Init
 .text.sabu_u32
                0x08006120       0x16 ./USB_DEVICE/App/usbd_cdc_if.o
 .text.sabu_put_u32
                0x08006136       0x14 ./USB_DEVICE/App/usbd_cdc_if.o
 *fill*         0x0800614a        0x2 
 .text.sabu_crc32
                0x0800614c       0x54 ./USB_DEVICE/App/usbd_cdc_if.o
 .text.sabu_reply
                0x080061a0       0x50 ./USB_DEVICE/App/usbd_cdc_if.o
 .text.CDC_DeInit_HS
                0x080061f0        0x4 ./USB_DEVICE/App/usbd_cdc_if.o
 .text.CDC_Control_HS
                0x080061f4        0x4 ./USB_DEVICE/App/usbd_cdc_if.o
 .text.CDC_TransmitCplt_HS
                0x080061f8        0x4 ./USB_DEVICE/App/usbd_cdc_if.o
 .text.CDC_Receive_HS
                0x080061fc       0x6c ./USB_DEVICE/App/usbd_cdc_if.o
 .text.CDC_Init_HS
                0x08006268       0x28 ./USB_DEVICE/App/usbd_cdc_if.o
 .text.sabu_erase_application_sector
                0x08006290       0x60 ./USB_DEVICE/App/usbd_cdc_if.o
 .text.sabu_write_application
                0x080062f0       0x9c ./USB_DEVICE/App/usbd_cdc_if.o
 .text.CDC_Transmit_HS
                0x0800638c       0x2c ./USB_DEVICE/App/usbd_cdc_if.o
                0x0800638c                CDC_Transmit_HS
 .text.FW_Update_Process
                0x080063b8      0x168 ./USB_DEVICE/App/usbd_cdc_if.o
                0x080063b8                FW_Update_Process
 .text.FW_Update_ResetRequested
                0x08006520        0xc ./USB_DEVICE/App/usbd_cdc_if.o
                0x08006520                FW_Update_ResetRequested
 .text.USBD_HS_DeviceDescriptor
                0x0800652c        0xc ./USB_DEVICE/App/usbd_desc.o
                0x0800652c                USBD_HS_DeviceDescriptor
 .text.USBD_HS_LangIDStrDescriptor
                0x08006538        0xc ./USB_DEVICE/App/usbd_desc.o
                0x08006538                USBD_HS_LangIDStrDescriptor
 .text.IntToUnicode
                0x08006544       0x44 ./USB_DEVICE/App/usbd_desc.o
 .text.Get_SerialNum
                0x08006588       0x38 ./USB_DEVICE/App/usbd_desc.o
 .text.USBD_HS_SerialStrDescriptor
                0x080065c0       0x14 ./USB_DEVICE/App/usbd_desc.o
                0x080065c0                USBD_HS_SerialStrDescriptor
 .text.USBD_HS_ProductStrDescriptor
                0x080065d4       0x24 ./USB_DEVICE/App/usbd_desc.o
                0x080065d4                USBD_HS_ProductStrDescriptor
 .text.USBD_HS_ManufacturerStrDescriptor
                0x080065f8       0x1c ./USB_DEVICE/App/usbd_desc.o
                0x080065f8                USBD_HS_ManufacturerStrDescriptor
 .text.USBD_HS_ConfigStrDescriptor
                0x08006614       0x24 ./USB_DEVICE/App/usbd_desc.o
                0x08006614                USBD_HS_ConfigStrDescriptor
 .text.USBD_HS_InterfaceStrDescriptor
                0x08006638       0x24 ./USB_DEVICE/App/usbd_desc.o
                0x08006638                USBD_HS_InterfaceStrDescriptor
 .text.HAL_PCD_MspInit
                0x0800665c       0x74 ./USB_DEVICE/Target/usbd_conf.o
                0x0800665c                HAL_PCD_MspInit
 .text.HAL_PCD_SetupStageCallback
                0x080066d0       0x10 ./USB_DEVICE/Target/usbd_conf.o
                0x080066d0                HAL_PCD_SetupStageCallback
 .text.HAL_PCD_DataOutStageCallback
                0x080066e0       0x18 ./USB_DEVICE/Target/usbd_conf.o
                0x080066e0                HAL_PCD_DataOutStageCallback
 .text.HAL_PCD_DataInStageCallback
                0x080066f8       0x16 ./USB_DEVICE/Target/usbd_conf.o
                0x080066f8                HAL_PCD_DataInStageCallback
 .text.HAL_PCD_SOFCallback
                0x0800670e        0xc ./USB_DEVICE/Target/usbd_conf.o
                0x0800670e                HAL_PCD_SOFCallback
 .text.HAL_PCD_ResetCallback
                0x0800671a       0x28 ./USB_DEVICE/Target/usbd_conf.o
                0x0800671a                HAL_PCD_ResetCallback
 *fill*         0x08006742        0x2 
 .text.HAL_PCD_SuspendCallback
                0x08006744       0x30 ./USB_DEVICE/Target/usbd_conf.o
                0x08006744                HAL_PCD_SuspendCallback
 .text.HAL_PCD_ResumeCallback
                0x08006774        0xc ./USB_DEVICE/Target/usbd_conf.o
                0x08006774                HAL_PCD_ResumeCallback
 .text.HAL_PCD_ISOOUTIncompleteCallback
                0x08006780        0xc ./USB_DEVICE/Target/usbd_conf.o
                0x08006780                HAL_PCD_ISOOUTIncompleteCallback
 .text.HAL_PCD_ISOINIncompleteCallback
                0x0800678c        0xc ./USB_DEVICE/Target/usbd_conf.o
                0x0800678c                HAL_PCD_ISOINIncompleteCallback
 .text.HAL_PCD_ConnectCallback
                0x08006798        0xc ./USB_DEVICE/Target/usbd_conf.o
                0x08006798                HAL_PCD_ConnectCallback
 .text.HAL_PCD_DisconnectCallback
                0x080067a4        0xc ./USB_DEVICE/Target/usbd_conf.o
                0x080067a4                HAL_PCD_DisconnectCallback
 .text.USBD_LL_Init
                0x080067b0       0x70 ./USB_DEVICE/Target/usbd_conf.o
                0x080067b0                USBD_LL_Init
 .text.USBD_LL_IsStallEP
                0x08006820       0x2c ./USB_DEVICE/Target/usbd_conf.o
                0x08006820                USBD_LL_IsStallEP
 .text.USBD_LL_GetRxDataSize
                0x0800684c        0xc ./USB_DEVICE/Target/usbd_conf.o
                0x0800684c                USBD_LL_GetRxDataSize
 .text.USBD_static_malloc
                0x08006858        0x8 ./USB_DEVICE/Target/usbd_conf.o
                0x08006858                USBD_static_malloc
 .text.USBD_static_free
                0x08006860        0x2 ./USB_DEVICE/Target/usbd_conf.o
                0x08006860                USBD_static_free
 .text.USBD_Get_USB_Status
                0x08006862       0x14 ./USB_DEVICE/Target/usbd_conf.o
                0x08006862                USBD_Get_USB_Status
 .text.USBD_LL_Start
                0x08006876       0x10 ./USB_DEVICE/Target/usbd_conf.o
                0x08006876                USBD_LL_Start
 .text.USBD_LL_OpenEP
                0x08006886       0x16 ./USB_DEVICE/Target/usbd_conf.o
                0x08006886                USBD_LL_OpenEP
 .text.USBD_LL_CloseEP
                0x0800689c       0x10 ./USB_DEVICE/Target/usbd_conf.o
                0x0800689c                USBD_LL_CloseEP
 .text.USBD_LL_StallEP
                0x080068ac       0x10 ./USB_DEVICE/Target/usbd_conf.o
                0x080068ac                USBD_LL_StallEP
 .text.USBD_LL_ClearStallEP
                0x080068bc       0x10 ./USB_DEVICE/Target/usbd_conf.o
                0x080068bc                USBD_LL_ClearStallEP
 .text.USBD_LL_SetUSBAddress
                0x080068cc       0x10 ./USB_DEVICE/Target/usbd_conf.o
                0x080068cc                USBD_LL_SetUSBAddress
 .text.USBD_LL_Transmit
                0x080068dc       0x10 ./USB_DEVICE/Target/usbd_conf.o
                0x080068dc                USBD_LL_Transmit
 .text.USBD_LL_PrepareReceive
                0x080068ec       0x10 ./USB_DEVICE/Target/usbd_conf.o
                0x080068ec                USBD_LL_PrepareReceive
 .text.memset   0x080068fc       0x10 C:/ST/STM32CubeIDE_2.1.0/STM32CubeIDE/plugins/com.st.stm32cube.ide.mcu.externaltools.gnu-tools-for-stm32.14.3.rel1.win32_1.0.100.202602081740/tools/bin/../lib/gcc/arm-none-eabi/14.3.1/../../../../arm-none-eabi/lib/thumb/v7e-m+dp/hard\libc_nano.a(libc_a-memset.o)
                0x080068fc                memset
 .text.__libc_init_array
                0x0800690c       0x48 C:/ST/STM32CubeIDE_2.1.0/STM32CubeIDE/plugins/com.st.stm32cube.ide.mcu.externaltools.gnu-tools-for-stm32.14.3.rel1.win32_1.0.100.202602081740/tools/bin/../lib/gcc/arm-none-eabi/14.3.1/../../../../arm-none-eabi/lib/thumb/v7e-m+dp/hard\libc_nano.a(libc_a-init.o)
                0x0800690c                __libc_init_array
 *(.glue_7*)
 .glue_7        0x08006954        0x0 linker stubs
 .glue_7t       0x08006954        0x0 linker stubs
 *(.glue_7t*)
 *(.eh_frame)
 *(.init)
 .init          0x08006954        0x4 C:/ST/STM32CubeIDE_2.1.0/STM32CubeIDE/plugins/com.st.stm32cube.ide.mcu.externaltools.gnu-tools-for-stm32.14.3.rel1.win32_1.0.100.202602081740/tools/bin/../lib/gcc/arm-none-eabi/14.3.1/thumb/v7e-m+dp/hard/crti.o
                0x08006954                _init
 .init          0x08006958        0x8 C:/ST/STM32CubeIDE_2.1.0/STM32CubeIDE/plugins/com.st.stm32cube.ide.mcu.externaltools.gnu-tools-for-stm32.14.3.rel1.win32_1.0.100.202602081740/tools/bin/../lib/gcc/arm-none-eabi/14.3.1/thumb/v7e-m+dp/hard/crtn.o
 *(.fini)
 .fini          0x08006960        0x4 C:/ST/STM32CubeIDE_2.1.0/STM32CubeIDE/plugins/com.st.stm32cube.ide.mcu.externaltools.gnu-tools-for-stm32.14.3.rel1.win32_1.0.100.202602081740/tools/bin/../lib/gcc/arm-none-eabi/14.3.1/thumb/v7e-m+dp/hard/crti.o
                0x08006960                _fini
 .fini          0x08006964        0x8 C:/ST/STM32CubeIDE_2.1.0/STM32CubeIDE/plugins/com.st.stm32cube.ide.mcu.externaltools.gnu-tools-for-stm32.14.3.rel1.win32_1.0.100.202602081740/tools/bin/../lib/gcc/arm-none-eabi/14.3.1/thumb/v7e-m+dp/hard/crtn.o
                0x0800696c                        . = ALIGN (0x4)
                0x0800696c                        _etext = .

.vfp11_veneer   0x0800696c        0x0
 .vfp11_veneer  0x0800696c        0x0 linker stubs

.v4_bx          0x0800696c        0x0
 .v4_bx         0x0800696c        0x0 linker stubs

.iplt           0x0800696c        0x0
 .iplt          0x0800696c        0x0 ./Core/Src/gpio.o

.rodata         0x0800696c       0x50
                0x0800696c                        . = ALIGN (0x4)
 *(.rodata*)
 .rodata.D1CorePrescTable
                0x0800696c       0x10 ./Core/Src/system_stm32h7xx.o
                0x0800696c                D1CorePrescTable
 .rodata.USBD_HS_ProductStrDescriptor.str1.4
                0x0800697c       0x3e ./USB_DEVICE/App/usbd_desc.o
                                 0x15 (size before relaxing)
 .rodata.USBD_HS_ManufacturerStrDescriptor.str1.4
                0x080069ba        0xc ./USB_DEVICE/App/usbd_desc.o
 .rodata.USBD_HS_ConfigStrDescriptor.str1.4
                0x080069ba        0xb ./USB_DEVICE/App/usbd_desc.o
 .rodata.USBD_HS_InterfaceStrDescriptor.str1.4
                0x080069ba        0xe ./USB_DEVICE/App/usbd_desc.o
                0x080069c8                        . = ALIGN (0x4)
 *fill*         0x080069ba        0x2 

.rel.dyn        0x080069bc        0x0
 .rel.iplt      0x080069bc        0x0 ./Core/Src/gpio.o

.ARM.extab
 *(.ARM.extab*)

.ARM            0x080069bc        0x0
                0x080069bc                        __exidx_start = .
 *(.ARM.exidx*)
                0x080069bc                        __exidx_end = .
                0x080069bc                        _sidata = LOADADDR (.data)

.data           0x24000000      0x100 load address 0x080069bc
                0x24000000                        . = ALIGN (0x4)
                0x24000000                        _sdata = .
 *(.data*)
 .data.SystemD2Clock
                0x24000000        0x4 ./Core/Src/system_stm32h7xx.o
                0x24000000                SystemD2Clock
 .data.SystemCoreClock
                0x24000004        0x4 ./Core/Src/system_stm32h7xx.o
                0x24000004                SystemCoreClock
 .data.uwTickFreq
                0x24000008        0x1 ./Drivers/STM32H7xx_HAL_Driver/Src/stm32h7xx_hal.o
                0x24000008                uwTickFreq
 *fill*         0x24000009        0x3 
 .data.uwTickPrio
                0x2400000c        0x4 ./Drivers/STM32H7xx_HAL_Driver/Src/stm32h7xx_hal.o
                0x2400000c                uwTickPrio
 .data.USBD_CDC_CfgDesc
                0x24000010       0x43 ./Middlewares/ST/STM32_USB_Device_Library/Class/CDC/Src/usbd_cdc.o
 *fill*         0x24000053        0x1 
 .data.USBD_CDC
                0x24000054       0x38 ./Middlewares/ST/STM32_USB_Device_Library/Class/CDC/Src/usbd_cdc.o
                0x24000054                USBD_CDC
 .data.USBD_CDC_DeviceQualifierDesc
                0x2400008c        0xa ./Middlewares/ST/STM32_USB_Device_Library/Class/CDC/Src/usbd_cdc.o
 *fill*         0x24000096        0x2 
 .data.USBD_Interface_fops_HS
                0x24000098       0x14 ./USB_DEVICE/App/usbd_cdc_if.o
                0x24000098                USBD_Interface_fops_HS
 .data.USBD_StringSerial
                0x240000ac       0x1a ./USB_DEVICE/App/usbd_desc.o
                0x240000ac                USBD_StringSerial
 *fill*         0x240000c6        0x2 
 .data.USBD_LangIDDesc
                0x240000c8        0x4 ./USB_DEVICE/App/usbd_desc.o
                0x240000c8                USBD_LangIDDesc
 .data.USBD_HS_DeviceDesc
                0x240000cc       0x12 ./USB_DEVICE/App/usbd_desc.o
                0x240000cc                USBD_HS_DeviceDesc
 *fill*         0x240000de        0x2 
 .data.HS_Desc  0x240000e0       0x20 ./USB_DEVICE/App/usbd_desc.o
                0x240000e0                HS_Desc
 *(.RamFunc*)
                0x24000100                        . = ALIGN (0x4)
                0x24000100                        _edata = .

.igot.plt       0x24000100        0x0 load address 0x08006abc
 .igot.plt      0x24000100        0x0 ./Core/Src/gpio.o

.bss            0x24000100     0x2efc load address 0x08006abc
                0x24000100                        _sbss = .
 *(.bss*)
 .bss.hiwdg1    0x24000100       0x10 ./Core/Src/iwdg.o
                0x24000100                hiwdg1
 .bss.hospi1    0x24000110       0x5c ./Core/Src/octospi.o
                0x24000110                hospi1
 .bss.htim2     0x2400016c       0x4c ./Core/Src/tim.o
                0x2400016c                htim2
 .bss.uwTick    0x240001b8        0x4 ./Drivers/STM32H7xx_HAL_Driver/Src/stm32h7xx_hal.o
                0x240001b8                uwTick
 .bss.pFlash    0x240001bc       0x1c ./Drivers/STM32H7xx_HAL_Driver/Src/stm32h7xx_hal_flash.o
                0x240001bc                pFlash
 .bss.cfgidx.0  0x240001d8        0x1 ./Middlewares/ST/STM32_USB_Device_Library/Core/Src/usbd_ctlreq.o
 *fill*         0x240001d9        0x3 
 .bss.hUsbDeviceHS
                0x240001dc      0x2dc ./USB_DEVICE/App/usb_device.o
                0x240001dc                hUsbDeviceHS
 .bss.sabu_reset_requested
                0x240004b8        0x1 ./USB_DEVICE/App/usbd_cdc_if.o
 .bss.sabu_response_pending
                0x240004b9        0x1 ./USB_DEVICE/App/usbd_cdc_if.o
 *fill*         0x240004ba        0x2 
 .bss.sabu_response
                0x240004bc       0x10 ./USB_DEVICE/App/usbd_cdc_if.o
 .bss.sabu_frame_expected
                0x240004cc        0x2 ./USB_DEVICE/App/usbd_cdc_if.o
 .bss.sabu_frame_used
                0x240004ce        0x2 ./USB_DEVICE/App/usbd_cdc_if.o
 *fill*         0x240004d0       0x10 
 .bss.sabu_frame
                0x240004e0      0x214 ./USB_DEVICE/App/usbd_cdc_if.o
 .bss.sabu_tail
                0x240006f4        0x2 ./USB_DEVICE/App/usbd_cdc_if.o
 .bss.sabu_head
                0x240006f6        0x2 ./USB_DEVICE/App/usbd_cdc_if.o
 .bss.sabu_ring
                0x240006f8     0x1000 ./USB_DEVICE/App/usbd_cdc_if.o
 .bss.UserTxBufferHS
                0x240016f8      0x800 ./USB_DEVICE/App/usbd_cdc_if.o
                0x240016f8                UserTxBufferHS
 .bss.UserRxBufferHS
                0x24001ef8      0x800 ./USB_DEVICE/App/usbd_cdc_if.o
                0x24001ef8                UserRxBufferHS
 .bss.USBD_StrDesc
                0x240026f8      0x200 ./USB_DEVICE/App/usbd_desc.o
                0x240026f8                USBD_StrDesc
 .bss.mem.0     0x240028f8      0x220 ./USB_DEVICE/Target/usbd_conf.o
 .bss.hpcd_USB_OTG_HS
                0x24002b18      0x4e4 ./USB_DEVICE/Target/usbd_conf.o
                0x24002b18                hpcd_USB_OTG_HS
 *(COMMON)
                0x24002ffc                        . = ALIGN (0x4)
                0x24002ffc                        _ebss = .

._user_heap_stack
                0x24002ffc     0x6004 load address 0x08006abc
                0x24003000                        . = ALIGN (0x8)
 *fill*         0x24002ffc        0x4 
                0x24005000                        . = (. + _Min_Heap_Size)
 *fill*         0x24003000     0x2000 
                0x24009000                        . = (. + _Min_Stack_Size)
 *fill*         0x24005000     0x4000 
                0x24009000                        . = ALIGN (0x8)

/DISCARD/
 libc.a(*)
 libm.a(*)
 libgcc.a(*)

.ARM.attributes
                0x00000000       0x2e
 *(.ARM.attributes)
 .ARM.attributes
                0x00000000       0x20 C:/ST/STM32CubeIDE_2.1.0/STM32CubeIDE/plugins/com.st.stm32cube.ide.mcu.externaltools.gnu-tools-for-stm32.14.3.rel1.win32_1.0.100.202602081740/tools/bin/../lib/gcc/arm-none-eabi/14.3.1/thumb/v7e-m+dp/hard/crti.o
 .ARM.attributes
                0x00000020       0x32 ./Core/Src/gpio.o
 .ARM.attributes
                0x00000052       0x32 ./Core/Src/iwdg.o
 .ARM.attributes
                0x00000084       0x32 ./Core/Src/main.o
 .ARM.attributes
                0x000000b6       0x32 ./Core/Src/octospi.o
 .ARM.attributes
                0x000000e8       0x32 ./Core/Src/stm32h7xx_hal_msp.o
 .ARM.attributes
                0x0000011a       0x32 ./Core/Src/stm32h7xx_it.o
 .ARM.attributes
                0x0000014c       0x32 ./Core/Src/system_stm32h7xx.o
 .ARM.attributes
                0x0000017e       0x32 ./Core/Src/tim.o
 .ARM.attributes
                0x000001b0       0x21 ./Core/Startup/startup_stm32h723zgtx.o
 .ARM.attributes
                0x000001d1       0x32 ./Drivers/STM32H7xx_HAL_Driver/Src/stm32h7xx_hal.o
 .ARM.attributes
                0x00000203       0x32 ./Drivers/STM32H7xx_HAL_Driver/Src/stm32h7xx_hal_cortex.o
 .ARM.attributes
                0x00000235       0x32 ./Drivers/STM32H7xx_HAL_Driver/Src/stm32h7xx_hal_flash.o
 .ARM.attributes
                0x00000267       0x32 ./Drivers/STM32H7xx_HAL_Driver/Src/stm32h7xx_hal_flash_ex.o
 .ARM.attributes
                0x00000299       0x32 ./Drivers/STM32H7xx_HAL_Driver/Src/stm32h7xx_hal_gpio.o
 .ARM.attributes
                0x000002cb       0x32 ./Drivers/STM32H7xx_HAL_Driver/Src/stm32h7xx_hal_iwdg.o
 .ARM.attributes
                0x000002fd       0x32 ./Drivers/STM32H7xx_HAL_Driver/Src/stm32h7xx_hal_ospi.o
 .ARM.attributes
                0x0000032f       0x32 ./Drivers/STM32H7xx_HAL_Driver/Src/stm32h7xx_hal_pcd.o
 .ARM.attributes
                0x00000361       0x32 ./Drivers/STM32H7xx_HAL_Driver/Src/stm32h7xx_hal_pcd_ex.o
 .ARM.attributes
                0x00000393       0x32 ./Drivers/STM32H7xx_HAL_Driver/Src/stm32h7xx_hal_pwr_ex.o
 .ARM.attributes
                0x000003c5       0x32 ./Drivers/STM32H7xx_HAL_Driver/Src/stm32h7xx_hal_rcc.o
 .ARM.attributes
                0x000003f7       0x32 ./Drivers/STM32H7xx_HAL_Driver/Src/stm32h7xx_hal_rcc_ex.o
 .ARM.attributes
                0x00000429       0x32 ./Drivers/STM32H7xx_HAL_Driver/Src/stm32h7xx_hal_tim.o
 .ARM.attributes
                0x0000045b       0x32 ./Drivers/STM32H7xx_HAL_Driver/Src/stm32h7xx_hal_tim_ex.o
 .ARM.attributes
                0x0000048d       0x32 ./Drivers/STM32H7xx_HAL_Driver/Src/stm32h7xx_ll_usb.o
 .ARM.attributes
                0x000004bf       0x32 ./Middlewares/ST/STM32_USB_Device_Library/Class/CDC/Src/usbd_cdc.o
 .ARM.attributes
                0x000004f1       0x32 ./Middlewares/ST/STM32_USB_Device_Library/Core/Src/usbd_core.o
 .ARM.attributes
                0x00000523       0x32 ./Middlewares/ST/STM32_USB_Device_Library/Core/Src/usbd_ctlreq.o
 .ARM.attributes
                0x00000555       0x32 ./Middlewares/ST/STM32_USB_Device_Library/Core/Src/usbd_ioreq.o
 .ARM.attributes
                0x00000587       0x32 ./USB_DEVICE/App/usb_device.o
 .ARM.attributes
                0x000005b9       0x32 ./USB_DEVICE/App/usbd_cdc_if.o
 .ARM.attributes
                0x000005eb       0x32 ./USB_DEVICE/App/usbd_desc.o
 .ARM.attributes
                0x0000061d       0x32 ./USB_DEVICE/Target/usbd_conf.o
 .ARM.attributes
                0x0000064f       0x32 C:/ST/STM32CubeIDE_2.1.0/STM32CubeIDE/plugins/com.st.stm32cube.ide.mcu.externaltools.gnu-tools-for-stm32.14.3.rel1.win32_1.0.100.202602081740/tools/bin/../lib/gcc/arm-none-eabi/14.3.1/../../../../arm-none-eabi/lib/thumb/v7e-m+dp/hard\libc_nano.a(libc_a-memset.o)
 .ARM.attributes
                0x00000681       0x32 C:/ST/STM32CubeIDE_2.1.0/STM32CubeIDE/plugins/com.st.stm32cube.ide.mcu.externaltools.gnu-tools-for-stm32.14.3.rel1.win32_1.0.100.202602081740/tools/bin/../lib/gcc/arm-none-eabi/14.3.1/../../../../arm-none-eabi/lib/thumb/v7e-m+dp/hard\libc_nano.a(libc_a-init.o)
 .ARM.attributes
                0x000006b3       0x20 C:/ST/STM32CubeIDE_2.1.0/STM32CubeIDE/plugins/com.st.stm32cube.ide.mcu.externaltools.gnu-tools-for-stm32.14.3.rel1.win32_1.0.100.202602081740/tools/bin/../lib/gcc/arm-none-eabi/14.3.1/thumb/v7e-m+dp/hard/crtn.o
OUTPUT(sabv3_BL.elf elf32-littlearm)
LOAD linker stubs
LOAD C:/ST/STM32CubeIDE_2.1.0/STM32CubeIDE/plugins/com.st.stm32cube.ide.mcu.externaltools.gnu-tools-for-stm32.14.3.rel1.win32_1.0.100.202602081740/tools/bin/../lib/gcc/arm-none-eabi/14.3.1/../../../../arm-none-eabi/lib/thumb/v7e-m+dp/hard\libc.a
LOAD C:/ST/STM32CubeIDE_2.1.0/STM32CubeIDE/plugins/com.st.stm32cube.ide.mcu.externaltools.gnu-tools-for-stm32.14.3.rel1.win32_1.0.100.202602081740/tools/bin/../lib/gcc/arm-none-eabi/14.3.1/../../../../arm-none-eabi/lib/thumb/v7e-m+dp/hard\libm.a
LOAD C:/ST/STM32CubeIDE_2.1.0/STM32CubeIDE/plugins/com.st.stm32cube.ide.mcu.externaltools.gnu-tools-for-stm32.14.3.rel1.win32_1.0.100.202602081740/tools/bin/../lib/gcc/arm-none-eabi/14.3.1/thumb/v7e-m+dp/hard\libgcc.a

.debug_info     0x00000000    0x22dfb
 .debug_info    0x00000000      0x82e ./Core/Src/gpio.o
 .debug_info    0x0000082e      0x209 ./Core/Src/iwdg.o
 .debug_info    0x00000a37      0xebf ./Core/Src/main.o
 .debug_info    0x000018f6     0x147c ./Core/Src/octospi.o
 .debug_info    0x00002d72      0x464 ./Core/Src/stm32h7xx_hal_msp.o
 .debug_info    0x000031d6      0x6ce ./Core/Src/stm32h7xx_it.o
 .debug_info    0x000038a4      0xb6a ./Core/Src/system_stm32h7xx.o
 .debug_info    0x0000440e      0xd45 ./Core/Src/tim.o
 .debug_info    0x00005153       0x30 ./Core/Startup/startup_stm32h723zgtx.o
 .debug_info    0x00005183     0x179a ./Drivers/STM32H7xx_HAL_Driver/Src/stm32h7xx_hal.o
 .debug_info    0x0000691d     0x131f ./Drivers/STM32H7xx_HAL_Driver/Src/stm32h7xx_hal_cortex.o
 .debug_info    0x00007c3c      0x907 ./Drivers/STM32H7xx_HAL_Driver/Src/stm32h7xx_hal_flash.o
 .debug_info    0x00008543      0xeb5 ./Drivers/STM32H7xx_HAL_Driver/Src/stm32h7xx_hal_flash_ex.o
 .debug_info    0x000093f8      0xcab ./Drivers/STM32H7xx_HAL_Driver/Src/stm32h7xx_hal_gpio.o
 .debug_info    0x0000a0a3      0x22d ./Drivers/STM32H7xx_HAL_Driver/Src/stm32h7xx_hal_iwdg.o
 .debug_info    0x0000a2d0     0x20e5 ./Drivers/STM32H7xx_HAL_Driver/Src/stm32h7xx_hal_ospi.o
 .debug_info    0x0000c3b5     0x1c39 ./Drivers/STM32H7xx_HAL_Driver/Src/stm32h7xx_hal_pcd.o
 .debug_info    0x0000dfee      0xa1e ./Drivers/STM32H7xx_HAL_Driver/Src/stm32h7xx_hal_pcd_ex.o
 .debug_info    0x0000ea0c      0xf3d ./Drivers/STM32H7xx_HAL_Driver/Src/stm32h7xx_hal_pwr_ex.o
 .debug_info    0x0000f949     0x1054 ./Drivers/STM32H7xx_HAL_Driver/Src/stm32h7xx_hal_rcc.o
 .debug_info    0x0001099d     0x1988 ./Drivers/STM32H7xx_HAL_Driver/Src/stm32h7xx_hal_rcc_ex.o
 .debug_info    0x00012325     0x3e34 ./Drivers/STM32H7xx_HAL_Driver/Src/stm32h7xx_hal_tim.o
 .debug_info    0x00016159     0x1f92 ./Drivers/STM32H7xx_HAL_Driver/Src/stm32h7xx_hal_tim_ex.o
 .debug_info    0x000180eb     0x1a52 ./Drivers/STM32H7xx_HAL_Driver/Src/stm32h7xx_ll_usb.o
 .debug_info    0x00019b3d     0x1813 ./Middlewares/ST/STM32_USB_Device_Library/Class/CDC/Src/usbd_cdc.o
 .debug_info    0x0001b350     0x125e ./Middlewares/ST/STM32_USB_Device_Library/Core/Src/usbd_core.o
 .debug_info    0x0001c5ae     0x1477 ./Middlewares/ST/STM32_USB_Device_Library/Core/Src/usbd_ctlreq.o
 .debug_info    0x0001da25      0x915 ./Middlewares/ST/STM32_USB_Device_Library/Core/Src/usbd_ioreq.o
 .debug_info    0x0001e33a      0x7c1 ./USB_DEVICE/App/usb_device.o
 .debug_info    0x0001eafb     0x1381 ./USB_DEVICE/App/usbd_cdc_if.o
 .debug_info    0x0001fe7c      0x657 ./USB_DEVICE/App/usbd_desc.o
 .debug_info    0x000204d3     0x2928 ./USB_DEVICE/Target/usbd_conf.o

.debug_abbrev   0x00000000     0x4ca1
 .debug_abbrev  0x00000000      0x19d ./Core/Src/gpio.o
 .debug_abbrev  0x0000019d      0x156 ./Core/Src/iwdg.o
 .debug_abbrev  0x000002f3      0x384 ./Core/Src/main.o
 .debug_abbrev  0x00000677      0x253 ./Core/Src/octospi.o
 .debug_abbrev  0x000008ca       0xdb ./Core/Src/stm32h7xx_hal_msp.o
 .debug_abbrev  0x000009a5      0x1af ./Core/Src/stm32h7xx_it.o
 .debug_abbrev  0x00000b54      0x140 ./Core/Src/system_stm32h7xx.o
 .debug_abbrev  0x00000c94      0x214 ./Core/Src/tim.o
 .debug_abbrev  0x00000ea8       0x24 ./Core/Startup/startup_stm32h723zgtx.o
 .debug_abbrev  0x00000ecc      0x2c5 ./Drivers/STM32H7xx_HAL_Driver/Src/stm32h7xx_hal.o
 .debug_abbrev  0x00001191      0x3af ./Drivers/STM32H7xx_HAL_Driver/Src/stm32h7xx_hal_cortex.o
 .debug_abbrev  0x00001540      0x296 ./Drivers/STM32H7xx_HAL_Driver/Src/stm32h7xx_hal_flash.o
 .debug_abbrev  0x000017d6      0x268 ./Drivers/STM32H7xx_HAL_Driver/Src/stm32h7xx_hal_flash_ex.o
 .debug_abbrev  0x00001a3e      0x257 ./Drivers/STM32H7xx_HAL_Driver/Src/stm32h7xx_hal_gpio.o
 .debug_abbrev  0x00001c95      0x15f ./Drivers/STM32H7xx_HAL_Driver/Src/stm32h7xx_hal_iwdg.o
 .debug_abbrev  0x00001df4      0x2b6 ./Drivers/STM32H7xx_HAL_Driver/Src/stm32h7xx_hal_ospi.o
 .debug_abbrev  0x000020aa      0x2fc ./Drivers/STM32H7xx_HAL_Driver/Src/stm32h7xx_hal_pcd.o
 .debug_abbrev  0x000023a6      0x2af ./Drivers/STM32H7xx_HAL_Driver/Src/stm32h7xx_hal_pcd_ex.o
 .debug_abbrev  0x00002655      0x2b7 ./Drivers/STM32H7xx_HAL_Driver/Src/stm32h7xx_hal_pwr_ex.o
 .debug_abbrev  0x0000290c      0x296 ./Drivers/STM32H7xx_HAL_Driver/Src/stm32h7xx_hal_rcc.o
 .debug_abbrev  0x00002ba2      0x284 ./Drivers/STM32H7xx_HAL_Driver/Src/stm32h7xx_hal_rcc_ex.o
 .debug_abbrev  0x00002e26      0x271 ./Drivers/STM32H7xx_HAL_Driver/Src/stm32h7xx_hal_tim.o
 .debug_abbrev  0x00003097      0x284 ./Drivers/STM32H7xx_HAL_Driver/Src/stm32h7xx_hal_tim_ex.o
 .debug_abbrev  0x0000331b      0x319 ./Drivers/STM32H7xx_HAL_Driver/Src/stm32h7xx_ll_usb.o
 .debug_abbrev  0x00003634      0x33f ./Middlewares/ST/STM32_USB_Device_Library/Class/CDC/Src/usbd_cdc.o
 .debug_abbrev  0x00003973      0x2fa ./Middlewares/ST/STM32_USB_Device_Library/Core/Src/usbd_core.o
 .debug_abbrev  0x00003c6d      0x345 ./Middlewares/ST/STM32_USB_Device_Library/Core/Src/usbd_ctlreq.o
 .debug_abbrev  0x00003fb2      0x1b2 ./Middlewares/ST/STM32_USB_Device_Library/Core/Src/usbd_ioreq.o
 .debug_abbrev  0x00004164      0x1c5 ./USB_DEVICE/App/usb_device.o
 .debug_abbrev  0x00004329      0x456 ./USB_DEVICE/App/usbd_cdc_if.o
 .debug_abbrev  0x0000477f      0x1ee ./USB_DEVICE/App/usbd_desc.o
 .debug_abbrev  0x0000496d      0x334 ./USB_DEVICE/Target/usbd_conf.o

.debug_aranges  0x00000000     0x17c0
 .debug_aranges
                0x00000000       0x20 ./Core/Src/gpio.o
 .debug_aranges
                0x00000020       0x20 ./Core/Src/iwdg.o
 .debug_aranges
                0x00000040       0x40 ./Core/Src/main.o
 .debug_aranges
                0x00000080       0x30 ./Core/Src/octospi.o
 .debug_aranges
                0x000000b0       0x20 ./Core/Src/stm32h7xx_hal_msp.o
 .debug_aranges
                0x000000d0       0x68 ./Core/Src/stm32h7xx_it.o
 .debug_aranges
                0x00000138       0x28 ./Core/Src/system_stm32h7xx.o
 .debug_aranges
                0x00000160       0x30 ./Core/Src/tim.o
 .debug_aranges
                0x00000190       0x28 ./Core/Startup/startup_stm32h723zgtx.o
 .debug_aranges
                0x000001b8      0x1c8 ./Drivers/STM32H7xx_HAL_Driver/Src/stm32h7xx_hal.o
 .debug_aranges
                0x00000380       0xf8 ./Drivers/STM32H7xx_HAL_Driver/Src/stm32h7xx_hal_cortex.o
 .debug_aranges
                0x00000478       0x88 ./Drivers/STM32H7xx_HAL_Driver/Src/stm32h7xx_hal_flash.o
 .debug_aranges
                0x00000500      0x108 ./Drivers/STM32H7xx_HAL_Driver/Src/stm32h7xx_hal_flash_ex.o
 .debug_aranges
                0x00000608       0x58 ./Drivers/STM32H7xx_HAL_Driver/Src/stm32h7xx_hal_gpio.o
 .debug_aranges
                0x00000660       0x28 ./Drivers/STM32H7xx_HAL_Driver/Src/stm32h7xx_hal_iwdg.o
 .debug_aranges
                0x00000688      0x178 ./Drivers/STM32H7xx_HAL_Driver/Src/stm32h7xx_hal_ospi.o
 .debug_aranges
                0x00000800      0x140 ./Drivers/STM32H7xx_HAL_Driver/Src/stm32h7xx_hal_pcd.o
 .debug_aranges
                0x00000940       0x60 ./Drivers/STM32H7xx_HAL_Driver/Src/stm32h7xx_hal_pcd_ex.o
 .debug_aranges
                0x000009a0      0x148 ./Drivers/STM32H7xx_HAL_Driver/Src/stm32h7xx_hal_pwr_ex.o
 .debug_aranges
                0x00000ae8       0x88 ./Drivers/STM32H7xx_HAL_Driver/Src/stm32h7xx_hal_rcc.o
 .debug_aranges
                0x00000b70       0xf8 ./Drivers/STM32H7xx_HAL_Driver/Src/stm32h7xx_hal_rcc_ex.o
 .debug_aranges
                0x00000c68      0x3e0 ./Drivers/STM32H7xx_HAL_Driver/Src/stm32h7xx_hal_tim.o
 .debug_aranges
                0x00001048      0x198 ./Drivers/STM32H7xx_HAL_Driver/Src/stm32h7xx_hal_tim_ex.o
 .debug_aranges
                0x000011e0      0x180 ./Drivers/STM32H7xx_HAL_Driver/Src/stm32h7xx_ll_usb.o
 .debug_aranges
                0x00001360       0x90 ./Middlewares/ST/STM32_USB_Device_Library/Class/CDC/Src/usbd_cdc.o
 .debug_aranges
                0x000013f0       0xd8 ./Middlewares/ST/STM32_USB_Device_Library/Core/Src/usbd_core.o
 .debug_aranges
                0x000014c8       0x88 ./Middlewares/ST/STM32_USB_Device_Library/Core/Src/usbd_ctlreq.o
 .debug_aranges
                0x00001550       0x50 ./Middlewares/ST/STM32_USB_Device_Library/Core/Src/usbd_ioreq.o
 .debug_aranges
                0x000015a0       0x20 ./USB_DEVICE/App/usb_device.o
 .debug_aranges
                0x000015c0       0x88 ./USB_DEVICE/App/usbd_cdc_if.o
 .debug_aranges
                0x00001648       0x68 ./USB_DEVICE/App/usbd_desc.o
 .debug_aranges
                0x000016b0      0x110 ./USB_DEVICE/Target/usbd_conf.o

.debug_rnglists
                0x00000000     0x1282
 .debug_rnglists
                0x00000000       0x14 ./Core/Src/gpio.o
 .debug_rnglists
                0x00000014       0x13 ./Core/Src/iwdg.o
 .debug_rnglists
                0x00000027       0x2c ./Core/Src/main.o
 .debug_rnglists
                0x00000053       0x20 ./Core/Src/octospi.o
 .debug_rnglists
                0x00000073       0x13 ./Core/Src/stm32h7xx_hal_msp.o
 .debug_rnglists
                0x00000086       0x49 ./Core/Src/stm32h7xx_it.o
 .debug_rnglists
                0x000000cf       0x1b ./Core/Src/system_stm32h7xx.o
 .debug_rnglists
                0x000000ea       0x1f ./Core/Src/tim.o
 .debug_rnglists
                0x00000109       0x19 ./Core/Startup/startup_stm32h723zgtx.o
 .debug_rnglists
                0x00000122      0x153 ./Drivers/STM32H7xx_HAL_Driver/Src/stm32h7xx_hal.o
 .debug_rnglists
                0x00000275       0xb5 ./Drivers/STM32H7xx_HAL_Driver/Src/stm32h7xx_hal_cortex.o
 .debug_rnglists
                0x0000032a       0x65 ./Drivers/STM32H7xx_HAL_Driver/Src/stm32h7xx_hal_flash.o
 .debug_rnglists
                0x0000038f       0xc7 ./Drivers/STM32H7xx_HAL_Driver/Src/stm32h7xx_hal_flash_ex.o
 .debug_rnglists
                0x00000456       0x3f ./Drivers/STM32H7xx_HAL_Driver/Src/stm32h7xx_hal_gpio.o
 .debug_rnglists
                0x00000495       0x19 ./Drivers/STM32H7xx_HAL_Driver/Src/stm32h7xx_hal_iwdg.o
 .debug_rnglists
                0x000004ae      0x124 ./Drivers/STM32H7xx_HAL_Driver/Src/stm32h7xx_hal_ospi.o
 .debug_rnglists
                0x000005d2       0xf1 ./Drivers/STM32H7xx_HAL_Driver/Src/stm32h7xx_hal_pcd.o
 .debug_rnglists
                0x000006c3       0x44 ./Drivers/STM32H7xx_HAL_Driver/Src/stm32h7xx_hal_pcd_ex.o
 .debug_rnglists
                0x00000707      0x125 ./Drivers/STM32H7xx_HAL_Driver/Src/stm32h7xx_hal_pwr_ex.o
 .debug_rnglists
                0x0000082c       0xa9 ./Drivers/STM32H7xx_HAL_Driver/Src/stm32h7xx_hal_rcc.o
 .debug_rnglists
                0x000008d5       0xbf ./Drivers/STM32H7xx_HAL_Driver/Src/stm32h7xx_hal_rcc_ex.o
 .debug_rnglists
                0x00000994      0x314 ./Drivers/STM32H7xx_HAL_Driver/Src/stm32h7xx_hal_tim.o
 .debug_rnglists
                0x00000ca8      0x144 ./Drivers/STM32H7xx_HAL_Driver/Src/stm32h7xx_hal_tim_ex.o
 .debug_rnglists
                0x00000dec      0x126 ./Drivers/STM32H7xx_HAL_Driver/Src/stm32h7xx_ll_usb.o
 .debug_rnglists
                0x00000f12       0x69 ./Middlewares/ST/STM32_USB_Device_Library/Class/CDC/Src/usbd_cdc.o
 .debug_rnglists
                0x00000f7b       0x9f ./Middlewares/ST/STM32_USB_Device_Library/Core/Src/usbd_core.o
 .debug_rnglists
                0x0000101a       0x65 ./Middlewares/ST/STM32_USB_Device_Library/Core/Src/usbd_ctlreq.o
 .debug_rnglists
                0x0000107f       0x37 ./Middlewares/ST/STM32_USB_Device_Library/Core/Src/usbd_ioreq.o
 .debug_rnglists
                0x000010b6       0x13 ./USB_DEVICE/App/usb_device.o
 .debug_rnglists
                0x000010c9       0xa9 ./USB_DEVICE/App/usbd_cdc_if.o
 .debug_rnglists
                0x00001172       0x49 ./USB_DEVICE/App/usbd_desc.o
 .debug_rnglists
                0x000011bb       0xc7 ./USB_DEVICE/Target/usbd_conf.o

.debug_macro    0x00000000     0x71a4
 .debug_macro   0x00000000      0x2f1 ./Core/Src/gpio.o
 .debug_macro   0x000002f1       0x70 ./Core/Src/gpio.o
 .debug_macro   0x00000361      0x2f1 ./Core/Src/iwdg.o
 .debug_macro   0x00000652      0x59e ./Core/Src/main.o
 .debug_macro   0x00000bf0       0x16 ./Core/Src/main.o
 .debug_macro   0x00000c06       0x16 ./Core/Src/main.o
 .debug_macro   0x00000c1c       0x29 ./Core/Src/main.o
 .debug_macro   0x00000c45       0x65 ./Core/Src/main.o
 .debug_macro   0x00000caa      0x20f ./Core/Src/main.o
 .debug_macro   0x00000eb9       0x95 ./Core/Src/main.o
 .debug_macro   0x00000f4e       0x2e ./Core/Src/main.o
 .debug_macro   0x00000f7c      0x201 ./Core/Src/main.o
 .debug_macro   0x0000117d       0x7c ./Core/Src/main.o
 .debug_macro   0x000011f9       0x17 ./Core/Src/main.o
 .debug_macro   0x00001210      0x118 ./Core/Src/main.o
 .debug_macro   0x00001328       0xb9 ./Core/Src/main.o
 .debug_macro   0x000013e1       0x42 ./Core/Src/main.o
 .debug_macro   0x00001423       0x35 ./Core/Src/main.o
 .debug_macro   0x00001458       0x16 ./Core/Src/main.o
 .debug_macro   0x0000146e       0x28 ./Core/Src/main.o
 .debug_macro   0x00001496       0x16 ./Core/Src/main.o
 .debug_macro   0x000014ac       0x16 ./Core/Src/main.o
 .debug_macro   0x000014c2       0x10 ./Core/Src/main.o
 .debug_macro   0x000014d2      0x364 ./Core/Src/octospi.o
 .debug_macro   0x00001836      0x2e7 ./Core/Src/stm32h7xx_hal_msp.o
 .debug_macro   0x00001b1d      0x2f1 ./Core/Src/stm32h7xx_it.o
 .debug_macro   0x00001e0e      0x2d8 ./Core/Src/system_stm32h7xx.o
 .debug_macro   0x000020e6      0x2f1 ./Core/Src/tim.o
 .debug_macro   0x000023d7      0x302 ./Drivers/STM32H7xx_HAL_Driver/Src/stm32h7xx_hal.o
 .debug_macro   0x000026d9      0x2d8 ./Drivers/STM32H7xx_HAL_Driver/Src/stm32h7xx_hal_cortex.o
 .debug_macro   0x000029b1      0x2de ./Drivers/STM32H7xx_HAL_Driver/Src/stm32h7xx_hal_flash.o
 .debug_macro   0x00002c8f      0x2de ./Drivers/STM32H7xx_HAL_Driver/Src/stm32h7xx_hal_flash_ex.o
 .debug_macro   0x00002f6d      0x2df ./Drivers/STM32H7xx_HAL_Driver/Src/stm32h7xx_hal_gpio.o
 .debug_macro   0x0000324c      0x2e6 ./Drivers/STM32H7xx_HAL_Driver/Src/stm32h7xx_hal_iwdg.o
 .debug_macro   0x00003532      0x31f ./Drivers/STM32H7xx_HAL_Driver/Src/stm32h7xx_hal_ospi.o
 .debug_macro   0x00003851      0x2e4 ./Drivers/STM32H7xx_HAL_Driver/Src/stm32h7xx_hal_pcd.o
 .debug_macro   0x00003b35      0x2d8 ./Drivers/STM32H7xx_HAL_Driver/Src/stm32h7xx_hal_pcd_ex.o
 .debug_macro   0x00003e0d      0x311 ./Drivers/STM32H7xx_HAL_Driver/Src/stm32h7xx_hal_pwr_ex.o
 .debug_macro   0x0000411e      0x2fc ./Drivers/STM32H7xx_HAL_Driver/Src/stm32h7xx_hal_rcc.o
 .debug_macro   0x0000441a      0x2f6 ./Drivers/STM32H7xx_HAL_Driver/Src/stm32h7xx_hal_rcc_ex.o
 .debug_macro   0x00004710      0x2d9 ./Drivers/STM32H7xx_HAL_Driver/Src/stm32h7xx_hal_tim.o
 .debug_macro   0x000049e9      0x2de ./Drivers/STM32H7xx_HAL_Driver/Src/stm32h7xx_hal_tim_ex.o
 .debug_macro   0x00004cc7      0x2d8 ./Drivers/STM32H7xx_HAL_Driver/Src/stm32h7xx_ll_usb.o
 .debug_macro   0x00004f9f      0x3de ./Middlewares/ST/STM32_USB_Device_Library/Class/CDC/Src/usbd_cdc.o
 .debug_macro   0x0000537d      0x3c5 ./Middlewares/ST/STM32_USB_Device_Library/Core/Src/usbd_core.o
 .debug_macro   0x00005742      0x215 ./Middlewares/ST/STM32_USB_Device_Library/Core/Src/usbd_core.o
 .debug_macro   0x00005957      0x3cf ./Middlewares/ST/STM32_USB_Device_Library/Core/Src/usbd_ctlreq.o
 .debug_macro   0x00005d26      0x3cb ./Middlewares/ST/STM32_USB_Device_Library/Core/Src/usbd_ioreq.o
 .debug_macro   0x000060f1      0x3f2 ./USB_DEVICE/App/usb_device.o
 .debug_macro   0x000064e3       0x76 ./USB_DEVICE/App/usb_device.o
 .debug_macro   0x00006559       0x22 ./USB_DEVICE/App/usb_device.o
 .debug_macro   0x0000657b       0x34 ./USB_DEVICE/App/usb_device.o
 .debug_macro   0x000065af      0x3fb ./USB_DEVICE/App/usbd_cdc_if.o
 .debug_macro   0x000069aa      0x408 ./USB_DEVICE/App/usbd_desc.o
 .debug_macro   0x00006db2       0x1c ./USB_DEVICE/App/usbd_desc.o
 .debug_macro   0x00006dce      0x3d6 ./USB_DEVICE/Target/usbd_conf.o

.debug_line     0x00000000    0x27127
 .debug_line    0x00000000      0xb48 ./Core/Src/gpio.o
 .debug_line    0x00000b48      0x9bf ./Core/Src/iwdg.o
 .debug_line    0x00001507     0x112f ./Core/Src/main.o
 .debug_line    0x00002636      0xc1f ./Core/Src/octospi.o
 .debug_line    0x00003255      0x991 ./Core/Src/stm32h7xx_hal_msp.o
 .debug_line    0x00003be6      0xa6b ./Core/Src/stm32h7xx_it.o
 .debug_line    0x00004651      0xbcf ./Core/Src/system_stm32h7xx.o
 .debug_line    0x00005220      0xa68 ./Core/Src/tim.o
 .debug_line    0x00005c88       0x7a ./Core/Startup/startup_stm32h723zgtx.o
 .debug_line    0x00005d02     0x10f7 ./Drivers/STM32H7xx_HAL_Driver/Src/stm32h7xx_hal.o
 .debug_line    0x00006df9      0xfee ./Drivers/STM32H7xx_HAL_Driver/Src/stm32h7xx_hal_cortex.o
 .debug_line    0x00007de7      0xfe6 ./Drivers/STM32H7xx_HAL_Driver/Src/stm32h7xx_hal_flash.o
 .debug_line    0x00008dcd     0x13d9 ./Drivers/STM32H7xx_HAL_Driver/Src/stm32h7xx_hal_flash_ex.o
 .debug_line    0x0000a1a6      0xee4 ./Drivers/STM32H7xx_HAL_Driver/Src/stm32h7xx_hal_gpio.o
 .debug_line    0x0000b08a      0xa50 ./Drivers/STM32H7xx_HAL_Driver/Src/stm32h7xx_hal_iwdg.o
 .debug_line    0x0000bada     0x22ca ./Drivers/STM32H7xx_HAL_Driver/Src/stm32h7xx_hal_ospi.o
 .debug_line    0x0000dda4     0x1be1 ./Drivers/STM32H7xx_HAL_Driver/Src/stm32h7xx_hal_pcd.o
 .debug_line    0x0000f985      0xc6f ./Drivers/STM32H7xx_HAL_Driver/Src/stm32h7xx_hal_pcd_ex.o
 .debug_line    0x000105f4     0x11bc ./Drivers/STM32H7xx_HAL_Driver/Src/stm32h7xx_hal_pwr_ex.o
 .debug_line    0x000117b0     0x1a70 ./Drivers/STM32H7xx_HAL_Driver/Src/stm32h7xx_hal_rcc.o
 .debug_line    0x00013220     0x25c3 ./Drivers/STM32H7xx_HAL_Driver/Src/stm32h7xx_hal_rcc_ex.o
 .debug_line    0x000157e3     0x5270 ./Drivers/STM32H7xx_HAL_Driver/Src/stm32h7xx_hal_tim.o
 .debug_line    0x0001aa53     0x2580 ./Drivers/STM32H7xx_HAL_Driver/Src/stm32h7xx_hal_tim_ex.o
 .debug_line    0x0001cfd3     0x20e5 ./Drivers/STM32H7xx_HAL_Driver/Src/stm32h7xx_ll_usb.o
 .debug_line    0x0001f0b8     0x123d ./Middlewares/ST/STM32_USB_Device_Library/Class/CDC/Src/usbd_cdc.o
 .debug_line    0x000202f5     0x130e ./Middlewares/ST/STM32_USB_Device_Library/Core/Src/usbd_core.o
 .debug_line    0x00021603     0x163d ./Middlewares/ST/STM32_USB_Device_Library/Core/Src/usbd_ctlreq.o
 .debug_line    0x00022c40      0xbf2 ./Middlewares/ST/STM32_USB_Device_Library/Core/Src/usbd_ioreq.o
 .debug_line    0x00023832      0xb56 ./USB_DEVICE/App/usb_device.o
 .debug_line    0x00024388     0x10a6 ./USB_DEVICE/App/usbd_cdc_if.o
 .debug_line    0x0002542e      0xc91 ./USB_DEVICE/App/usbd_desc.o
 .debug_line    0x000260bf     0x1068 ./USB_DEVICE/Target/usbd_conf.o

.debug_str      0x00000000   0x1508a9
 .debug_str     0x00000000   0x1508a9 ./Core/Src/gpio.o
                             0x145dea (size before relaxing)
 .debug_str     0x001508a9   0x145b9b ./Core/Src/iwdg.o
 .debug_str     0x001508a9   0x148d2b ./Core/Src/main.o
 .debug_str     0x001508a9   0x14701a ./Core/Src/octospi.o
 .debug_str     0x001508a9   0x145d0d ./Core/Src/stm32h7xx_hal_msp.o
 .debug_str     0x001508a9   0x145fea ./Core/Src/stm32h7xx_it.o
 .debug_str     0x001508a9   0x145dfc ./Core/Src/system_stm32h7xx.o
 .debug_str     0x001508a9   0x1464d6 ./Core/Src/tim.o
 .debug_str     0x001508a9       0xaa ./Core/Startup/startup_stm32h723zgtx.o
 .debug_str     0x001508a9   0x146e7f ./Drivers/STM32H7xx_HAL_Driver/Src/stm32h7xx_hal.o
 .debug_str     0x001508a9   0x1467a0 ./Drivers/STM32H7xx_HAL_Driver/Src/stm32h7xx_hal_cortex.o
 .debug_str     0x001508a9   0x145df1 ./Drivers/STM32H7xx_HAL_Driver/Src/stm32h7xx_hal_flash.o
 .debug_str     0x001508a9   0x146108 ./Drivers/STM32H7xx_HAL_Driver/Src/stm32h7xx_hal_flash_ex.o
 .debug_str     0x001508a9   0x145e40 ./Drivers/STM32H7xx_HAL_Driver/Src/stm32h7xx_hal_gpio.o
 .debug_str     0x001508a9   0x145aae ./Drivers/STM32H7xx_HAL_Driver/Src/stm32h7xx_hal_iwdg.o
 .debug_str     0x001508a9   0x1468ad ./Drivers/STM32H7xx_HAL_Driver/Src/stm32h7xx_hal_ospi.o
 .debug_str     0x001508a9   0x1465f2 ./Drivers/STM32H7xx_HAL_Driver/Src/stm32h7xx_hal_pcd.o
 .debug_str     0x001508a9   0x145f90 ./Drivers/STM32H7xx_HAL_Driver/Src/stm32h7xx_hal_pcd_ex.o
 .debug_str     0x001508a9   0x14624f ./Drivers/STM32H7xx_HAL_Driver/Src/stm32h7xx_hal_pwr_ex.o
 .debug_str     0x001508a9   0x1461c3 ./Drivers/STM32H7xx_HAL_Driver/Src/stm32h7xx_hal_rcc.o
 .debug_str     0x001508a9   0x1466db ./Drivers/STM32H7xx_HAL_Driver/Src/stm32h7xx_hal_rcc_ex.o
 .debug_str     0x001508a9   0x146fc1 ./Drivers/STM32H7xx_HAL_Driver/Src/stm32h7xx_hal_tim.o
 .debug_str     0x001508a9   0x14696e ./Drivers/STM32H7xx_HAL_Driver/Src/stm32h7xx_hal_tim_ex.o
 .debug_str     0x001508a9   0x14628f ./Drivers/STM32H7xx_HAL_Driver/Src/stm32h7xx_ll_usb.o
 .debug_str     0x001508a9   0x147c05 ./Middlewares/ST/STM32_USB_Device_Library/Class/CDC/Src/usbd_cdc.o
 .debug_str     0x001508a9   0x147509 ./Middlewares/ST/STM32_USB_Device_Library/Core/Src/usbd_core.o
 .debug_str     0x001508a9   0x147334 ./Middlewares/ST/STM32_USB_Device_Library/Core/Src/usbd_ctlreq.o
 .debug_str     0x001508a9   0x147209 ./Middlewares/ST/STM32_USB_Device_Library/Core/Src/usbd_ioreq.o
 .debug_str     0x001508a9   0x14765d ./USB_DEVICE/App/usb_device.o
 .debug_str     0x001508a9   0x147a6c ./USB_DEVICE/App/usbd_cdc_if.o
 .debug_str     0x001508a9   0x147123 ./USB_DEVICE/App/usbd_desc.o
 .debug_str     0x001508a9   0x148c2b ./USB_DEVICE/Target/usbd_conf.o

.comment        0x00000000       0x43
 .comment       0x00000000       0x43 ./Core/Src/gpio.o
                                 0x44 (size before relaxing)
 .comment       0x00000043       0x44 ./Core/Src/iwdg.o
 .comment       0x00000043       0x44 ./Core/Src/main.o
 .comment       0x00000043       0x44 ./Core/Src/octospi.o
 .comment       0x00000043       0x44 ./Core/Src/stm32h7xx_hal_msp.o
 .comment       0x00000043       0x44 ./Core/Src/stm32h7xx_it.o
 .comment       0x00000043       0x44 ./Core/Src/system_stm32h7xx.o
 .comment       0x00000043       0x44 ./Core/Src/tim.o
 .comment       0x00000043       0x44 ./Drivers/STM32H7xx_HAL_Driver/Src/stm32h7xx_hal.o
 .comment       0x00000043       0x44 ./Drivers/STM32H7xx_HAL_Driver/Src/stm32h7xx_hal_cortex.o
 .comment       0x00000043       0x44 ./Drivers/STM32H7xx_HAL_Driver/Src/stm32h7xx_hal_flash.o
 .comment       0x00000043       0x44 ./Drivers/STM32H7xx_HAL_Driver/Src/stm32h7xx_hal_flash_ex.o
 .comment       0x00000043       0x44 ./Drivers/STM32H7xx_HAL_Driver/Src/stm32h7xx_hal_gpio.o
 .comment       0x00000043       0x44 ./Drivers/STM32H7xx_HAL_Driver/Src/stm32h7xx_hal_iwdg.o
 .comment       0x00000043       0x44 ./Drivers/STM32H7xx_HAL_Driver/Src/stm32h7xx_hal_ospi.o
 .comment       0x00000043       0x44 ./Drivers/STM32H7xx_HAL_Driver/Src/stm32h7xx_hal_pcd.o
 .comment       0x00000043       0x44 ./Drivers/STM32H7xx_HAL_Driver/Src/stm32h7xx_hal_pcd_ex.o
 .comment       0x00000043       0x44 ./Drivers/STM32H7xx_HAL_Driver/Src/stm32h7xx_hal_pwr_ex.o
 .comment       0x00000043       0x44 ./Drivers/STM32H7xx_HAL_Driver/Src/stm32h7xx_hal_rcc.o
 .comment       0x00000043       0x44 ./Drivers/STM32H7xx_HAL_Driver/Src/stm32h7xx_hal_rcc_ex.o
 .comment       0x00000043       0x44 ./Drivers/STM32H7xx_HAL_Driver/Src/stm32h7xx_hal_tim.o
 .comment       0x00000043       0x44 ./Drivers/STM32H7xx_HAL_Driver/Src/stm32h7xx_hal_tim_ex.o
 .comment       0x00000043       0x44 ./Drivers/STM32H7xx_HAL_Driver/Src/stm32h7xx_ll_usb.o
 .comment       0x00000043       0x44 ./Middlewares/ST/STM32_USB_Device_Library/Class/CDC/Src/usbd_cdc.o
 .comment       0x00000043       0x44 ./Middlewares/ST/STM32_USB_Device_Library/Core/Src/usbd_core.o
 .comment       0x00000043       0x44 ./Middlewares/ST/STM32_USB_Device_Library/Core/Src/usbd_ctlreq.o
 .comment       0x00000043       0x44 ./Middlewares/ST/STM32_USB_Device_Library/Core/Src/usbd_ioreq.o
 .comment       0x00000043       0x44 ./USB_DEVICE/App/usb_device.o
 .comment       0x00000043       0x44 ./USB_DEVICE/App/usbd_cdc_if.o
 .comment       0x00000043       0x44 ./USB_DEVICE/App/usbd_desc.o
 .comment       0x00000043       0x44 ./USB_DEVICE/Target/usbd_conf.o

.debug_frame    0x00000000     0x3cc0
 .debug_frame   0x00000000       0x3c ./Core/Src/gpio.o
 .debug_frame   0x0000003c       0x28 ./Core/Src/iwdg.o
 .debug_frame   0x00000064       0x90 ./Core/Src/main.o
 .debug_frame   0x000000f4       0x78 ./Core/Src/octospi.o
 .debug_frame   0x0000016c       0x28 ./Core/Src/stm32h7xx_hal_msp.o
 .debug_frame   0x00000194       0xc0 ./Core/Src/stm32h7xx_it.o
 .debug_frame   0x00000254       0x38 ./Core/Src/system_stm32h7xx.o
 .debug_frame   0x0000028c       0x58 ./Core/Src/tim.o
 .debug_frame   0x000002e4      0x3c0 ./Drivers/STM32H7xx_HAL_Driver/Src/stm32h7xx_hal.o
 .debug_frame   0x000006a4      0x214 ./Drivers/STM32H7xx_HAL_Driver/Src/stm32h7xx_hal_cortex.o
 .debug_frame   0x000008b8      0x148 ./Drivers/STM32H7xx_HAL_Driver/Src/stm32h7xx_hal_flash.o
 .debug_frame   0x00000a00      0x248 ./Drivers/STM32H7xx_HAL_Driver/Src/stm32h7xx_hal_flash_ex.o
 .debug_frame   0x00000c48       0xd4 ./Drivers/STM32H7xx_HAL_Driver/Src/stm32h7xx_hal_gpio.o
 .debug_frame   0x00000d1c       0x44 ./Drivers/STM32H7xx_HAL_Driver/Src/stm32h7xx_hal_iwdg.o
 .debug_frame   0x00000d60      0x484 ./Drivers/STM32H7xx_HAL_Driver/Src/stm32h7xx_hal_ospi.o
 .debug_frame   0x000011e4      0x378 ./Drivers/STM32H7xx_HAL_Driver/Src/stm32h7xx_hal_pcd.o
 .debug_frame   0x0000155c       0xb4 ./Drivers/STM32H7xx_HAL_Driver/Src/stm32h7xx_hal_pcd_ex.o
 .debug_frame   0x00001610      0x2c8 ./Drivers/STM32H7xx_HAL_Driver/Src/stm32h7xx_hal_pwr_ex.o
 .debug_frame   0x000018d8      0x17c ./Drivers/STM32H7xx_HAL_Driver/Src/stm32h7xx_hal_rcc.o
 .debug_frame   0x00001a54      0x26c ./Drivers/STM32H7xx_HAL_Driver/Src/stm32h7xx_hal_rcc_ex.o
 .debug_frame   0x00001cc0      0xb70 ./Drivers/STM32H7xx_HAL_Driver/Src/stm32h7xx_hal_tim.o
 .debug_frame   0x00002830      0x4c4 ./Drivers/STM32H7xx_HAL_Driver/Src/stm32h7xx_hal_tim_ex.o
 .debug_frame   0x00002cf4      0x408 ./Drivers/STM32H7xx_HAL_Driver/Src/stm32h7xx_ll_usb.o
 .debug_frame   0x000030fc      0x190 ./Middlewares/ST/STM32_USB_Device_Library/Class/CDC/Src/usbd_cdc.o
 .debug_frame   0x0000328c      0x240 ./Middlewares/ST/STM32_USB_Device_Library/Core/Src/usbd_core.o
 .debug_frame   0x000034cc      0x180 ./Middlewares/ST/STM32_USB_Device_Library/Core/Src/usbd_ctlreq.o