Archive member included to satisfy reference by file (symbol)

C:/ST/STM32CubeIDE_1.13.2/STM32CubeIDE/plugins/com.st.stm32cube.ide.mcu.externaltools.gnu-tools-for-stm32.11.3.rel1.win32_1.1.100.202309141235/tools/bin/../lib/gcc/arm-none-eabi/11.3.1/../../../../arm-none-eabi/lib/thumb/v7e-m+dp/hard\libc_nano.a(libc_a-exit.o)
                              C:/ST/STM32CubeIDE_1.13.2/STM32CubeIDE/plugins/com.st.stm32cube.ide.mcu.externaltools.gnu-tools-for-stm32.11.3.rel1.win32_1.1.100.202309141235/tools/bin/../lib/gcc/arm-none-eabi/11.3.1/../../../../arm-none-eabi/lib/thumb/v7e-m+dp/hard/crt0.o (exit)
C:/ST/STM32CubeIDE_1.13.2/STM32CubeIDE/plugins/com.st.stm32cube.ide.mcu.externaltools.gnu-tools-for-stm32.11.3.rel1.win32_1.1.100.202309141235/tools/bin/../lib/gcc/arm-none-eabi/11.3.1/../../../../arm-none-eabi/lib/thumb/v7e-m+dp/hard\libc_nano.a(libc_a-findfp.o)
                              C:/ST/STM32CubeIDE_1.13.2/STM32CubeIDE/plugins/com.st.stm32cube.ide.mcu.externaltools.gnu-tools-for-stm32.11.3.rel1.win32_1.1.100.202309141235/tools/bin/../lib/gcc/arm-none-eabi/11.3.1/../../../../arm-none-eabi/lib/thumb/v7e-m+dp/hard\libc_nano.a(libc_a-exit.o) (__stdio_exit_handler)
C:/ST/STM32CubeIDE_1.13.2/STM32CubeIDE/plugins/com.st.stm32cube.ide.mcu.externaltools.gnu-tools-for-stm32.11.3.rel1.win32_1.1.100.202309141235/tools/bin/../lib/gcc/arm-none-eabi/11.3.1/../../../../arm-none-eabi/lib/thumb/v7e-m+dp/hard\libc_nano.a(libc_a-fwalk.o)
                              C:/ST/STM32CubeIDE_1.13.2/STM32CubeIDE/plugins/com.st.stm32cube.ide.mcu.externaltools.gnu-tools-for-stm32.11.3.rel1.win32_1.1.100.202309141235/tools/bin/../lib/gcc/arm-none-eabi/11.3.1/../../../../arm-none-eabi/lib/thumb/v7e-m+dp/hard\libc_nano.a(libc_a-findfp.o) (_fwalk_sglue)
C:/ST/STM32CubeIDE_1.13.2/STM32CubeIDE/plugins/com.st.stm32cube.ide.mcu.externaltools.gnu-tools-for-stm32.11.3.rel1.win32_1.1.100.202309141235/tools/bin/../lib/gcc/arm-none-eabi/11.3.1/../../../../arm-none-eabi/lib/thumb/v7e-m+dp/hard\libc_nano.a(libc_a-stdio.o)
                              C:/ST/STM32CubeIDE_1.13.2/STM32CubeIDE/plugins/com.st.stm32cube.ide.mcu.externaltools.gnu-tools-for-stm32.11.3.rel1.win32_1.1.100.202309141235/tools/bin/../lib/gcc/arm-none-eabi/11.3.1/../../../../arm-none-eabi/lib/thumb/v7e-m+dp/hard\libc_nano.a(libc_a-findfp.o) (__sread)
C:/ST/STM32CubeIDE_1.13.2/STM32CubeIDE/plugins/com.st.stm32cube.ide.mcu.externaltools.gnu-tools-for-stm32.11.3.rel1.win32_1.1.100.202309141235/tools/bin/../lib/gcc/arm-none-eabi/11.3.1/../../../../arm-none-eabi/lib/thumb/v7e-m+dp/hard\libc_nano.a(libc_a-memset.o)
                              C:/ST/STM32CubeIDE_1.13.2/STM32CubeIDE/plugins/com.st.stm32cube.ide.mcu.externaltools.gnu-tools-for-stm32.11.3.rel1.win32_1.1.100.202309141235/tools/bin/../lib/gcc/arm-none-eabi/11.3.1/../../../../arm-none-eabi/lib/thumb/v7e-m+dp/hard/crt0.o (memset)
C:/ST/STM32CubeIDE_1.13.2/STM32CubeIDE/plugins/com.st.stm32cube.ide.mcu.externaltools.gnu-tools-for-stm32.11.3.rel1.win32_1.1.100.202309141235/tools/bin/../lib/gcc/arm-none-eabi/11.3.1/../../../../arm-none-eabi/lib/thumb/v7e-m+dp/hard\libc_nano.a(libc_a-closer.o)
                              C:/ST/STM32CubeIDE_1.13.2/STM32CubeIDE/plugins/com.st.stm32cube.ide.mcu.externaltools.gnu-tools-for-stm32.11.3.rel1.win32_1.1.100.202309141235/tools/bin/../lib/gcc/arm-none-eabi/11.3.1/../../../../arm-none-eabi/lib/thumb/v7e-m+dp/hard\libc_nano.a(libc_a-stdio.o) (_close_r)
C:/ST/STM32CubeIDE_1.13.2/STM32CubeIDE/plugins/com.st.stm32cube.ide.mcu.externaltools.gnu-tools-for-stm32.11.3.rel1.win32_1.1.100.202309141235/tools/bin/../lib/gcc/arm-none-eabi/11.3.1/../../../../arm-none-eabi/lib/thumb/v7e-m+dp/hard\libc_nano.a(libc_a-reent.o)
                              C:/ST/STM32CubeIDE_1.13.2/STM32CubeIDE/plugins/com.st.stm32cube.ide.mcu.externaltools.gnu-tools-for-stm32.11.3.rel1.win32_1.1.100.202309141235/tools/bin/../lib/gcc/arm-none-eabi/11.3.1/../../../../arm-none-eabi/lib/thumb/v7e-m+dp/hard\libc_nano.a(libc_a-closer.o) (errno)
C:/ST/STM32CubeIDE_1.13.2/STM32CubeIDE/plugins/com.st.stm32cube.ide.mcu.externaltools.gnu-tools-for-stm32.11.3.rel1.win32_1.1.100.202309141235/tools/bin/../lib/gcc/arm-none-eabi/11.3.1/../../../../arm-none-eabi/lib/thumb/v7e-m+dp/hard\libc_nano.a(libc_a-impure.o)
                              C:/ST/STM32CubeIDE_1.13.2/STM32CubeIDE/plugins/com.st.stm32cube.ide.mcu.externaltools.gnu-tools-for-stm32.11.3.rel1.win32_1.1.100.202309141235/tools/bin/../lib/gcc/arm-none-eabi/11.3.1/../../../../arm-none-eabi/lib/thumb/v7e-m+dp/hard\libc_nano.a(libc_a-reent.o) (_impure_ptr)
C:/ST/STM32CubeIDE_1.13.2/STM32CubeIDE/plugins/com.st.stm32cube.ide.mcu.externaltools.gnu-tools-for-stm32.11.3.rel1.win32_1.1.100.202309141235/tools/bin/../lib/gcc/arm-none-eabi/11.3.1/../../../../arm-none-eabi/lib/thumb/v7e-m+dp/hard\libc_nano.a(libc_a-lseekr.o)
[...]
Memory Configuration

Name             Origin             Length             Attributes
ITCMRAM          0x0000000000000000 0x0000000000010000 xrw
DTCMRAM          0x0000000020000000 0x0000000000020000 xrw
FLASH            0x0000000008000000 0x0000000000100000 xr
RAM_D1           0x0000000024000000 0x0000000000050000 xrw
RAM_D2           0x0000000030000000 0x0000000000008000 xrw
RAM_D3           0x0000000038000000 0x0000000000004000 xrw
*default*        0x0000000000000000 0xffffffffffffffff

Linker script and memory map

LOAD C:/ST/STM32CubeIDE_1.13.2/STM32CubeIDE/plugins/com.st.stm32cube.ide.mcu.externaltools.gnu-tools-for-stm32.11.3.rel1.win32_1.1.100.202309141235/tools/bin/../lib/gcc/arm-none-eabi/11.3.1/thumb/v7e-m+dp/hard/crti.o
LOAD C:/ST/STM32CubeIDE_1.13.2/STM32CubeIDE/plugins/com.st.stm32cube.ide.mcu.externaltools.gnu-tools-for-stm32.11.3.rel1.win32_1.1.100.202309141235/tools/bin/../lib/gcc/arm-none-eabi/11.3.1/thumb/v7e-m+dp/hard/crtbegin.o
LOAD C:/ST/STM32CubeIDE_1.13.2/STM32CubeIDE/plugins/com.st.stm32cube.ide.mcu.externaltools.gnu-tools-for-stm32.11.3.rel1.win32_1.1.100.202309141235/tools/bin/../lib/gcc/arm-none-eabi/11.3.1/../../../../arm-none-eabi/lib/thumb/v7e-m+dp/hard/crt0.o
LOAD ./Core/Src/AD1939_driver.o
LOAD ./Core/Src/main.o
LOAD ./Core/Src/stm32h7xx_hal_msp.o
LOAD ./Core/Src/stm32h7xx_it.o
LOAD ./Core/Src/syscalls.o
LOAD ./Core/Src/sysmem.o
LOAD ./Core/Src/system_stm32h7xx.o
LOAD ./Core/Startup/startup_stm32h723zgtx.o
LOAD ./Drivers/STM32H7xx_HAL_Driver/Src/stm32h7xx_hal.o
LOAD ./Drivers/STM32H7xx_HAL_Driver/Src/stm32h7xx_hal_cortex.o
LOAD ./Drivers/STM32H7xx_HAL_Driver/Src/stm32h7xx_hal_dma.o
LOAD ./Drivers/STM32H7xx_HAL_Driver/Src/stm32h7xx_hal_dma_ex.o
LOAD ./Drivers/STM32H7xx_HAL_Driver/Src/stm32h7xx_hal_exti.o
LOAD ./Drivers/STM32H7xx_HAL_Driver/Src/stm32h7xx_hal_flash.o
LOAD ./Drivers/STM32H7xx_HAL_Driver/Src/stm32h7xx_hal_flash_ex.o
LOAD ./Drivers/STM32H7xx_HAL_Driver/Src/stm32h7xx_hal_gpio.o
LOAD ./Drivers/STM32H7xx_HAL_Driver/Src/stm32h7xx_hal_hsem.o
LOAD ./Drivers/STM32H7xx_HAL_Driver/Src/stm32h7xx_hal_i2c.o
LOAD ./Drivers/STM32H7xx_HAL_Driver/Src/stm32h7xx_hal_i2c_ex.o
LOAD ./Drivers/STM32H7xx_HAL_Driver/Src/stm32h7xx_hal_mdma.o
LOAD ./Drivers/STM32H7xx_HAL_Driver/Src/stm32h7xx_hal_pwr.o
LOAD ./Drivers/STM32H7xx_HAL_Driver/Src/stm32h7xx_hal_pwr_ex.o
LOAD ./Drivers/STM32H7xx_HAL_Driver/Src/stm32h7xx_hal_rcc.o
LOAD ./Drivers/STM32H7xx_HAL_Driver/Src/stm32h7xx_hal_rcc_ex.o
LOAD ./Drivers/STM32H7xx_HAL_Driver/Src/stm32h7xx_hal_sai.o
LOAD ./Drivers/STM32H7xx_HAL_Driver/Src/stm32h7xx_hal_sai_ex.o
LOAD ./Drivers/STM32H7xx_HAL_Driver/Src/stm32h7xx_hal_spi.o
LOAD ./Drivers/STM32H7xx_HAL_Driver/Src/stm32h7xx_hal_spi_ex.o
LOAD ./Drivers/STM32H7xx_HAL_Driver/Src/stm32h7xx_hal_tim.o
LOAD ./Drivers/STM32H7xx_HAL_Driver/Src/stm32h7xx_hal_tim_ex.o
START GROUP
LOAD C:/ST/STM32CubeIDE_1.13.2/STM32CubeIDE/plugins/com.st.stm32cube.ide.mcu.externaltools.gnu-tools-for-stm32.11.3.rel1.win32_1.1.100.202309141235/tools/bin/../lib/gcc/arm-none-eabi/11.3.1/../../../../arm-none-eabi/lib/thumb/v7e-m+dp/hard\libc_nano.a
LOAD C:/ST/STM32CubeIDE_1.13.2/STM32CubeIDE/plugins/com.st.stm32cube.ide.mcu.externaltools.gnu-tools-for-stm32.11.3.rel1.win32_1.1.100.202309141235/tools/bin/../lib/gcc/arm-none-eabi/11.3.1/../../../../arm-none-eabi/lib/thumb/v7e-m+dp/hard\libm.a
END GROUP
START GROUP
LOAD C:/ST/STM32CubeIDE_1.13.2/STM32CubeIDE/plugins/com.st.stm32cube.ide.mcu.externaltools.gnu-tools-for-stm32.11.3.rel1.win32_1.1.100.202309141235/tools/bin/../lib/gcc/arm-none-eabi/11.3.1/thumb/v7e-m+dp/hard\libgcc.a
LOAD C:/ST/STM32CubeIDE_1.13.2/STM32CubeIDE/plugins/com.st.stm32cube.ide.mcu.externaltools.gnu-tools-for-stm32.11.3.rel1.win32_1.1.100.202309141235/tools/bin/../lib/gcc/arm-none-eabi/11.3.1/../../../../arm-none-eabi/lib/thumb/v7e-m+dp/hard\libc_nano.a
END GROUP
START GROUP
LOAD C:/ST/STM32CubeIDE_1.13.2/STM32CubeIDE/plugins/com.st.stm32cube.ide.mcu.externaltools.gnu-tools-for-stm32.11.3.rel1.win32_1.1.100.202309141235/tools/bin/../lib/gcc/arm-none-eabi/11.3.1/thumb/v7e-m+dp/hard\libgcc.a
LOAD C:/ST/STM32CubeIDE_1.13.2/STM32CubeIDE/plugins/com.st.stm32cube.ide.mcu.externaltools.gnu-tools-for-stm32.11.3.rel1.win32_1.1.100.202309141235/tools/bin/../lib/gcc/arm-none-eabi/11.3.1/../../../../arm-none-eabi/lib/thumb/v7e-m+dp/hard\libc_nano.a
LOAD C:/ST/STM32CubeIDE_1.13.2/STM32CubeIDE/plugins/com.st.stm32cube.ide.mcu.externaltools.gnu-tools-for-stm32.11.3.rel1.win32_1.1.100.202309141235/tools/bin/../lib/gcc/arm-none-eabi/11.3.1/../../../../arm-none-eabi/lib/thumb/v7e-m+dp/hard\libnosys.a
END GROUP
START GROUP
LOAD C:/ST/STM32CubeIDE_1.13.2/STM32CubeIDE/plugins/com.st.stm32cube.ide.mcu.externaltools.gnu-tools-for-stm32.11.3.rel1.win32_1.1.100.202309141235/tools/bin/../lib/gcc/arm-none-eabi/11.3.1/thumb/v7e-m+dp/hard\libgcc.a
LOAD C:/ST/STM32CubeIDE_1.13.2/STM32CubeIDE/plugins/com.st.stm32cube.ide.mcu.externaltools.gnu-tools-for-stm32.11.3.rel1.win32_1.1.100.202309141235/tools/bin/../lib/gcc/arm-none-eabi/11.3.1/../../../../arm-none-eabi/lib/thumb/v7e-m+dp/hard\libc_nano.a
LOAD C:/ST/STM32CubeIDE_1.13.2/STM32CubeIDE/plugins/com.st.stm32cube.ide.mcu.externaltools.gnu-tools-for-stm32.11.3.rel1.win32_1.1.100.202309141235/tools/bin/../lib/gcc/arm-none-eabi/11.3.1/../../../../arm-none-eabi/lib/thumb/v7e-m+dp/hard\libnosys.a
END GROUP
LOAD C:/ST/STM32CubeIDE_1.13.2/STM32CubeIDE/plugins/com.st.stm32cube.ide.mcu.externaltools.gnu-tools-for-stm32.11.3.rel1.win32_1.1.100.202309141235/tools/bin/../lib/gcc/arm-none-eabi/11.3.1/thumb/v7e-m+dp/hard/crtend.o
LOAD C:/ST/STM32CubeIDE_1.13.2/STM32CubeIDE/plugins/com.st.stm32cube.ide.mcu.externaltools.gnu-tools-for-stm32.11.3.rel1.win32_1.1.100.202309141235/tools/bin/../lib/gcc/arm-none-eabi/11.3.1/thumb/v7e-m+dp/hard/crtn.o
                0x0000000024050000                _estack = (ORIGIN (RAM_D1) + LENGTH (RAM_D1))
                0x0000000000000200                _Min_Heap_Size = 0x200
                0x0000000000000400                _Min_Stack_Size = 0x400

.isr_vector     0x0000000008000000      0x2cc
                0x0000000008000000                . = ALIGN (0x4)
 *(.isr_vector)
 .isr_vector    0x0000000008000000      0x2cc ./Core/Startup/startup_stm32h723zgtx.o
                0x0000000008000000                g_pfnVectors
                0x00000000080002cc                . = ALIGN (0x4)

.text           0x00000000080002cc     0x83b0
                0x00000000080002cc                . = ALIGN (0x4)
 *(.text)
 .text          0x00000000080002cc       0x40 C:/ST/STM32CubeIDE_1.13.2/STM32CubeIDE/plugins/com.st.stm32cube.ide.mcu.externaltools.gnu-tools-for-stm32.11.3.rel1.win32_1.1.100.202309141235/tools/bin/../lib/gcc/arm-none-eabi/11.3.1/thumb/v7e-m+dp/hard/crtbegin.o
 *(.text*)
 .text.ad1939_write_reg
                0x000000000800030c       0x58 ./Core/Src/AD1939_driver.o
                0x000000000800030c                ad1939_write_reg
 .text.ad1939_pll_locked
                0x0000000008000364       0x48 ./Core/Src/AD1939_driver.o
                0x0000000008000364                ad1939_pll_locked
 .text.ad1939_init
                0x00000000080003ac      0x104 ./Core/Src/AD1939_driver.o
                0x00000000080003ac                ad1939_init
 .text.HAL_SAI_TxCpltCallback
                0x00000000080004b0       0x20 ./Core/Src/main.o
                0x00000000080004b0                HAL_SAI_TxCpltCallback
 .text.HAL_SAI_TxHalfCpltCallback
                0x00000000080004d0       0x20 ./Core/Src/main.o
                0x00000000080004d0                HAL_SAI_TxHalfCpltCallback
 .text.HAL_SAI_RxCpltCallback
                0x00000000080004f0       0x38 ./Core/Src/main.o
                0x00000000080004f0                HAL_SAI_RxCpltCallback
 .text.HAL_SAI_RxHalfCpltCallback
                0x0000000008000528       0x38 ./Core/Src/main.o
                0x0000000008000528                HAL_SAI_RxHalfCpltCallback
 .text.main     0x0000000008000560       0x54 ./Core/Src/main.o
                0x0000000008000560                main
 .text.SystemClock_Config
                0x00000000080005b4       0xdc ./Core/Src/main.o
                0x00000000080005b4                SystemClock_Config
 .text.PeriphCommonClock_Config
                0x0000000008000690       0x66 ./Core/Src/main.o
                0x0000000008000690                PeriphCommonClock_Config
 *fill*         0x00000000080006f6        0x2 
 .text.MX_SAI1_Init
                0x00000000080006f8       0xc0 ./Core/Src/main.o
 .text.MX_SPI1_Init
                0x00000000080007b8       0xac ./Core/Src/main.o
 .text.MX_DMA_Init
                0x0000000008000864       0x70 ./Core/Src/main.o
 .text.MX_GPIO_Init
                0x00000000080008d4       0xe4 ./Core/Src/main.o
 .text.MPU_Config
                0x00000000080009b8       0x58 ./Core/Src/main.o
 .text.Error_Handler
                0x0000000008000a10        0xa ./Core/Src/main.o
                0x0000000008000a10                Error_Handler
 *fill*         0x0000000008000a1a        0x2 
 .text.HAL_MspInit
                0x0000000008000a1c       0x34 ./Core/Src/stm32h7xx_hal_msp.o
                0x0000000008000a1c                HAL_MspInit
 .text.HAL_SPI_MspInit
                0x0000000008000a50      0x11c ./Core/Src/stm32h7xx_hal_msp.o
                0x0000000008000a50                HAL_SPI_MspInit
 .text.HAL_SAI_MspInit
                0x0000000008000b6c      0x1cc ./Core/Src/stm32h7xx_hal_msp.o
                0x0000000008000b6c                HAL_SAI_MspInit
 .text.NMI_Handler
                0x0000000008000d38        0x6 ./Core/Src/stm32h7xx_it.o
                0x0000000008000d38                NMI_Handler
 .text.HardFault_Handler
                0x0000000008000d3e        0x6 ./Core/Src/stm32h7xx_it.o
                0x0000000008000d3e                HardFault_Handler
 .text.MemManage_Handler
                0x0000000008000d44        0x6 ./Core/Src/stm32h7xx_it.o
                0x0000000008000d44                MemManage_Handler
 .text.BusFault_Handler
                0x0000000008000d4a        0x6 ./Core/Src/stm32h7xx_it.o
                0x0000000008000d4a                BusFault_Handler
 .text.UsageFault_Handler
                0x0000000008000d50        0x6 ./Core/Src/stm32h7xx_it.o
                0x0000000008000d50                UsageFault_Handler
 .text.SVC_Handler
                0x0000000008000d56        0xe ./Core/Src/stm32h7xx_it.o
                0x0000000008000d56                SVC_Handler
 .text.DebugMon_Handler
                0x0000000008000d64        0xe ./Core/Src/stm32h7xx_it.o
                0x0000000008000d64                DebugMon_Handler
 .text.PendSV_Handler
                0x0000000008000d72        0xe ./Core/Src/stm32h7xx_it.o
                0x0000000008000d72                PendSV_Handler
 .text.SysTick_Handler
                0x0000000008000d80        0xc ./Core/Src/stm32h7xx_it.o
                0x0000000008000d80                SysTick_Handler
 .text.DMA1_Stream0_IRQHandler
                0x0000000008000d8c       0x14 ./Core/Src/stm32h7xx_it.o
                0x0000000008000d8c                DMA1_Stream0_IRQHandler
 .text.DMA2_Stream0_IRQHandler
                0x0000000008000da0       0x14 ./Core/Src/stm32h7xx_it.o
                0x0000000008000da0                DMA2_Stream0_IRQHandler
 .text.SystemInit
                0x0000000008000db4       0xf0 ./Core/Src/system_stm32h7xx.o
                0x0000000008000db4                SystemInit
 .text.Reset_Handler
                0x0000000008000ea4       0x50 ./Core/Startup/startup_stm32h723zgtx.o
                0x0000000008000ea4                Reset_Handler
 .text.Default_Handler
                0x0000000008000ef4        0x2 ./Core/Startup/startup_stm32h723zgtx.o
                0x0000000008000ef4                RTC_Alarm_IRQHandler
                0x0000000008000ef4                EXTI2_IRQHandler
                0x0000000008000ef4                TIM8_CC_IRQHandler
                0x0000000008000ef4                UART8_IRQHandler
                0x0000000008000ef4                SPI4_IRQHandler
                0x0000000008000ef4                FDCAN3_IT0_IRQHandler
                0x0000000008000ef4                TIM1_CC_IRQHandler
                0x0000000008000ef4                BDMA_Channel6_IRQHandler
                0x0000000008000ef4                DMA2_Stream5_IRQHandler
                0x0000000008000ef4                DMA1_Stream5_IRQHandler
                0x0000000008000ef4                CORDIC_IRQHandler
                0x0000000008000ef4                BDMA_Channel1_IRQHandler
                0x0000000008000ef4                TAMP_STAMP_IRQHandler
                0x0000000008000ef4                EXTI3_IRQHandler
                0x0000000008000ef4                LPTIM4_IRQHandler
                0x0000000008000ef4                TIM8_TRG_COM_TIM14_IRQHandler
                0x0000000008000ef4                LPTIM2_IRQHandler
                0x0000000008000ef4                DFSDM1_FLT1_IRQHandler
                0x0000000008000ef4                DMAMUX2_OVR_IRQHandler
                0x0000000008000ef4                TIM8_UP_TIM13_IRQHandler
                0x0000000008000ef4                I2C3_ER_IRQHandler
                0x0000000008000ef4                DFSDM1_FLT2_IRQHandler
                0x0000000008000ef4                I2C5_EV_IRQHandler
                0x0000000008000ef4                USART10_IRQHandler
                0x0000000008000ef4                MDMA_IRQHandler
                0x0000000008000ef4                LPTIM3_IRQHandler
                0x0000000008000ef4                HSEM1_IRQHandler
                0x0000000008000ef4                EXTI0_IRQHandler
                0x0000000008000ef4                I2C2_EV_IRQHandler
                0x0000000008000ef4                DMA1_Stream2_IRQHandler
                0x0000000008000ef4                FPU_IRQHandler
                0x0000000008000ef4                OTG_HS_WKUP_IRQHandler
                0x0000000008000ef4                FDCAN1_IT1_IRQHandler
                0x0000000008000ef4                LTDC_ER_IRQHandler
                0x0000000008000ef4                DMA2_Stream2_IRQHandler
                0x0000000008000ef4                SPI1_IRQHandler
                0x0000000008000ef4                OCTOSPI1_IRQHandler
                0x0000000008000ef4                TIM6_DAC_IRQHandler
                0x0000000008000ef4                DMA2_Stream3_IRQHandler
                0x0000000008000ef4                OCTOSPI2_IRQHandler
                0x0000000008000ef4                DFSDM1_FLT3_IRQHandler
                0x0000000008000ef4                TIM23_IRQHandler
                0x0000000008000ef4                USART6_IRQHandler
                0x0000000008000ef4                TIM17_IRQHandler
                0x0000000008000ef4                USART3_IRQHandler
                0x0000000008000ef4                BDMA_Channel7_IRQHandler
                0x0000000008000ef4                LPTIM5_IRQHandler
                0x0000000008000ef4                UART5_IRQHandler
                0x0000000008000ef4                ADC3_IRQHandler
                0x0000000008000ef4                TIM4_IRQHandler
                0x0000000008000ef4                BDMA_Channel2_IRQHandler
                0x0000000008000ef4                I2C1_EV_IRQHandler
                0x0000000008000ef4                DMA1_Stream6_IRQHandler
                0x0000000008000ef4                DMAMUX1_OVR_IRQHandler
                0x0000000008000ef4                DMA1_Stream1_IRQHandler
                0x0000000008000ef4                TIM16_IRQHandler
                0x0000000008000ef4                UART4_IRQHandler
                0x0000000008000ef4                BDMA_Channel5_IRQHandler
                0x0000000008000ef4                TIM3_IRQHandler
                0x0000000008000ef4                RCC_IRQHandler
                0x0000000008000ef4                UART9_IRQHandler
                0x0000000008000ef4                TIM8_BRK_TIM12_IRQHandler
                0x0000000008000ef4                TIM1_TRG_COM_IRQHandler
                0x0000000008000ef4                Default_Handler
                0x0000000008000ef4                ECC_IRQHandler
                0x0000000008000ef4                FMAC_IRQHandler
                0x0000000008000ef4                CEC_IRQHandler
                0x0000000008000ef4                EXTI15_10_IRQHandler
                0x0000000008000ef4                BDMA_Channel0_IRQHandler
                0x0000000008000ef4                ADC_IRQHandler
                0x0000000008000ef4                I2C5_ER_IRQHandler
                0x0000000008000ef4                DMA1_Stream7_IRQHandler
                0x0000000008000ef4                SPI5_IRQHandler
                0x0000000008000ef4                TIM7_IRQHandler
                0x0000000008000ef4                FDCAN3_IT1_IRQHandler
                0x0000000008000ef4                SDMMC1_IRQHandler
                0x0000000008000ef4                TIM5_IRQHandler
                0x0000000008000ef4                DMA2_Stream7_IRQHandler
                0x0000000008000ef4                TIM15_IRQHandler
                0x0000000008000ef4                PVD_AVD_IRQHandler
                0x0000000008000ef4                I2C3_EV_IRQHandler
                0x0000000008000ef4                EXTI9_5_IRQHandler
                0x0000000008000ef4                RTC_WKUP_IRQHandler
                0x0000000008000ef4                LTDC_IRQHandler
                0x0000000008000ef4                ETH_WKUP_IRQHandler
                0x0000000008000ef4                SPDIF_RX_IRQHandler
                0x0000000008000ef4                SPI2_IRQHandler
                0x0000000008000ef4                OTG_HS_EP1_IN_IRQHandler
                0x0000000008000ef4                TIM24_IRQHandler
                0x0000000008000ef4                CRS_IRQHandler
                0x0000000008000ef4                EXTI4_IRQHandler
                0x0000000008000ef4                RNG_IRQHandler
                0x0000000008000ef4                FDCAN2_IT1_IRQHandler
                0x0000000008000ef4                ETH_IRQHandler
                0x0000000008000ef4                TIM1_UP_IRQHandler
                0x0000000008000ef4                BDMA_Channel4_IRQHandler
                0x0000000008000ef4                OTG_HS_EP1_OUT_IRQHandler
                0x0000000008000ef4                WWDG_IRQHandler
                0x0000000008000ef4                SPI6_IRQHandler
                0x0000000008000ef4                MDIOS_IRQHandler
                0x0000000008000ef4                I2C4_EV_IRQHandler
                0x0000000008000ef4                FDCAN2_IT0_IRQHandler
                0x0000000008000ef4                LPUART1_IRQHandler
                0x0000000008000ef4                FDCAN1_IT0_IRQHandler
                0x0000000008000ef4                TIM2_IRQHandler
                0x0000000008000ef4                OTG_HS_IRQHandler
                0x0000000008000ef4                DMA2D_IRQHandler
                0x0000000008000ef4                TIM1_BRK_IRQHandler
                0x0000000008000ef4                EXTI1_IRQHandler
                0x0000000008000ef4                SDMMC2_IRQHandler
                0x0000000008000ef4                BDMA_Channel3_IRQHandler
                0x0000000008000ef4                DTS_IRQHandler
                0x0000000008000ef4                UART7_IRQHandler
                0x0000000008000ef4                MDIOS_WKUP_IRQHandler
                0x0000000008000ef4                USART2_IRQHandler
                0x0000000008000ef4                DFSDM1_FLT0_IRQHandler
                0x0000000008000ef4                SAI4_IRQHandler
                0x0000000008000ef4                I2C2_ER_IRQHandler
                0x0000000008000ef4                DMA2_Stream1_IRQHandler
                0x0000000008000ef4                FLASH_IRQHandler
                0x0000000008000ef4                DMA2_Stream4_IRQHandler
                0x0000000008000ef4                USART1_IRQHandler
                0x0000000008000ef4                SPI3_IRQHandler
                0x0000000008000ef4                WAKEUP_PIN_IRQHandler
                0x0000000008000ef4                DMA1_Stream4_IRQHandler
                0x0000000008000ef4                I2C1_ER_IRQHandler
                0x0000000008000ef4                FMC_IRQHandler
                0x0000000008000ef4                FDCAN_CAL_IRQHandler
                0x0000000008000ef4                SWPMI1_IRQHandler
                0x0000000008000ef4                COMP1_IRQHandler
                0x0000000008000ef4                LPTIM1_IRQHandler
                0x0000000008000ef4                DCMI_PSSI_IRQHandler
                0x0000000008000ef4                I2C4_ER_IRQHandler
                0x0000000008000ef4                DMA2_Stream6_IRQHandler
                0x0000000008000ef4                SAI1_IRQHandler
                0x0000000008000ef4                DMA1_Stream3_IRQHandler
 *fill*         0x0000000008000ef6        0x2 
 .text.HAL_Init
                0x0000000008000ef8       0x78 ./Drivers/STM32H7xx_HAL_Driver/Src/stm32h7xx_hal.o
                0x0000000008000ef8                HAL_Init
 .text.HAL_InitTick
                0x0000000008000f70       0x6c ./Drivers/STM32H7xx_HAL_Driver/Src/stm32h7xx_hal.o
                0x0000000008000f70                HAL_InitTick
 .text.HAL_IncTick
                0x0000000008000fdc       0x28 ./Drivers/STM32H7xx_HAL_Driver/Src/stm32h7xx_hal.o
                0x0000000008000fdc                HAL_IncTick
 .text.HAL_GetTick
                0x0000000008001004       0x18 ./Drivers/STM32H7xx_HAL_Driver/Src/stm32h7xx_hal.o
                0x0000000008001004                HAL_GetTick
 .text.HAL_Delay
                0x000000000800101c       0x48 ./Drivers/STM32H7xx_HAL_Driver/Src/stm32h7xx_hal.o
                0x000000000800101c                HAL_Delay
 .text.__NVIC_SetPriorityGrouping
                0x0000000008001064       0x48 ./Drivers/STM32H7xx_HAL_Driver/Src/stm32h7xx_hal_cortex.o
 .text.__NVIC_GetPriorityGrouping
                0x00000000080010ac       0x1c ./Drivers/STM32H7xx_HAL_Driver/Src/stm32h7xx_hal_cortex.o
 .text.__NVIC_EnableIRQ
                0x00000000080010c8       0x3c ./Drivers/STM32H7xx_HAL_Driver/Src/stm32h7xx_hal_cortex.o
 .text.__NVIC_SetPriority
                0x0000000008001104       0x54 ./Drivers/STM32H7xx_HAL_Driver/Src/stm32h7xx_hal_cortex.o
 .text.NVIC_EncodePriority
                0x0000000008001158       0x66 ./Drivers/STM32H7xx_HAL_Driver/Src/stm32h7xx_hal_cortex.o
 *fill*         0x00000000080011be        0x2 
 .text.SysTick_Config
                0x00000000080011c0       0x44 ./Drivers/STM32H7xx_HAL_Driver/Src/stm32h7xx_hal_cortex.o
 .text.HAL_NVIC_SetPriorityGrouping
                0x0000000008001204       0x16 ./Drivers/STM32H7xx_HAL_Driver/Src/stm32h7xx_hal_cortex.o
                0x0000000008001204                HAL_NVIC_SetPriorityGrouping
 .text.HAL_NVIC_SetPriority
                0x000000000800121a       0x34 ./Drivers/STM32H7xx_HAL_Driver/Src/stm32h7xx_hal_cortex.o
                0x000000000800121a                HAL_NVIC_SetPriority
 .text.HAL_NVIC_EnableIRQ
                0x000000000800124e       0x1c ./Drivers/STM32H7xx_HAL_Driver/Src/stm32h7xx_hal_cortex.o
                0x000000000800124e                HAL_NVIC_EnableIRQ
 .text.HAL_SYSTICK_Config
                0x000000000800126a       0x18 ./Drivers/STM32H7xx_HAL_Driver/Src/stm32h7xx_hal_cortex.o
                0x000000000800126a                HAL_SYSTICK_Config
 *fill*         0x0000000008001282        0x2 
 .text.HAL_MPU_Disable
                0x0000000008001284       0x30 ./Drivers/STM32H7xx_HAL_Driver/Src/stm32h7xx_hal_cortex.o
                0x0000000008001284                HAL_MPU_Disable
 .text.HAL_MPU_Enable
                0x00000000080012b4       0x40 ./Drivers/STM32H7xx_HAL_Driver/Src/stm32h7xx_hal_cortex.o
                0x00000000080012b4                HAL_MPU_Enable
 .text.HAL_MPU_ConfigRegion
                0x00000000080012f4       0x80 ./Drivers/STM32H7xx_HAL_Driver/Src/stm32h7xx_hal_cortex.o
                0x00000000080012f4                HAL_MPU_ConfigRegion
 .text.HAL_DMA_Init
                0x0000000008001374      0x6b0 ./Drivers/STM32H7xx_HAL_Driver/Src/stm32h7xx_hal_dma.o
                0x0000000008001374                HAL_DMA_Init
 .text.HAL_DMA_Start_IT
                0x0000000008001a24      0x4d4 ./Drivers/STM32H7xx_HAL_Driver/Src/stm32h7xx_hal_dma.o
                0x0000000008001a24                HAL_DMA_Start_IT
 .text.HAL_DMA_IRQHandler
                0x0000000008001ef8      0xe54 ./Drivers/STM32H7xx_HAL_Driver/Src/stm32h7xx_hal_dma.o
                0x0000000008001ef8                HAL_DMA_IRQHandler
 .text.HAL_DMA_GetError
                0x0000000008002d4c       0x18 ./Drivers/STM32H7xx_HAL_Driver/Src/stm32h7xx_hal_dma.o
                0x0000000008002d4c                HAL_DMA_GetError
 .text.DMA_SetConfig
                0x0000000008002d64      0x358 ./Drivers/STM32H7xx_HAL_Driver/Src/stm32h7xx_hal_dma.o
 .text.DMA_CalcBaseAndBitshift
                0x00000000080030bc      0x164 ./Drivers/STM32H7xx_HAL_Driver/Src/stm32h7xx_hal_dma.o
 .text.DMA_CheckFifoParam
                0x0000000008003220       0xf8 ./Drivers/STM32H7xx_HAL_Driver/Src/stm32h7xx_hal_dma.o
 .text.DMA_CalcDMAMUXChannelBaseAndMask
                0x0000000008003318      0x134 ./Drivers/STM32H7xx_HAL_Driver/Src/stm32h7xx_hal_dma.o
 .text.DMA_CalcDMAMUXRequestGenBaseAndMask
                0x000000000800344c       0xe8 ./Drivers/STM32H7xx_HAL_Driver/Src/stm32h7xx_hal_dma.o
 .text.HAL_GPIO_Init
                0x0000000008003534      0x350 ./Drivers/STM32H7xx_HAL_Driver/Src/stm32h7xx_hal_gpio.o
                0x0000000008003534                HAL_GPIO_Init
 .text.HAL_GPIO_WritePin
                0x0000000008003884       0x32 ./Drivers/STM32H7xx_HAL_Driver/Src/stm32h7xx_hal_gpio.o
                0x0000000008003884                HAL_GPIO_WritePin
 *fill*         0x00000000080038b6        0x2 
 .text.HAL_PWREx_ConfigSupply
                0x00000000080038b8       0x74 ./Drivers/STM32H7xx_HAL_Driver/Src/stm32h7xx_hal_pwr_ex.o
                0x00000000080038b8                HAL_PWREx_ConfigSupply
 .text.HAL_RCC_OscConfig
                0x000000000800392c      0x7b4 ./Drivers/STM32H7xx_HAL_Driver/Src/stm32h7xx_hal_rcc.o
                0x000000000800392c                HAL_RCC_OscConfig
 .text.HAL_RCC_ClockConfig
                0x00000000080040e0      0x36c ./Drivers/STM32H7xx_HAL_Driver/Src/stm32h7xx_hal_rcc.o
                0x00000000080040e0                HAL_RCC_ClockConfig
 .text.HAL_RCC_GetSysClockFreq
                0x000000000800444c      0x2f4 ./Drivers/STM32H7xx_HAL_Driver/Src/stm32h7xx_hal_rcc.o
                0x000000000800444c                HAL_RCC_GetSysClockFreq
 .text.HAL_RCC_GetHCLKFreq
                0x0000000008004740       0x60 ./Drivers/STM32H7xx_HAL_Driver/Src/stm32h7xx_hal_rcc.o
                0x0000000008004740                HAL_RCC_GetHCLKFreq
 .text.HAL_RCC_GetPCLK1Freq
                0x00000000080047a0       0x2c ./Drivers/STM32H7xx_HAL_Driver/Src/stm32h7xx_hal_rcc.o
                0x00000000080047a0                HAL_RCC_GetPCLK1Freq
 .text.HAL_RCCEx_PeriphCLKConfig
                0x00000000080047cc     0x1340 ./Drivers/STM32H7xx_HAL_Driver/Src/stm32h7xx_hal_rcc_ex.o
                0x00000000080047cc                HAL_RCCEx_PeriphCLKConfig
 .text.HAL_RCCEx_GetPeriphCLKFreq
                0x0000000008005b0c      0x9a4 ./Drivers/STM32H7xx_HAL_Driver/Src/stm32h7xx_hal_rcc_ex.o
                0x0000000008005b0c                HAL_RCCEx_GetPeriphCLKFreq
 .text.HAL_RCCEx_GetD3PCLK1Freq
                0x00000000080064b0       0x2c ./Drivers/STM32H7xx_HAL_Driver/Src/stm32h7xx_hal_rcc_ex.o
                0x00000000080064b0                HAL_RCCEx_GetD3PCLK1Freq
 .text.HAL_RCCEx_GetPLL2ClockFreq
                0x00000000080064dc      0x2a8 ./Drivers/STM32H7xx_HAL_Driver/Src/stm32h7xx_hal_rcc_ex.o
                0x00000000080064dc                HAL_RCCEx_GetPLL2ClockFreq
 .text.HAL_RCCEx_GetPLL3ClockFreq
                0x0000000008006784      0x2a8 ./Drivers/STM32H7xx_HAL_Driver/Src/stm32h7xx_hal_rcc_ex.o
                0x0000000008006784                HAL_RCCEx_GetPLL3ClockFreq
 .text.HAL_RCCEx_GetPLL1ClockFreq
                0x0000000008006a2c      0x2a4 ./Drivers/STM32H7xx_HAL_Driver/Src/stm32h7xx_hal_rcc_ex.o
                0x0000000008006a2c                HAL_RCCEx_GetPLL1ClockFreq
 .text.RCCEx_PLL2_Config
                0x0000000008006cd0      0x164 ./Drivers/STM32H7xx_HAL_Driver/Src/stm32h7xx_hal_rcc_ex.o
 .text.RCCEx_PLL3_Config
                0x0000000008006e34      0x164 ./Drivers/STM32H7xx_HAL_Driver/Src/stm32h7xx_hal_rcc_ex.o
 .text.HAL_SAI_InitProtocol
                0x0000000008006f98       0x62 ./Drivers/STM32H7xx_HAL_Driver/Src/stm32h7xx_hal_sai.o
                0x0000000008006f98                HAL_SAI_InitProtocol
 *fill*         0x0000000008006ffa        0x2 
 .text.HAL_SAI_Init
                0x0000000008006ffc      0x434 ./Drivers/STM32H7xx_HAL_Driver/Src/stm32h7xx_hal_sai.o
                0x0000000008006ffc                HAL_SAI_Init
 .text.HAL_SAI_Transmit_DMA
                0x0000000008007430      0x16c ./Drivers/STM32H7xx_HAL_Driver/Src/stm32h7xx_hal_sai.o
                0x0000000008007430                HAL_SAI_Transmit_DMA
 .text.HAL_SAI_Receive_DMA
                0x000000000800759c      0x128 ./Drivers/STM32H7xx_HAL_Driver/Src/stm32h7xx_hal_sai.o
                0x000000000800759c                HAL_SAI_Receive_DMA
 .text.HAL_SAI_ErrorCallback
                0x00000000080076c4       0x14 ./Drivers/STM32H7xx_HAL_Driver/Src/stm32h7xx_hal_sai.o
                0x00000000080076c4                HAL_SAI_ErrorCallback
 .text.SAI_InitI2S
                0x00000000080076d8      0x164 ./Drivers/STM32H7xx_HAL_Driver/Src/stm32h7xx_hal_sai.o
 .text.SAI_InitPCM
                0x000000000800783c      0x104 ./Drivers/STM32H7xx_HAL_Driver/Src/stm32h7xx_hal_sai.o
 .text.SAI_InterruptFlag
                0x0000000008007940       0x6e ./Drivers/STM32H7xx_HAL_Driver/Src/stm32h7xx_hal_sai.o
 *fill*         0x00000000080079ae        0x2 
 .text.SAI_Disable
                0x00000000080079b0       0x74 ./Drivers/STM32H7xx_HAL_Driver/Src/stm32h7xx_hal_sai.o
 .text.SAI_DMATxCplt
                0x0000000008007a24       0x60 ./Drivers/STM32H7xx_HAL_Driver/Src/stm32h7xx_hal_sai.o
 .text.SAI_DMATxHalfCplt
                0x0000000008007a84       0x1c ./Drivers/STM32H7xx_HAL_Driver/Src/stm32h7xx_hal_sai.o
 .text.SAI_DMARxCplt
                0x0000000008007aa0       0x60 ./Drivers/STM32H7xx_HAL_Driver/Src/stm32h7xx_hal_sai.o
 .text.SAI_DMARxHalfCplt
                0x0000000008007b00       0x1c ./Drivers/STM32H7xx_HAL_Driver/Src/stm32h7xx_hal_sai.o
 .text.SAI_DMAError
                0x0000000008007b1c       0x5e ./Drivers/STM32H7xx_HAL_Driver/Src/stm32h7xx_hal_sai.o
 *fill*         0x0000000008007b7a        0x2 
 .text.HAL_SPI_Init
                0x0000000008007b7c      0x248 ./Drivers/STM32H7xx_HAL_Driver/Src/stm32h7xx_hal_spi.o
                0x0000000008007b7c                HAL_SPI_Init
 .text.HAL_SPI_TransmitReceive
                0x0000000008007dc4      0x674 ./Drivers/STM32H7xx_HAL_Driver/Src/stm32h7xx_hal_spi.o
                0x0000000008007dc4                HAL_SPI_TransmitReceive
 .text.SPI_CloseTransfer
                0x0000000008008438      0x140 ./Drivers/STM32H7xx_HAL_Driver/Src/stm32h7xx_hal_spi.o
 .text.SPI_WaitOnFlagUntilTimeout
                0x0000000008008578       0x5c ./Drivers/STM32H7xx_HAL_Driver/Src/stm32h7xx_hal_spi.o
 .text.SPI_GetPacketSize
                0x00000000080085d4       0x36 ./Drivers/STM32H7xx_HAL_Driver/Src/stm32h7xx_hal_spi.o
 .text.memset   0x000000000800860a       0x10 C:/ST/STM32CubeIDE_1.13.2/STM32CubeIDE/plugins/com.st.stm32cube.ide.mcu.externaltools.gnu-tools-for-stm32.11.3.rel1.win32_1.1.100.202309141235/tools/bin/../lib/gcc/arm-none-eabi/11.3.1/../../../../arm-none-eabi/lib/thumb/v7e-m+dp/hard\libc_nano.a(libc_a-memset.o)
                0x000000000800860a                memset
 *fill*         0x000000000800861a        0x2 
 .text.__libc_init_array
                0x000000000800861c       0x48 C:/ST/STM32CubeIDE_1.13.2/STM32CubeIDE/plugins/com.st.stm32cube.ide.mcu.externaltools.gnu-tools-for-stm32.11.3.rel1.win32_1.1.100.202309141235/tools/bin/../lib/gcc/arm-none-eabi/11.3.1/../../../../arm-none-eabi/lib/thumb/v7e-m+dp/hard\libc_nano.a(libc_a-init.o)
                0x000000000800861c                __libc_init_array
 *(.glue_7)
 .glue_7        0x0000000008008664        0x0 linker stubs
 *(.glue_7t)
 .glue_7t       0x0000000008008664        0x0 linker stubs
 *(.eh_frame)
 .eh_frame      0x0000000008008664        0x0 C:/ST/STM32CubeIDE_1.13.2/STM32CubeIDE/plugins/com.st.stm32cube.ide.mcu.externaltools.gnu-tools-for-stm32.11.3.rel1.win32_1.1.100.202309141235/tools/bin/../lib/gcc/arm-none-eabi/11.3.1/thumb/v7e-m+dp/hard/crtbegin.o
 *(.init)
 .init          0x0000000008008664        0x4 C:/ST/STM32CubeIDE_1.13.2/STM32CubeIDE/plugins/com.st.stm32cube.ide.mcu.externaltools.gnu-tools-for-stm32.11.3.rel1.win32_1.1.100.202309141235/tools/bin/../lib/gcc/arm-none-eabi/11.3.1/thumb/v7e-m+dp/hard/crti.o
                0x0000000008008664                _init
 .init          0x0000000008008668        0x8 C:/ST/STM32CubeIDE_1.13.2/STM32CubeIDE/plugins/com.st.stm32cube.ide.mcu.externaltools.gnu-tools-for-stm32.11.3.rel1.win32_1.1.100.202309141235/tools/bin/../lib/gcc/arm-none-eabi/11.3.1/thumb/v7e-m+dp/hard/crtn.o
 *(.fini)
 .fini          0x0000000008008670        0x4 C:/ST/STM32CubeIDE_1.13.2/STM32CubeIDE/plugins/com.st.stm32cube.ide.mcu.externaltools.gnu-tools-for-stm32.11.3.rel1.win32_1.1.100.202309141235/tools/bin/../lib/gcc/arm-none-eabi/11.3.1/thumb/v7e-m+dp/hard/crti.o
                0x0000000008008670                _fini
 .fini          0x0000000008008674        0x8 C:/ST/STM32CubeIDE_1.13.2/STM32CubeIDE/plugins/com.st.stm32cube.ide.mcu.externaltools.gnu-tools-for-stm32.11.3.rel1.win32_1.1.100.202309141235/tools/bin/../lib/gcc/arm-none-eabi/11.3.1/thumb/v7e-m+dp/hard/crtn.o
                0x000000000800867c                . = ALIGN (0x4)
                0x000000000800867c                _etext = .

.vfp11_veneer   0x000000000800867c        0x0
 .vfp11_veneer  0x000000000800867c        0x0 linker stubs

.v4_bx          0x000000000800867c        0x0
 .v4_bx         0x000000000800867c        0x0 linker stubs

.iplt           0x000000000800867c        0x0
 .iplt          0x000000000800867c        0x0 C:/ST/STM32CubeIDE_1.13.2/STM32CubeIDE/plugins/com.st.stm32cube.ide.mcu.externaltools.gnu-tools-for-stm32.11.3.rel1.win32_1.1.100.202309141235/tools/bin/../lib/gcc/arm-none-eabi/11.3.1/thumb/v7e-m+dp/hard/crtbegin.o

.rodata         0x000000000800867c       0x18
                0x000000000800867c                . = ALIGN (0x4)
 *(.rodata)
 *(.rodata*)
 .rodata.D1CorePrescTable
                0x000000000800867c       0x10 ./Core/Src/system_stm32h7xx.o
                0x000000000800867c                D1CorePrescTable
 .rodata.flagBitshiftOffset.0
                0x000000000800868c        0x8 ./Drivers/STM32H7xx_HAL_Driver/Src/stm32h7xx_hal_dma.o
                0x0000000008008694                . = ALIGN (0x4)

.rel.dyn        0x0000000008008694        0x0
 .rel.iplt      0x0000000008008694        0x0 C:/ST/STM32CubeIDE_1.13.2/STM32CubeIDE/plugins/com.st.stm32cube.ide.mcu.externaltools.gnu-tools-for-stm32.11.3.rel1.win32_1.1.100.202309141235/tools/bin/../lib/gcc/arm-none-eabi/11.3.1/thumb/v7e-m+dp/hard/crtbegin.o

.ARM.extab
 *(.ARM.extab* .gnu.linkonce.armextab.*)

.ARM            0x0000000008008694        0x0
                0x0000000008008694                __exidx_start = .
 *(.ARM.exidx*)
                0x0000000008008694                __exidx_end = .

.preinit_array  0x0000000008008694        0x0
                0x0000000008008694                PROVIDE (__preinit_array_start = .)
 *(.preinit_array*)
                0x0000000008008694                PROVIDE (__preinit_array_end = .)

.init_array     0x0000000008008694        0x4
                0x0000000008008694                PROVIDE (__init_array_start = .)
 *(SORT_BY_NAME(.init_array.*))
 *(.init_array*)
 .init_array    0x0000000008008694        0x4 C:/ST/STM32CubeIDE_1.13.2/STM32CubeIDE/plugins/com.st.stm32cube.ide.mcu.externaltools.gnu-tools-for-stm32.11.3.rel1.win32_1.1.100.202309141235/tools/bin/../lib/gcc/arm-none-eabi/11.3.1/thumb/v7e-m+dp/hard/crtbegin.o
                0x0000000008008698                PROVIDE (__init_array_end = .)

.fini_array     0x0000000008008698        0x4
                [!provide]                        PROVIDE (__fini_array_start = .)
 *(SORT_BY_NAME(.fini_array.*))
 *(.fini_array*)
 .fini_array    0x0000000008008698        0x4 C:/ST/STM32CubeIDE_1.13.2/STM32CubeIDE/plugins/com.st.stm32cube.ide.mcu.externaltools.gnu-tools-for-stm32.11.3.rel1.win32_1.1.100.202309141235/tools/bin/../lib/gcc/arm-none-eabi/11.3.1/thumb/v7e-m+dp/hard/crtbegin.o
                [!provide]                        PROVIDE (__fini_array_end = .)
                0x000000000800869c                _sidata = LOADADDR (.data)

.data           0x0000000024000000       0x10 load address 0x000000000800869c
                0x0000000024000000                . = ALIGN (0x4)
                0x0000000024000000                _sdata = .
 *(.data)
 *(.data*)
 .data.SystemCoreClock
                0x0000000024000000        0x4 ./Core/Src/system_stm32h7xx.o
                0x0000000024000000                SystemCoreClock
 .data.SystemD2Clock
                0x0000000024000004        0x4 ./Core/Src/system_stm32h7xx.o
                0x0000000024000004                SystemD2Clock
 .data.uwTickPrio
                0x0000000024000008        0x4 ./Drivers/STM32H7xx_HAL_Driver/Src/stm32h7xx_hal.o
                0x0000000024000008                uwTickPrio
 .data.uwTickFreq
                0x000000002400000c        0x1 ./Drivers/STM32H7xx_HAL_Driver/Src/stm32h7xx_hal.o
                0x000000002400000c                uwTickFreq
 *(.RamFunc)
 *(.RamFunc*)
                0x0000000024000010                . = ALIGN (0x4)
 *fill*         0x000000002400000d        0x3 
                0x0000000024000010                _edata = .

.igot.plt       0x0000000024000010        0x0 load address 0x00000000080086ac
 .igot.plt      0x0000000024000010        0x0 C:/ST/STM32CubeIDE_1.13.2/STM32CubeIDE/plugins/com.st.stm32cube.ide.mcu.externaltools.gnu-tools-for-stm32.11.3.rel1.win32_1.1.100.202309141235/tools/bin/../lib/gcc/arm-none-eabi/11.3.1/thumb/v7e-m+dp/hard/crtbegin.o
                0x0000000024000010                . = ALIGN (0x4)

.bss            0x0000000024000010      0x35c load address 0x00000000080086ac
                0x0000000024000010                _sbss = .
                0x0000000024000010                __bss_start__ = _sbss
 *(.bss)
 .bss           0x0000000024000010       0x1c C:/ST/STM32CubeIDE_1.13.2/STM32CubeIDE/plugins/com.st.stm32cube.ide.mcu.externaltools.gnu-tools-for-stm32.11.3.rel1.win32_1.1.100.202309141235/tools/bin/../lib/gcc/arm-none-eabi/11.3.1/thumb/v7e-m+dp/hard/crtbegin.o
 *(.bss*)
 .bss.AD1939_spi
                0x000000002400002c        0x4 ./Core/Src/AD1939_driver.o
 .bss.TXdata    0x0000000024000030        0x3 ./Core/Src/AD1939_driver.o
 *fill*         0x0000000024000033        0x1 
 .bss.RXdata    0x0000000024000034        0x3 ./Core/Src/AD1939_driver.o
 *fill*         0x0000000024000037        0x1 
 .bss.hsai_BlockA1
                0x0000000024000038       0x98 ./Core/Src/main.o
                0x0000000024000038                hsai_BlockA1
 .bss.hsai_BlockB1
                0x00000000240000d0       0x98 ./Core/Src/main.o
                0x00000000240000d0                hsai_BlockB1
 .bss.hdma_sai1_a
                0x0000000024000168       0x78 ./Core/Src/main.o
                0x0000000024000168                hdma_sai1_a
 .bss.hdma_sai1_b
                0x00000000240001e0       0x78 ./Core/Src/main.o
                0x00000000240001e0                hdma_sai1_b
 .bss.hspi1     0x0000000024000258       0x88 ./Core/Src/main.o
                0x0000000024000258                hspi1
 .bss.ADC_HALF_COMPLETE_FLAG
                0x00000000240002e0        0x1 ./Core/Src/main.o
                0x00000000240002e0                ADC_HALF_COMPLETE_FLAG
 .bss.DAC_HALF_COMPLETE_FLAG
                0x00000000240002e1        0x1 ./Core/Src/main.o
                0x00000000240002e1                DAC_HALF_COMPLETE_FLAG
 *fill*         0x00000000240002e2        0x2 
 .bss.input_i2s_buffer_au32
                0x00000000240002e4       0x40 ./Core/Src/main.o
                0x00000000240002e4                input_i2s_buffer_au32
 .bss.output_i2s_buffer_au32
                0x0000000024000324       0x40 ./Core/Src/main.o
                0x0000000024000324                output_i2s_buffer_au32
 .bss.SAI1_client
                0x0000000024000364        0x4 ./Core/Src/stm32h7xx_hal_msp.o
 .bss.uwTick    0x0000000024000368        0x4 ./Drivers/STM32H7xx_HAL_Driver/Src/stm32h7xx_hal.o
                0x0000000024000368                uwTick
 *(COMMON)
                0x000000002400036c                . = ALIGN (0x4)
                0x000000002400036c                _ebss = .
                0x000000002400036c                __bss_end__ = _ebss

._user_heap_stack
                0x000000002400036c      0x604 load address 0x00000000080086ac
                0x0000000024000370                . = ALIGN (0x8)
 *fill*         0x000000002400036c        0x4 
                [!provide]                        PROVIDE (end = .)
                0x0000000024000370                PROVIDE (_end = .)
                0x0000000024000570                . = (. + _Min_Heap_Size)
 *fill*         0x0000000024000370      0x200 
                0x0000000024000970                . = (. + _Min_Stack_Size)
 *fill*         0x0000000024000570      0x400 
                0x0000000024000970                . = ALIGN (0x8)

/DISCARD/
 libc.a(*)
 libm.a(*)
 libgcc.a(*)

.ARM.attributes
                0x0000000000000000       0x2e
 *(.ARM.attributes)
 .ARM.attributes
                0x0000000000000000       0x1e C:/ST/STM32CubeIDE_1.13.2/STM32CubeIDE/plugins/com.st.stm32cube.ide.mcu.externaltools.gnu-tools-for-stm32.11.3.rel1.win32_1.1.100.202309141235/tools/bin/../lib/gcc/arm-none-eabi/11.3.1/thumb/v7e-m+dp/hard/crti.o
 .ARM.attributes
                0x000000000000001e       0x32 C:/ST/STM32CubeIDE_1.13.2/STM32CubeIDE/plugins/com.st.stm32cube.ide.mcu.externaltools.gnu-tools-for-stm32.11.3.rel1.win32_1.1.100.202309141235/tools/bin/../lib/gcc/arm-none-eabi/11.3.1/thumb/v7e-m+dp/hard/crtbegin.o
 .ARM.attributes
                0x0000000000000050       0x32 ./Core/Src/AD1939_driver.o
 .ARM.attributes
                0x0000000000000082       0x32 ./Core/Src/main.o
 .ARM.attributes
                0x00000000000000b4       0x32 ./Core/Src/stm32h7xx_hal_msp.o
 .ARM.attributes
                0x00000000000000e6       0x32 ./Core/Src/stm32h7xx_it.o
 .ARM.attributes
                0x0000000000000118       0x32 ./Core/Src/system_stm32h7xx.o
 .ARM.attributes
                0x000000000000014a       0x21 ./Core/Startup/startup_stm32h723zgtx.o
 .ARM.attributes
                0x000000000000016b       0x32 ./Drivers/STM32H7xx_HAL_Driver/Src/stm32h7xx_hal.o
 .ARM.attributes
                0x000000000000019d       0x32 ./Drivers/STM32H7xx_HAL_Driver/Src/stm32h7xx_hal_cortex.o
 .ARM.attributes
                0x00000000000001cf       0x32 ./Drivers/STM32H7xx_HAL_Driver/Src/stm32h7xx_hal_dma.o
 .ARM.attributes
                0x0000000000000201       0x32 ./Drivers/STM32H7xx_HAL_Driver/Src/stm32h7xx_hal_gpio.o
 .ARM.attributes
                0x0000000000000233       0x32 ./Drivers/STM32H7xx_HAL_Driver/Src/stm32h7xx_hal_pwr_ex.o
 .ARM.attributes
                0x0000000000000265       0x32 ./Drivers/STM32H7xx_HAL_Driver/Src/stm32h7xx_hal_rcc.o
 .ARM.attributes
                0x0000000000000297       0x32 ./Drivers/STM32H7xx_HAL_Driver/Src/stm32h7xx_hal_rcc_ex.o
 .ARM.attributes
                0x00000000000002c9       0x32 ./Drivers/STM32H7xx_HAL_Driver/Src/stm32h7xx_hal_sai.o
 .ARM.attributes
                0x00000000000002fb       0x32 ./Drivers/STM32H7xx_HAL_Driver/Src/stm32h7xx_hal_spi.o
 .ARM.attributes
                0x000000000000032d       0x32 C:/ST/STM32CubeIDE_1.13.2/STM32CubeIDE/plugins/com.st.stm32cube.ide.mcu.externaltools.gnu-tools-for-stm32.11.3.rel1.win32_1.1.100.202309141235/tools/bin/../lib/gcc/arm-none-eabi/11.3.1/../../../../arm-none-eabi/lib/thumb/v7e-m+dp/hard\libc_nano.a(libc_a-memset.o)
 .ARM.attributes
                0x000000000000035f       0x32 C:/ST/STM32CubeIDE_1.13.2/STM32CubeIDE/plugins/com.st.stm32cube.ide.mcu.externaltools.gnu-tools-for-stm32.11.3.rel1.win32_1.1.100.202309141235/tools/bin/../lib/gcc/arm-none-eabi/11.3.1/../../../../arm-none-eabi/lib/thumb/v7e-m+dp/hard\libc_nano.a(libc_a-init.o)
 .ARM.attributes
                0x0000000000000391       0x1e C:/ST/STM32CubeIDE_1.13.2/STM32CubeIDE/plugins/com.st.stm32cube.ide.mcu.externaltools.gnu-tools-for-stm32.11.3.rel1.win32_1.1.100.202309141235/tools/bin/../lib/gcc/arm-none-eabi/11.3.1/thumb/v7e-m+dp/hard/crtn.o
OUTPUT(stm_audio_board_V3_DSP_TEST.elf elf32-littlearm)
LOAD linker stubs
LOAD C:/ST/STM32CubeIDE_1.13.2/STM32CubeIDE/plugins/com.st.stm32cube.ide.mcu.externaltools.gnu-tools-for-stm32.11.3.rel1.win32_1.1.100.202309141235/tools/bin/../lib/gcc/arm-none-eabi/11.3.1/../../../../arm-none-eabi/lib/thumb/v7e-m+dp/hard\libc.a
LOAD C:/ST/STM32CubeIDE_1.13.2/STM32CubeIDE/plugins/com.st.stm32cube.ide.mcu.externaltools.gnu-tools-for-stm32.11.3.rel1.win32_1.1.100.202309141235/tools/bin/../lib/gcc/arm-none-eabi/11.3.1/../../../../arm-none-eabi/lib/thumb/v7e-m+dp/hard\libm.a
LOAD C:/ST/STM32CubeIDE_1.13.2/STM32CubeIDE/plugins/com.st.stm32cube.ide.mcu.externaltools.gnu-tools-for-stm32.11.3.rel1.win32_1.1.100.202309141235/tools/bin/../lib/gcc/arm-none-eabi/11.3.1/thumb/v7e-m+dp/hard\libgcc.a

.comment        0x0000000000000000       0x43
 .comment       0x0000000000000000       0x43 C:/ST/STM32CubeIDE_1.13.2/STM32CubeIDE/plugins/com.st.stm32cube.ide.mcu.externaltools.gnu-tools-for-stm32.11.3.rel1.win32_1.1.100.202309141235/tools/bin/../lib/gcc/arm-none-eabi/11.3.1/thumb/v7e-m+dp/hard/crtbegin.o
                                         0x44 (size before relaxing)
 .comment       0x0000000000000043       0x44 ./Core/Src/AD1939_driver.o
 .comment       0x0000000000000043       0x44 ./Core/Src/main.o
 .comment       0x0000000000000043       0x44 ./Core/Src/stm32h7xx_hal_msp.o
 .comment       0x0000000000000043       0x44 ./Core/Src/stm32h7xx_it.o
 .comment       0x0000000000000043       0x44 ./Core/Src/system_stm32h7xx.o
 .comment       0x0000000000000043       0x44 ./Drivers/STM32H7xx_HAL_Driver/Src/stm32h7xx_hal.o
 .comment       0x0000000000000043       0x44 ./Drivers/STM32H7xx_HAL_Driver/Src/stm32h7xx_hal_cortex.o
 .comment       0x0000000000000043       0x44 ./Drivers/STM32H7xx_HAL_Driver/Src/stm32h7xx_hal_dma.o
 .comment       0x0000000000000043       0x44 ./Drivers/STM32H7xx_HAL_Driver/Src/stm32h7xx_hal_gpio.o
 .comment       0x0000000000000043       0x44 ./Drivers/STM32H7xx_HAL_Driver/Src/stm32h7xx_hal_pwr_ex.o
 .comment       0x0000000000000043       0x44 ./Drivers/STM32H7xx_HAL_Driver/Src/stm32h7xx_hal_rcc.o
 .comment       0x0000000000000043       0x44 ./Drivers/STM32H7xx_HAL_Driver/Src/stm32h7xx_hal_rcc_ex.o
 .comment       0x0000000000000043       0x44 ./Drivers/STM32H7xx_HAL_Driver/Src/stm32h7xx_hal_sai.o
 .comment       0x0000000000000043       0x44 ./Drivers/STM32H7xx_HAL_Driver/Src/stm32h7xx_hal_spi.o

.debug_info     0x0000000000000000     0xddc9
 .debug_info    0x0000000000000000      0x903 ./Core/Src/AD1939_driver.o
 .debug_info    0x0000000000000903     0x1e9e ./Core/Src/main.o
 .debug_info    0x00000000000027a1     0x1244 ./Core/Src/stm32h7xx_hal_msp.o
 .debug_info    0x00000000000039e5      0x461 ./Core/Src/stm32h7xx_it.o
 .debug_info    0x0000000000003e46      0xb2e ./Core/Src/system_stm32h7xx.o
 .debug_info    0x0000000000004974       0x23 ./Core/Startup/startup_stm32h723zgtx.o
 .debug_info    0x0000000000004997     0x1698 ./Drivers/STM32H7xx_HAL_Driver/Src/stm32h7xx_hal.o
 .debug_info    0x000000000000602f     0x10a0 ./Drivers/STM32H7xx_HAL_Driver/Src/stm32h7xx_hal_cortex.o
 .debug_info    0x00000000000070cf      0xb67 ./Drivers/STM32H7xx_HAL_Driver/Src/stm32h7xx_hal_dma.o
 .debug_info    0x0000000000007c36      0xc5c ./Drivers/STM32H7xx_HAL_Driver/Src/stm32h7xx_hal_gpio.o
 .debug_info    0x0000000000008892      0xdc4 ./Drivers/STM32H7xx_HAL_Driver/Src/stm32h7xx_hal_pwr_ex.o
 .debug_info    0x0000000000009656      0xd73 ./Drivers/STM32H7xx_HAL_Driver/Src/stm32h7xx_hal_rcc.o
 .debug_info    0x000000000000a3c9     0x11fc ./Drivers/STM32H7xx_HAL_Driver/Src/stm32h7xx_hal_rcc_ex.o
 .debug_info    0x000000000000b5c5     0x13c4 ./Drivers/STM32H7xx_HAL_Driver/Src/stm32h7xx_hal_sai.o
 .debug_info    0x000000000000c989     0x1440 ./Drivers/STM32H7xx_HAL_Driver/Src/stm32h7xx_hal_spi.o

.debug_abbrev   0x0000000000000000     0x20fd
 .debug_abbrev  0x0000000000000000      0x1c7 ./Core/Src/AD1939_driver.o
 .debug_abbrev  0x00000000000001c7      0x323 ./Core/Src/main.o
 .debug_abbrev  0x00000000000004ea      0x252 ./Core/Src/stm32h7xx_hal_msp.o
 .debug_abbrev  0x000000000000073c      0x16f ./Core/Src/stm32h7xx_it.o
 .debug_abbrev  0x00000000000008ab      0x13a ./Core/Src/system_stm32h7xx.o
 .debug_abbrev  0x00000000000009e5       0x12 ./Core/Startup/startup_stm32h723zgtx.o
 .debug_abbrev  0x00000000000009f7      0x29e ./Drivers/STM32H7xx_HAL_Driver/Src/stm32h7xx_hal.o
 .debug_abbrev  0x0000000000000c95      0x339 ./Drivers/STM32H7xx_HAL_Driver/Src/stm32h7xx_hal_cortex.o
 .debug_abbrev  0x0000000000000fce      0x248 ./Drivers/STM32H7xx_HAL_Driver/Src/stm32h7xx_hal_dma.o
 .debug_abbrev  0x0000000000001216      0x1fe ./Drivers/STM32H7xx_HAL_Driver/Src/stm32h7xx_hal_gpio.o
 .debug_abbrev  0x0000000000001414      0x295 ./Drivers/STM32H7xx_HAL_Driver/Src/stm32h7xx_hal_pwr_ex.o
 .debug_abbrev  0x00000000000016a9      0x2b1 ./Drivers/STM32H7xx_HAL_Driver/Src/stm32h7xx_hal_rcc.o
 .debug_abbrev  0x000000000000195a      0x269 ./Drivers/STM32H7xx_HAL_Driver/Src/stm32h7xx_hal_rcc_ex.o
 .debug_abbrev  0x0000000000001bc3      0x289 ./Drivers/STM32H7xx_HAL_Driver/Src/stm32h7xx_hal_sai.o
 .debug_abbrev  0x0000000000001e4c      0x2b1 ./Drivers/STM32H7xx_HAL_Driver/Src/stm32h7xx_hal_spi.o

.debug_aranges  0x0000000000000000      0xb90
 .debug_aranges
                0x0000000000000000       0x38 ./Core/Src/AD1939_driver.o
 .debug_aranges
                0x0000000000000038       0x80 ./Core/Src/main.o
 .debug_aranges
                0x00000000000000b8       0x40 ./Core/Src/stm32h7xx_hal_msp.o
 .debug_aranges
                0x00000000000000f8       0x70 ./Core/Src/stm32h7xx_it.o
 .debug_aranges
                0x0000000000000168       0x28 ./Core/Src/system_stm32h7xx.o
 .debug_aranges
                0x0000000000000190       0x28 ./Core/Startup/startup_stm32h723zgtx.o
 .debug_aranges
                0x00000000000001b8      0x1c8 ./Drivers/STM32H7xx_HAL_Driver/Src/stm32h7xx_hal.o
 .debug_aranges
                0x0000000000000380      0x130 ./Drivers/STM32H7xx_HAL_Driver/Src/stm32h7xx_hal_cortex.o
 .debug_aranges
                0x00000000000004b0       0xa0 ./Drivers/STM32H7xx_HAL_Driver/Src/stm32h7xx_hal_dma.o
 .debug_aranges
                0x0000000000000550       0x58 ./Drivers/STM32H7xx_HAL_Driver/Src/stm32h7xx_hal_gpio.o
 .debug_aranges
                0x00000000000005a8      0x148 ./Drivers/STM32H7xx_HAL_Driver/Src/stm32h7xx_hal_pwr_ex.o
 .debug_aranges
                0x00000000000006f0       0x88 ./Drivers/STM32H7xx_HAL_Driver/Src/stm32h7xx_hal_rcc.o
 .debug_aranges
                0x0000000000000778       0xf8 ./Drivers/STM32H7xx_HAL_Driver/Src/stm32h7xx_hal_rcc_ex.o
 .debug_aranges
                0x0000000000000870      0x178 ./Drivers/STM32H7xx_HAL_Driver/Src/stm32h7xx_hal_sai.o
 .debug_aranges
                0x00000000000009e8      0x1a8 ./Drivers/STM32H7xx_HAL_Driver/Src/stm32h7xx_hal_spi.o

.debug_rnglists
                0x0000000000000000      0x8c7
 .debug_rnglists
                0x0000000000000000       0x26 ./Core/Src/AD1939_driver.o
 .debug_rnglists
                0x0000000000000026       0x5f ./Core/Src/main.o
 .debug_rnglists
                0x0000000000000085       0x2e ./Core/Src/stm32h7xx_hal_msp.o
 .debug_rnglists
                0x00000000000000b3       0x4f ./Core/Src/stm32h7xx_it.o
 .debug_rnglists
                0x0000000000000102       0x1b ./Core/Src/system_stm32h7xx.o
 .debug_rnglists
                0x000000000000011d       0x19 ./Core/Startup/startup_stm32h723zgtx.o
 .debug_rnglists
                0x0000000000000136      0x155 ./Drivers/STM32H7xx_HAL_Driver/Src/stm32h7xx_hal.o
 .debug_rnglists
                0x000000000000028b       0xe0 ./Drivers/STM32H7xx_HAL_Driver/Src/stm32h7xx_hal_cortex.o
 .debug_rnglists
                0x000000000000036b       0x82 ./Drivers/STM32H7xx_HAL_Driver/Src/stm32h7xx_hal_dma.o
 .debug_rnglists
                0x00000000000003ed       0x3f ./Drivers/STM32H7xx_HAL_Driver/Src/stm32h7xx_hal_gpio.o
 .debug_rnglists
                0x000000000000042c       0xf5 ./Drivers/STM32H7xx_HAL_Driver/Src/stm32h7xx_hal_pwr_ex.o
 .debug_rnglists
                0x0000000000000521       0x68 ./Drivers/STM32H7xx_HAL_Driver/Src/stm32h7xx_hal_rcc.o
 .debug_rnglists
                0x0000000000000589       0xc0 ./Drivers/STM32H7xx_HAL_Driver/Src/stm32h7xx_hal_rcc_ex.o
 .debug_rnglists
                0x0000000000000649      0x136 ./Drivers/STM32H7xx_HAL_Driver/Src/stm32h7xx_hal_sai.o
 .debug_rnglists
                0x000000000000077f      0x148 ./Drivers/STM32H7xx_HAL_Driver/Src/stm32h7xx_hal_spi.o

.debug_macro    0x0000000000000000    0x31b5c
 .debug_macro   0x0000000000000000      0x2cc ./Core/Src/AD1939_driver.o
 .debug_macro   0x00000000000002cc      0xac0 ./Core/Src/AD1939_driver.o
 .debug_macro   0x0000000000000d8c      0x238 ./Core/Src/AD1939_driver.o
 .debug_macro   0x0000000000000fc4       0x2e ./Core/Src/AD1939_driver.o
 .debug_macro   0x0000000000000ff2       0x3b ./Core/Src/AD1939_driver.o
 .debug_macro   0x000000000000102d       0x22 ./Core/Src/AD1939_driver.o
 .debug_macro   0x000000000000104f       0x8e ./Core/Src/AD1939_driver.o
 .debug_macro   0x00000000000010dd       0x51 ./Core/Src/AD1939_driver.o
 .debug_macro   0x000000000000112e      0x103 ./Core/Src/AD1939_driver.o
 .debug_macro   0x0000000000001231       0x6a ./Core/Src/AD1939_driver.o
 .debug_macro   0x000000000000129b      0x1df ./Core/Src/AD1939_driver.o
 .debug_macro   0x000000000000147a       0x1c ./Core/Src/AD1939_driver.o
 .debug_macro   0x0000000000001496       0x22 ./Core/Src/AD1939_driver.o
 .debug_macro   0x00000000000014b8       0xfb ./Core/Src/AD1939_driver.o
 .debug_macro   0x00000000000015b3     0x1305 ./Core/Src/AD1939_driver.o
 .debug_macro   0x00000000000028b8      0x11f ./Core/Src/AD1939_driver.o
 .debug_macro   0x00000000000029d7       0x27 ./Core/Src/AD1939_driver.o
 .debug_macro   0x00000000000029fe    0x2127f ./Core/Src/AD1939_driver.o
 .debug_macro   0x0000000000023c7d       0x6d ./Core/Src/AD1939_driver.o
 .debug_macro   0x0000000000023cea     0x3d64 ./Core/Src/AD1939_driver.o
 .debug_macro   0x0000000000027a4e      0x174 ./Core/Src/AD1939_driver.o
 .debug_macro   0x0000000000027bc2       0x61 ./Core/Src/AD1939_driver.o
 .debug_macro   0x0000000000027c23       0x29 ./Core/Src/AD1939_driver.o
 .debug_macro   0x0000000000027c4c       0x43 ./Core/Src/AD1939_driver.o
 .debug_macro   0x0000000000027c8f       0x34 ./Core/Src/AD1939_driver.o
 .debug_macro   0x0000000000027cc3       0x16 ./Core/Src/AD1939_driver.o
 .debug_macro   0x0000000000027cd9       0x43 ./Core/Src/AD1939_driver.o
 .debug_macro   0x0000000000027d1c       0x34 ./Core/Src/AD1939_driver.o
 .debug_macro   0x0000000000027d50       0x10 ./Core/Src/AD1939_driver.o
 .debug_macro   0x0000000000027d60       0x58 ./Core/Src/AD1939_driver.o
 .debug_macro   0x0000000000027db8       0x8e ./Core/Src/AD1939_driver.o
 .debug_macro   0x0000000000027e46       0x1c ./Core/Src/AD1939_driver.o
 .debug_macro   0x0000000000027e62      0x177 ./Core/Src/AD1939_driver.o
 .debug_macro   0x0000000000027fd9      0x369 ./Core/Src/AD1939_driver.o
 .debug_macro   0x0000000000028342      0x19b ./Core/Src/AD1939_driver.o
 .debug_macro   0x00000000000284dd       0x5d ./Core/Src/AD1939_driver.o
 .debug_macro   0x000000000002853a     0x2462 ./Core/Src/AD1939_driver.o
 .debug_macro   0x000000000002a99c     0x1079 ./Core/Src/AD1939_driver.o
 .debug_macro   0x000000000002ba15      0x154 ./Core/Src/AD1939_driver.o
 .debug_macro   0x000000000002bb69      0x114 ./Core/Src/AD1939_driver.o
 .debug_macro   0x000000000002bc7d      0x3fc ./Core/Src/AD1939_driver.o
 .debug_macro   0x000000000002c079       0xac ./Core/Src/AD1939_driver.o
 .debug_macro   0x000000000002c125      0x788 ./Core/Src/AD1939_driver.o
 .debug_macro   0x000000000002c8ad      0x228 ./Core/Src/AD1939_driver.o
 .debug_macro   0x000000000002cad5       0x66 ./Core/Src/AD1939_driver.o
 .debug_macro   0x000000000002cb3b      0x3a6 ./Core/Src/AD1939_driver.o
 .debug_macro   0x000000000002cee1      0x3f9 ./Core/Src/AD1939_driver.o
 .debug_macro   0x000000000002d2da      0x275 ./Core/Src/AD1939_driver.o
 .debug_macro   0x000000000002d54f      0x3ca ./Core/Src/AD1939_driver.o
 .debug_macro   0x000000000002d919      0x45c ./Core/Src/AD1939_driver.o
 .debug_macro   0x000000000002dd75       0x3c ./Core/Src/AD1939_driver.o
 .debug_macro   0x000000000002ddb1       0x4a ./Core/Src/AD1939_driver.o
 .debug_macro   0x000000000002ddfb      0x22c ./Core/Src/AD1939_driver.o
 .debug_macro   0x000000000002e027       0x67 ./Core/Src/AD1939_driver.o
 .debug_macro   0x000000000002e08e       0xa5 ./Core/Src/AD1939_driver.o
 .debug_macro   0x000000000002e133      0x1c4 ./Core/Src/AD1939_driver.o
 .debug_macro   0x000000000002e2f7      0x22a ./Core/Src/AD1939_driver.o
 .debug_macro   0x000000000002e521       0x35 ./Core/Src/AD1939_driver.o
 .debug_macro   0x000000000002e556      0x3ad ./Core/Src/AD1939_driver.o
 .debug_macro   0x000000000002e903       0x10 ./Core/Src/AD1939_driver.o
 .debug_macro   0x000000000002e913       0xe4 ./Core/Src/AD1939_driver.o
 .debug_macro   0x000000000002e9f7      0x5e4 ./Core/Src/AD1939_driver.o
 .debug_macro   0x000000000002efdb       0xc1 ./Core/Src/AD1939_driver.o
 .debug_macro   0x000000000002f09c      0x5e6 ./Core/Src/AD1939_driver.o
 .debug_macro   0x000000000002f682       0x76 ./Core/Src/AD1939_driver.o
 .debug_macro   0x000000000002f6f8      0x2bd ./Core/Src/main.o
 .debug_macro   0x000000000002f9b5      0x2bd ./Core/Src/stm32h7xx_hal_msp.o
 .debug_macro   0x000000000002fc72      0x2c7 ./Core/Src/stm32h7xx_it.o
 .debug_macro   0x000000000002ff39      0x2b3 ./Core/Src/system_stm32h7xx.o
 .debug_macro   0x00000000000301ec      0x2dd ./Drivers/STM32H7xx_HAL_Driver/Src/stm32h7xx_hal.o
 .debug_macro   0x00000000000304c9      0x2b3 ./Drivers/STM32H7xx_HAL_Driver/Src/stm32h7xx_hal_cortex.o
 .debug_macro   0x000000000003077c      0x307 ./Drivers/STM32H7xx_HAL_Driver/Src/stm32h7xx_hal_dma.o
 .debug_macro   0x0000000000030a83      0x2ba ./Drivers/STM32H7xx_HAL_Driver/Src/stm32h7xx_hal_gpio.o
 .debug_macro   0x0000000000030d3d      0x2ec ./Drivers/STM32H7xx_HAL_Driver/Src/stm32h7xx_hal_pwr_ex.o
 .debug_macro   0x0000000000031029      0x2d7 ./Drivers/STM32H7xx_HAL_Driver/Src/stm32h7xx_hal_rcc.o
 .debug_macro   0x0000000000031300      0x2d1 ./Drivers/STM32H7xx_HAL_Driver/Src/stm32h7xx_hal_rcc_ex.o
 .debug_macro   0x00000000000315d1      0x2d0 ./Drivers/STM32H7xx_HAL_Driver/Src/stm32h7xx_hal_sai.o
 .debug_macro   0x00000000000318a1      0x2bb ./Drivers/STM32H7xx_HAL_Driver/Src/stm32h7xx_hal_spi.o

.debug_line     0x0000000000000000    0x1080a
 .debug_line    0x0000000000000000      0x9f2 ./Core/Src/AD1939_driver.o
 .debug_line    0x00000000000009f2      0xb71 ./Core/Src/main.o
 .debug_line    0x0000000000001563      0xa39 ./Core/Src/stm32h7xx_hal_msp.o
 .debug_line    0x0000000000001f9c      0x9d5 ./Core/Src/stm32h7xx_it.o
 .debug_line    0x0000000000002971      0xa87 ./Core/Src/system_stm32h7xx.o
 .debug_line    0x00000000000033f8       0x7a ./Core/Startup/startup_stm32h723zgtx.o
 .debug_line    0x0000000000003472      0xf1e ./Drivers/STM32H7xx_HAL_Driver/Src/stm32h7xx_hal.o
 .debug_line    0x0000000000004390      0xec4 ./Drivers/STM32H7xx_HAL_Driver/Src/stm32h7xx_hal_cortex.o
 .debug_line    0x0000000000005254     0x27e1 ./Drivers/STM32H7xx_HAL_Driver/Src/stm32h7xx_hal_dma.o
 .debug_line    0x0000000000007a35      0xd3f ./Drivers/STM32H7xx_HAL_Driver/Src/stm32h7xx_hal_gpio.o
 .debug_line    0x0000000000008774      0xf11 ./Drivers/STM32H7xx_HAL_Driver/Src/stm32h7xx_hal_pwr_ex.o
 .debug_line    0x0000000000009685     0x13b7 ./Drivers/STM32H7xx_HAL_Driver/Src/stm32h7xx_hal_rcc.o
 .debug_line    0x000000000000aa3c     0x1c70 ./Drivers/STM32H7xx_HAL_Driver/Src/stm32h7xx_hal_rcc_ex.o
 .debug_line    0x000000000000c6ac     0x1e47 ./Drivers/STM32H7xx_HAL_Driver/Src/stm32h7xx_hal_sai.o
 .debug_line    0x000000000000e4f3     0x2317 ./Drivers/STM32H7xx_HAL_Driver/Src/stm32h7xx_hal_spi.o

.debug_str      0x0000000000000000   0x13ee90
 .debug_str     0x0000000000000000   0x13a811 ./Core/Src/AD1939_driver.o
                                     0x13acc7 (size before relaxing)
 .debug_str     0x000000000013a811     0x143d ./Core/Src/main.o
                                     0x13bfe9 (size before relaxing)
 .debug_str     0x000000000013bc4e       0xc0 ./Core/Src/stm32h7xx_hal_msp.o
                                     0x13b089 (size before relaxing)
 .debug_str     0x000000000013bd0e      0x10c ./Core/Src/stm32h7xx_it.o
                                     0x13a829 (size before relaxing)
 .debug_str     0x000000000013be1a      0x2ae ./Core/Src/system_stm32h7xx.o
                                     0x13a8ed (size before relaxing)
 .debug_str     0x000000000013c0c8       0x34 ./Core/Startup/startup_stm32h723zgtx.o
                                         0x6f (size before relaxing)
 .debug_str     0x000000000013c0fc      0x9ae ./Drivers/STM32H7xx_HAL_Driver/Src/stm32h7xx_hal.o
                                     0x13b977 (size before relaxing)
 .debug_str     0x000000000013caaa      0x2cd ./Drivers/STM32H7xx_HAL_Driver/Src/stm32h7xx_hal_cortex.o
                                     0x13b291 (size before relaxing)
 .debug_str     0x000000000013cd77      0x8b5 ./Drivers/STM32H7xx_HAL_Driver/Src/stm32h7xx_hal_dma.o
                                     0x13b0a2 (size before relaxing)
 .debug_str     0x000000000013d62c       0xf1 ./Drivers/STM32H7xx_HAL_Driver/Src/stm32h7xx_hal_gpio.o
                                     0x13a938 (size before relaxing)
 .debug_str     0x000000000013d71d      0x5ee ./Drivers/STM32H7xx_HAL_Driver/Src/stm32h7xx_hal_pwr_ex.o
                                     0x13ad40 (size before relaxing)
 .debug_str     0x000000000013dd0b      0x22e ./Drivers/STM32H7xx_HAL_Driver/Src/stm32h7xx_hal_rcc.o
                                     0x13acbb (size before relaxing)
 .debug_str     0x000000000013df39      0x64b ./Drivers/STM32H7xx_HAL_Driver/Src/stm32h7xx_hal_rcc_ex.o
                                     0x13b1d3 (size before relaxing)
 .debug_str     0x000000000013e584      0x3e1 ./Drivers/STM32H7xx_HAL_Driver/Src/stm32h7xx_hal_sai.o
                                     0x13afd0 (size before relaxing)
 .debug_str     0x000000000013e965      0x52b ./Drivers/STM32H7xx_HAL_Driver/Src/stm32h7xx_hal_spi.o
                                     0x13b03e (size before relaxing)

.debug_frame    0x0000000000000000     0x2f14
 .debug_frame   0x0000000000000000       0xa0 ./Core/Src/AD1939_driver.o
 .debug_frame   0x00000000000000a0      0x1d0 ./Core/Src/main.o
 .debug_frame   0x0000000000000270       0xc8 ./Core/Src/stm32h7xx_hal_msp.o
 .debug_frame   0x0000000000000338      0x13c ./Core/Src/stm32h7xx_it.o
 .debug_frame   0x0000000000000474       0x58 ./Core/Src/system_stm32h7xx.o
 .debug_frame   0x00000000000004cc      0x760 ./Drivers/STM32H7xx_HAL_Driver/Src/stm32h7xx_hal.o
 .debug_frame   0x0000000000000c2c      0x508 ./Drivers/STM32H7xx_HAL_Driver/Src/stm32h7xx_hal_cortex.o
 .debug_frame   0x0000000000001134      0x2b4 ./Drivers/STM32H7xx_HAL_Driver/Src/stm32h7xx_hal_dma.o
 .debug_frame   0x00000000000013e8      0x14c ./Drivers/STM32H7xx_HAL_Driver/Src/stm32h7xx_hal_gpio.o
 .debug_frame   0x0000000000001534      0x540 ./Drivers/STM32H7xx_HAL_Driver/Src/stm32h7xx_hal_pwr_ex.o
 .debug_frame   0x0000000000001a74      0x1fc ./Drivers/STM32H7xx_HAL_Driver/Src/stm32h7xx_hal_rcc.o
 .debug_frame   0x0000000000001c70      0x414 ./Drivers/STM32H7xx_HAL_Driver/Src/stm32h7xx_hal_rcc_ex.o
 .debug_frame   0x0000000000002084      0x69c ./Drivers/STM32H7xx_HAL_Driver/Src/stm32h7xx_hal_sai.o
 .debug_frame   0x0000000000002720      0x7a8 ./Drivers/STM32H7xx_HAL_Driver/Src/stm32h7xx_hal_spi.o
 .debug_frame   0x0000000000002ec8       0x20 C:/ST/STM32CubeIDE_1.13.2/STM32CubeIDE/plugins/com.st.stm32cube.ide.mcu.externaltools.gnu-tools-for-stm32.11.3.rel1.win32_1.1.100.202309141235/tools/bin/../lib/gcc/arm-none-eabi/11.3.1/../../../../arm-none-eabi/lib/thumb/v7e-m+dp/hard\libc_nano.a(libc_a-memset.o)
 .debug_frame   0x0000000000002ee8       0x2c C:/ST/STM32CubeIDE_1.13.2/STM32CubeIDE/plugins/com.st.stm32cube.ide.mcu.externaltools.gnu-tools-for-stm32.11.3.rel1.win32_1.1.100.202309141235/tools/bin/../lib/gcc/arm-none-eabi/11.3.1/../../../../arm-none-eabi/lib/thumb/v7e-m+dp/hard\libc_nano.a(libc_a-init.o)

.debug_line_str
                0x0000000000000000       0x63
 .debug_line_str
                0x0000000000000000       0x63 ./Core/Startup/startup_stm32h723zgtx.o
                                         0x7b (size before relaxing)
