Archive member included to satisfy reference by file (symbol)

C:/ST/STM32CubeIDE_1.13.2/STM32CubeIDE/plugins/com.st.stm32cube.ide.mcu.externaltools.gnu-tools-for-stm32.11.3.rel1.win32_1.1.100.202309141235/tools/bin/../lib/gcc/arm-none-eabi/11.3.1/../../../../arm-none-eabi/lib/thumb/v7e-m+dp/hard\libc_nano.a(libc_a-exit.o)
                              C:/ST/STM32CubeIDE_1.13.2/STM32CubeIDE/plugins/com.st.stm32cube.ide.mcu.externaltools.gnu-tools-for-stm32.11.3.rel1.win32_1.1.100.202309141235/tools/bin/../lib/gcc/arm-none-eabi/11.3.1/../../../../arm-none-eabi/lib/thumb/v7e-m+dp/hard/crt0.o (exit)
C:/ST/STM32CubeIDE_1.13.2/STM32CubeIDE/plugins/com.st.stm32cube.ide.mcu.externaltools.gnu-tools-for-stm32.11.3.rel1.win32_1.1.100.202309141235/tools/bin/../lib/gcc/arm-none-eabi/11.3.1/../../../../arm-none-eabi/lib/thumb/v7e-m+dp/hard\libc_nano.a(libc_a-findfp.o)
                              C:/ST/STM32CubeIDE_1.13.2/STM32CubeIDE/plugins/com.st.stm32cube.ide.mcu.externaltools.gnu-tools-for-stm32.11.3.rel1.win32_1.1.100.202309141235/tools/bin/../lib/gcc/arm-none-eabi/11.3.1/../../../../arm-none-eabi/lib/thumb/v7e-m+dp/hard\libc_nano.a(libc_a-exit.o) (__stdio_exit_handler)
C:/ST/STM32CubeIDE_1.13.2/STM32CubeIDE/plugins/com.st.stm32cube.ide.mcu.externaltools.gnu-tools-for-stm32.11.3.rel1.win32_1.1.100.202309141235/tools/bin/../lib/gcc/arm-none-eabi/11.3.1/../../../../arm-none-eabi/lib/thumb/v7e-m+dp/hard\libc_nano.a(libc_a-fwalk.o)
                              C:/ST/STM32CubeIDE_1.13.2/STM32CubeIDE/plugins/com.st.stm32cube.ide.mcu.externaltools.gnu-tools-for-stm32.11.3.rel1.win32_1.1.100.202309141235/tools/bin/../lib/gcc/arm-none-eabi/11.3.1/../../../../arm-none-eabi/lib/thumb/v7e-m+dp/hard\libc_nano.a(libc_a-findfp.o) (_fwalk_sglue)
C:/ST/STM32CubeIDE_1.13.2/STM32CubeIDE/plugins/com.st.stm32cube.ide.mcu.externaltools.gnu-tools-for-stm32.11.3.rel1.win32_1.1.100.202309141235/tools/bin/../lib/gcc/arm-none-eabi/11.3.1/../../../../arm-none-eabi/lib/thumb/v7e-m+dp/hard\libc_nano.a(libc_a-stdio.o)
                              C:/ST/STM32CubeIDE_1.13.2/STM32CubeIDE/plugins/com.st.stm32cube.ide.mcu.externaltools.gnu-tools-for-stm32.11.3.rel1.win32_1.1.100.202309141235/tools/bin/../lib/gcc/arm-none-eabi/11.3.1/../../../../arm-none-eabi/lib/thumb/v7e-m+dp/hard\libc_nano.a(libc_a-findfp.o) (__sread)
C:/ST/STM32CubeIDE_1.13.2/STM32CubeIDE/plugins/com.st.stm32cube.ide.mcu.externaltools.gnu-tools-for-stm32.11.3.rel1.win32_1.1.100.202309141235/tools/bin/../lib/gcc/arm-none-eabi/11.3.1/../../../../arm-none-eabi/lib/thumb/v7e-m+dp/hard\libc_nano.a(libc_a-memset.o)
                              C:/ST/STM32CubeIDE_1.13.2/STM32CubeIDE/plugins/com.st.stm32cube.ide.mcu.externaltools.gnu-tools-for-stm32.11.3.rel1.win32_1.1.100.202309141235/tools/bin/../lib/gcc/arm-none-eabi/11.3.1/../../../../arm-none-eabi/lib/thumb/v7e-m+dp/hard/crt0.o (memset)
C:/ST/STM32CubeIDE_1.13.2/STM32CubeIDE/plugins/com.st.stm32cube.ide.mcu.externaltools.gnu-tools-for-stm32.11.3.rel1.win32_1.1.100.202309141235/tools/bin/../lib/gcc/arm-none-eabi/11.3.1/../../../../arm-none-eabi/lib/thumb/v7e-m+dp/hard\libc_nano.a(libc_a-closer.o)
                              C:/ST/STM32CubeIDE_1.13.2/STM32CubeIDE/plugins/com.st.stm32cube.ide.mcu.externaltools.gnu-tools-for-stm32.11.3.rel1.win32_1.1.100.202309141235/tools/bin/../lib/gcc/arm-none-eabi/11.3.1/../../../../arm-none-eabi/lib/thumb/v7e-m+dp/hard\libc_nano.a(libc_a-stdio.o) (_close_r)
C:/ST/STM32CubeIDE_1.13.2/STM32CubeIDE/plugins/com.st.stm32cube.ide.mcu.externaltools.gnu-tools-for-stm32.11.3.rel1.win32_1.1.100.202309141235/tools/bin/../lib/gcc/arm-none-eabi/11.3.1/../../../../arm-none-eabi/lib/thumb/v7e-m+dp/hard\libc_nano.a(libc_a-reent.o)
                              C:/ST/STM32CubeIDE_1.13.2/STM32CubeIDE/plugins/com.st.stm32cube.ide.mcu.externaltools.gnu-tools-for-stm32.11.3.rel1.win32_1.1.100.202309141235/tools/bin/../lib/gcc/arm-none-eabi/11.3.1/../../../../arm-none-eabi/lib/thumb/v7e-m+dp/hard\libc_nano.a(libc_a-closer.o) (errno)
C:/ST/STM32CubeIDE_1.13.2/STM32CubeIDE/plugins/com.st.stm32cube.ide.mcu.externaltools.gnu-tools-for-stm32.11.3.rel1.win32_1.1.100.202309141235/tools/bin/../lib/gcc/arm-none-eabi/11.3.1/../../../../arm-none-eabi/lib/thumb/v7e-m+dp/hard\libc_nano.a(libc_a-impure.o)
                              C:/ST/STM32CubeIDE_1.13.2/STM32CubeIDE/plugins/com.st.stm32cube.ide.mcu.externaltools.gnu-tools-for-stm32.11.3.rel1.win32_1.1.100.202309141235/tools/bin/../lib/gcc/arm-none-eabi/11.3.1/../../../../arm-none-eabi/lib/thumb/v7e-m+dp/hard\libc_nano.a(libc_a-reent.o) (_impure_ptr)
C:/ST/STM32CubeIDE_1.13.2/STM32CubeIDE/plugins/com.st.stm32cube.ide.mcu.externaltools.gnu-tools-for-stm32.11.3.rel1.win32_1.1.100.202309141235/tools/bin/../lib/gcc/arm-none-eabi/11.3.1/../../../../arm-none-eabi/lib/thumb/v7e-m+dp/hard\libc_nano.a(libc_a-lseekr.o)
[...]
Memory Configuration

Name             Origin             Length             Attributes
ITCMRAM          0x0000000000000000 0x0000000000010000 xrw
DTCMRAM          0x0000000020000000 0x0000000000020000 xrw
FLASH            0x0000000008000000 0x0000000000100000 xr
RAM_D1           0x0000000024000000 0x0000000000050000 xrw
RAM_D2           0x0000000030000000 0x0000000000008000 xrw
RAM_D3           0x0000000038000000 0x0000000000004000 xrw
SDRAM            0x00000000c0000000 0x0000000000200000 xrw
*default*        0x0000000000000000 0xffffffffffffffff

Linker script and memory map

LOAD C:/ST/STM32CubeIDE_1.13.2/STM32CubeIDE/plugins/com.st.stm32cube.ide.mcu.externaltools.gnu-tools-for-stm32.11.3.rel1.win32_1.1.100.202309141235/tools/bin/../lib/gcc/arm-none-eabi/11.3.1/thumb/v7e-m+dp/hard/crti.o
LOAD C:/ST/STM32CubeIDE_1.13.2/STM32CubeIDE/plugins/com.st.stm32cube.ide.mcu.externaltools.gnu-tools-for-stm32.11.3.rel1.win32_1.1.100.202309141235/tools/bin/../lib/gcc/arm-none-eabi/11.3.1/thumb/v7e-m+dp/hard/crtbegin.o
LOAD C:/ST/STM32CubeIDE_1.13.2/STM32CubeIDE/plugins/com.st.stm32cube.ide.mcu.externaltools.gnu-tools-for-stm32.11.3.rel1.win32_1.1.100.202309141235/tools/bin/../lib/gcc/arm-none-eabi/11.3.1/../../../../arm-none-eabi/lib/thumb/v7e-m+dp/hard/crt0.o
LOAD ./Core/Src/AD1939_driver.o
LOAD ./Core/Src/dma.o
LOAD ./Core/Src/effect_manager.o
LOAD ./Core/Src/fmc.o
LOAD ./Core/Src/gpio.o
LOAD ./Core/Src/is42s16800j.o
LOAD ./Core/Src/main.o
LOAD ./Core/Src/sai.o
LOAD ./Core/Src/spi.o
LOAD ./Core/Src/stm32h7xx_hal_msp.o
LOAD ./Core/Src/stm32h7xx_it.o
LOAD ./Core/Src/syscalls.o
LOAD ./Core/Src/sysmem.o
LOAD ./Core/Src/system_stm32h7xx.o
LOAD ./Core/Startup/startup_stm32h723zgtx.o
LOAD ./Drivers/STM32H7xx_HAL_Driver/Src/stm32h7xx_hal.o
LOAD ./Drivers/STM32H7xx_HAL_Driver/Src/stm32h7xx_hal_cortex.o
LOAD ./Drivers/STM32H7xx_HAL_Driver/Src/stm32h7xx_hal_dma.o
LOAD ./Drivers/STM32H7xx_HAL_Driver/Src/stm32h7xx_hal_dma_ex.o
LOAD ./Drivers/STM32H7xx_HAL_Driver/Src/stm32h7xx_hal_exti.o
LOAD ./Drivers/STM32H7xx_HAL_Driver/Src/stm32h7xx_hal_flash.o
LOAD ./Drivers/STM32H7xx_HAL_Driver/Src/stm32h7xx_hal_flash_ex.o
LOAD ./Drivers/STM32H7xx_HAL_Driver/Src/stm32h7xx_hal_gpio.o
LOAD ./Drivers/STM32H7xx_HAL_Driver/Src/stm32h7xx_hal_hsem.o
LOAD ./Drivers/STM32H7xx_HAL_Driver/Src/stm32h7xx_hal_i2c.o
LOAD ./Drivers/STM32H7xx_HAL_Driver/Src/stm32h7xx_hal_i2c_ex.o
LOAD ./Drivers/STM32H7xx_HAL_Driver/Src/stm32h7xx_hal_mdma.o
LOAD ./Drivers/STM32H7xx_HAL_Driver/Src/stm32h7xx_hal_pwr.o
LOAD ./Drivers/STM32H7xx_HAL_Driver/Src/stm32h7xx_hal_pwr_ex.o
LOAD ./Drivers/STM32H7xx_HAL_Driver/Src/stm32h7xx_hal_rcc.o
LOAD ./Drivers/STM32H7xx_HAL_Driver/Src/stm32h7xx_hal_rcc_ex.o
LOAD ./Drivers/STM32H7xx_HAL_Driver/Src/stm32h7xx_hal_sai.o
LOAD ./Drivers/STM32H7xx_HAL_Driver/Src/stm32h7xx_hal_sai_ex.o
LOAD ./Drivers/STM32H7xx_HAL_Driver/Src/stm32h7xx_hal_sdram.o
LOAD ./Drivers/STM32H7xx_HAL_Driver/Src/stm32h7xx_hal_spi.o
LOAD ./Drivers/STM32H7xx_HAL_Driver/Src/stm32h7xx_hal_spi_ex.o
LOAD ./Drivers/STM32H7xx_HAL_Driver/Src/stm32h7xx_hal_tim.o
LOAD ./Drivers/STM32H7xx_HAL_Driver/Src/stm32h7xx_hal_tim_ex.o
LOAD ./Drivers/STM32H7xx_HAL_Driver/Src/stm32h7xx_ll_fmc.o
START GROUP
LOAD C:/ST/STM32CubeIDE_1.13.2/STM32CubeIDE/plugins/com.st.stm32cube.ide.mcu.externaltools.gnu-tools-for-stm32.11.3.rel1.win32_1.1.100.202309141235/tools/bin/../lib/gcc/arm-none-eabi/11.3.1/../../../../arm-none-eabi/lib/thumb/v7e-m+dp/hard\libc_nano.a
LOAD C:/ST/STM32CubeIDE_1.13.2/STM32CubeIDE/plugins/com.st.stm32cube.ide.mcu.externaltools.gnu-tools-for-stm32.11.3.rel1.win32_1.1.100.202309141235/tools/bin/../lib/gcc/arm-none-eabi/11.3.1/../../../../arm-none-eabi/lib/thumb/v7e-m+dp/hard\libm.a
END GROUP
START GROUP
LOAD C:/ST/STM32CubeIDE_1.13.2/STM32CubeIDE/plugins/com.st.stm32cube.ide.mcu.externaltools.gnu-tools-for-stm32.11.3.rel1.win32_1.1.100.202309141235/tools/bin/../lib/gcc/arm-none-eabi/11.3.1/thumb/v7e-m+dp/hard\libgcc.a
LOAD C:/ST/STM32CubeIDE_1.13.2/STM32CubeIDE/plugins/com.st.stm32cube.ide.mcu.externaltools.gnu-tools-for-stm32.11.3.rel1.win32_1.1.100.202309141235/tools/bin/../lib/gcc/arm-none-eabi/11.3.1/../../../../arm-none-eabi/lib/thumb/v7e-m+dp/hard\libc_nano.a
END GROUP
START GROUP
LOAD C:/ST/STM32CubeIDE_1.13.2/STM32CubeIDE/plugins/com.st.stm32cube.ide.mcu.externaltools.gnu-tools-for-stm32.11.3.rel1.win32_1.1.100.202309141235/tools/bin/../lib/gcc/arm-none-eabi/11.3.1/thumb/v7e-m+dp/hard\libgcc.a
LOAD C:/ST/STM32CubeIDE_1.13.2/STM32CubeIDE/plugins/com.st.stm32cube.ide.mcu.externaltools.gnu-tools-for-stm32.11.3.rel1.win32_1.1.100.202309141235/tools/bin/../lib/gcc/arm-none-eabi/11.3.1/../../../../arm-none-eabi/lib/thumb/v7e-m+dp/hard\libc_nano.a
LOAD C:/ST/STM32CubeIDE_1.13.2/STM32CubeIDE/plugins/com.st.stm32cube.ide.mcu.externaltools.gnu-tools-for-stm32.11.3.rel1.win32_1.1.100.202309141235/tools/bin/../lib/gcc/arm-none-eabi/11.3.1/../../../../arm-none-eabi/lib/thumb/v7e-m+dp/hard\libnosys.a
END GROUP
START GROUP
LOAD C:/ST/STM32CubeIDE_1.13.2/STM32CubeIDE/plugins/com.st.stm32cube.ide.mcu.externaltools.gnu-tools-for-stm32.11.3.rel1.win32_1.1.100.202309141235/tools/bin/../lib/gcc/arm-none-eabi/11.3.1/thumb/v7e-m+dp/hard\libgcc.a
LOAD C:/ST/STM32CubeIDE_1.13.2/STM32CubeIDE/plugins/com.st.stm32cube.ide.mcu.externaltools.gnu-tools-for-stm32.11.3.rel1.win32_1.1.100.202309141235/tools/bin/../lib/gcc/arm-none-eabi/11.3.1/../../../../arm-none-eabi/lib/thumb/v7e-m+dp/hard\libc_nano.a
LOAD C:/ST/STM32CubeIDE_1.13.2/STM32CubeIDE/plugins/com.st.stm32cube.ide.mcu.externaltools.gnu-tools-for-stm32.11.3.rel1.win32_1.1.100.202309141235/tools/bin/../lib/gcc/arm-none-eabi/11.3.1/../../../../arm-none-eabi/lib/thumb/v7e-m+dp/hard\libnosys.a
END GROUP
LOAD C:/ST/STM32CubeIDE_1.13.2/STM32CubeIDE/plugins/com.st.stm32cube.ide.mcu.externaltools.gnu-tools-for-stm32.11.3.rel1.win32_1.1.100.202309141235/tools/bin/../lib/gcc/arm-none-eabi/11.3.1/thumb/v7e-m+dp/hard/crtend.o
LOAD C:/ST/STM32CubeIDE_1.13.2/STM32CubeIDE/plugins/com.st.stm32cube.ide.mcu.externaltools.gnu-tools-for-stm32.11.3.rel1.win32_1.1.100.202309141235/tools/bin/../lib/gcc/arm-none-eabi/11.3.1/thumb/v7e-m+dp/hard/crtn.o
                0x0000000024050000                _estack = (ORIGIN (RAM_D1) + LENGTH (RAM_D1))
                0x0000000000000200                _Min_Heap_Size = 0x200
                0x0000000000000400                _Min_Stack_Size = 0x400

.isr_vector     0x0000000008000000      0x2cc
                0x0000000008000000                . = ALIGN (0x4)
 *(.isr_vector)
 .isr_vector    0x0000000008000000      0x2cc ./Core/Startup/startup_stm32h723zgtx.o
                0x0000000008000000                g_pfnVectors
                0x00000000080002cc                . = ALIGN (0x4)

.sdram_section  0x00000000c0000000       0x52
                0x00000000c0000000                . = ORIGIN (SDRAM)
 *(.sdram_section)
 .sdram_section
                0x00000000c0000000       0x52 ./Core/Src/main.o
                0x00000000c0000000                sdram_array
                0x00000000c0000050                sdram_byte

.text           0x00000000080002cc     0x74fc
                0x00000000080002cc                . = ALIGN (0x4)
 *(.text)
 .text          0x00000000080002cc       0x40 C:/ST/STM32CubeIDE_1.13.2/STM32CubeIDE/plugins/com.st.stm32cube.ide.mcu.externaltools.gnu-tools-for-stm32.11.3.rel1.win32_1.1.100.202309141235/tools/bin/../lib/gcc/arm-none-eabi/11.3.1/thumb/v7e-m+dp/hard/crtbegin.o
 *(.text*)
 .text.MX_DMA_Init
                0x000000000800030c       0x70 ./Core/Src/dma.o
                0x000000000800030c                MX_DMA_Init
 .text.MX_FMC_Init
                0x000000000800037c       0xd4 ./Core/Src/fmc.o
                0x000000000800037c                MX_FMC_Init
 .text.HAL_FMC_MspInit
                0x0000000008000450      0x224 ./Core/Src/fmc.o
 .text.HAL_SDRAM_MspInit
                0x0000000008000674       0x14 ./Core/Src/fmc.o
                0x0000000008000674                HAL_SDRAM_MspInit
 .text.MX_GPIO_Init
                0x0000000008000688      0x120 ./Core/Src/gpio.o
                0x0000000008000688                MX_GPIO_Init
 .text.IS42S16800J_Init
                0x00000000080007a8       0x7e ./Core/Src/is42s16800j.o
                0x00000000080007a8                IS42S16800J_Init
 *fill*         0x0000000008000826        0x2 
 .text.IS42S16800J_ClockEnable
                0x0000000008000828       0x48 ./Core/Src/is42s16800j.o
                0x0000000008000828                IS42S16800J_ClockEnable
 .text.IS42S16800J_Precharge
                0x0000000008000870       0x48 ./Core/Src/is42s16800j.o
                0x0000000008000870                IS42S16800J_Precharge
 .text.IS42S16800J_ModeRegConfig
                0x00000000080008b8       0x68 ./Core/Src/is42s16800j.o
                0x00000000080008b8                IS42S16800J_ModeRegConfig
 .text.IS42S16800J_RefreshMode
                0x0000000008000920       0x4c ./Core/Src/is42s16800j.o
                0x0000000008000920                IS42S16800J_RefreshMode
 .text.IS42S16800J_RefreshRate
                0x000000000800096c       0x28 ./Core/Src/is42s16800j.o
                0x000000000800096c                IS42S16800J_RefreshRate
 .text.IS42S16800J_Delay
                0x0000000008000994       0x2a ./Core/Src/is42s16800j.o
 *fill*         0x00000000080009be        0x2 
 .text.main     0x00000000080009c0      0x16c ./Core/Src/main.o
                0x00000000080009c0                main
 .text.SystemClock_Config
                0x0000000008000b2c       0xdc ./Core/Src/main.o
                0x0000000008000b2c                SystemClock_Config
 .text.PeriphCommonClock_Config
                0x0000000008000c08       0x66 ./Core/Src/main.o
                0x0000000008000c08                PeriphCommonClock_Config
 .text.Error_Handler
                0x0000000008000c6e        0xa ./Core/Src/main.o
                0x0000000008000c6e                Error_Handler
 .text.MX_SAI1_Init
                0x0000000008000c78       0xc0 ./Core/Src/sai.o
                0x0000000008000c78                MX_SAI1_Init
 .text.HAL_SAI_MspInit
                0x0000000008000d38      0x1cc ./Core/Src/sai.o
                0x0000000008000d38                HAL_SAI_MspInit
 .text.MX_SPI1_Init
                0x0000000008000f04       0xac ./Core/Src/spi.o
                0x0000000008000f04                MX_SPI1_Init
 .text.HAL_SPI_MspInit
                0x0000000008000fb0      0x11c ./Core/Src/spi.o
                0x0000000008000fb0                HAL_SPI_MspInit
 .text.HAL_MspInit
                0x00000000080010cc       0x34 ./Core/Src/stm32h7xx_hal_msp.o
                0x00000000080010cc                HAL_MspInit
 .text.NMI_Handler
                0x0000000008001100        0x6 ./Core/Src/stm32h7xx_it.o
                0x0000000008001100                NMI_Handler
 .text.HardFault_Handler
                0x0000000008001106        0x6 ./Core/Src/stm32h7xx_it.o
                0x0000000008001106                HardFault_Handler
 .text.MemManage_Handler
                0x000000000800110c        0x6 ./Core/Src/stm32h7xx_it.o
                0x000000000800110c                MemManage_Handler
 .text.BusFault_Handler
                0x0000000008001112        0x6 ./Core/Src/stm32h7xx_it.o
                0x0000000008001112                BusFault_Handler
 .text.UsageFault_Handler
                0x0000000008001118        0x6 ./Core/Src/stm32h7xx_it.o
                0x0000000008001118                UsageFault_Handler
 .text.SVC_Handler
                0x000000000800111e        0xe ./Core/Src/stm32h7xx_it.o
                0x000000000800111e                SVC_Handler
 .text.DebugMon_Handler
                0x000000000800112c        0xe ./Core/Src/stm32h7xx_it.o
                0x000000000800112c                DebugMon_Handler
 .text.PendSV_Handler
                0x000000000800113a        0xe ./Core/Src/stm32h7xx_it.o
                0x000000000800113a                PendSV_Handler
 .text.SysTick_Handler
                0x0000000008001148        0xc ./Core/Src/stm32h7xx_it.o
                0x0000000008001148                SysTick_Handler
 .text.DMA1_Stream0_IRQHandler
                0x0000000008001154       0x14 ./Core/Src/stm32h7xx_it.o
                0x0000000008001154                DMA1_Stream0_IRQHandler
 .text.DMA2_Stream0_IRQHandler
                0x0000000008001168       0x14 ./Core/Src/stm32h7xx_it.o
                0x0000000008001168                DMA2_Stream0_IRQHandler
 .text.SystemInit
                0x000000000800117c       0xf0 ./Core/Src/system_stm32h7xx.o
                0x000000000800117c                SystemInit
 .text.Reset_Handler
                0x000000000800126c       0x50 ./Core/Startup/startup_stm32h723zgtx.o
                0x000000000800126c                Reset_Handler
 .text.Default_Handler
                0x00000000080012bc        0x2 ./Core/Startup/startup_stm32h723zgtx.o
                0x00000000080012bc                RTC_Alarm_IRQHandler
                0x00000000080012bc                EXTI2_IRQHandler
                0x00000000080012bc                TIM8_CC_IRQHandler
                0x00000000080012bc                UART8_IRQHandler
                0x00000000080012bc                SPI4_IRQHandler
                0x00000000080012bc                FDCAN3_IT0_IRQHandler
                0x00000000080012bc                TIM1_CC_IRQHandler
                0x00000000080012bc                BDMA_Channel6_IRQHandler
                0x00000000080012bc                DMA2_Stream5_IRQHandler
                0x00000000080012bc                DMA1_Stream5_IRQHandler
                0x00000000080012bc                CORDIC_IRQHandler
                0x00000000080012bc                BDMA_Channel1_IRQHandler
                0x00000000080012bc                TAMP_STAMP_IRQHandler
                0x00000000080012bc                EXTI3_IRQHandler
                0x00000000080012bc                LPTIM4_IRQHandler
                0x00000000080012bc                TIM8_TRG_COM_TIM14_IRQHandler
                0x00000000080012bc                LPTIM2_IRQHandler
                0x00000000080012bc                DFSDM1_FLT1_IRQHandler
                0x00000000080012bc                DMAMUX2_OVR_IRQHandler
                0x00000000080012bc                TIM8_UP_TIM13_IRQHandler
                0x00000000080012bc                I2C3_ER_IRQHandler
                0x00000000080012bc                DFSDM1_FLT2_IRQHandler
                0x00000000080012bc                I2C5_EV_IRQHandler
                0x00000000080012bc                USART10_IRQHandler
                0x00000000080012bc                MDMA_IRQHandler
                0x00000000080012bc                LPTIM3_IRQHandler
                0x00000000080012bc                HSEM1_IRQHandler
                0x00000000080012bc                EXTI0_IRQHandler
                0x00000000080012bc                I2C2_EV_IRQHandler
                0x00000000080012bc                DMA1_Stream2_IRQHandler
                0x00000000080012bc                FPU_IRQHandler
                0x00000000080012bc                OTG_HS_WKUP_IRQHandler
                0x00000000080012bc                FDCAN1_IT1_IRQHandler
                0x00000000080012bc                LTDC_ER_IRQHandler
                0x00000000080012bc                DMA2_Stream2_IRQHandler
                0x00000000080012bc                SPI1_IRQHandler
                0x00000000080012bc                OCTOSPI1_IRQHandler
                0x00000000080012bc                TIM6_DAC_IRQHandler
                0x00000000080012bc                DMA2_Stream3_IRQHandler
                0x00000000080012bc                OCTOSPI2_IRQHandler
                0x00000000080012bc                DFSDM1_FLT3_IRQHandler
                0x00000000080012bc                TIM23_IRQHandler
                0x00000000080012bc                USART6_IRQHandler
                0x00000000080012bc                TIM17_IRQHandler
                0x00000000080012bc                USART3_IRQHandler
                0x00000000080012bc                BDMA_Channel7_IRQHandler
                0x00000000080012bc                LPTIM5_IRQHandler
                0x00000000080012bc                UART5_IRQHandler
                0x00000000080012bc                ADC3_IRQHandler
                0x00000000080012bc                TIM4_IRQHandler
                0x00000000080012bc                BDMA_Channel2_IRQHandler
                0x00000000080012bc                I2C1_EV_IRQHandler
                0x00000000080012bc                DMA1_Stream6_IRQHandler
                0x00000000080012bc                DMAMUX1_OVR_IRQHandler
                0x00000000080012bc                DMA1_Stream1_IRQHandler
                0x00000000080012bc                TIM16_IRQHandler
                0x00000000080012bc                UART4_IRQHandler
                0x00000000080012bc                BDMA_Channel5_IRQHandler
                0x00000000080012bc                TIM3_IRQHandler
                0x00000000080012bc                RCC_IRQHandler
                0x00000000080012bc                UART9_IRQHandler
                0x00000000080012bc                TIM8_BRK_TIM12_IRQHandler
                0x00000000080012bc                TIM1_TRG_COM_IRQHandler
                0x00000000080012bc                Default_Handler
                0x00000000080012bc                ECC_IRQHandler
                0x00000000080012bc                FMAC_IRQHandler
                0x00000000080012bc                CEC_IRQHandler
                0x00000000080012bc                EXTI15_10_IRQHandler
                0x00000000080012bc                BDMA_Channel0_IRQHandler
                0x00000000080012bc                ADC_IRQHandler
                0x00000000080012bc                I2C5_ER_IRQHandler
                0x00000000080012bc                DMA1_Stream7_IRQHandler
                0x00000000080012bc                SPI5_IRQHandler
                0x00000000080012bc                TIM7_IRQHandler
                0x00000000080012bc                FDCAN3_IT1_IRQHandler
                0x00000000080012bc                SDMMC1_IRQHandler
                0x00000000080012bc                TIM5_IRQHandler
                0x00000000080012bc                DMA2_Stream7_IRQHandler
                0x00000000080012bc                TIM15_IRQHandler
                0x00000000080012bc                PVD_AVD_IRQHandler
                0x00000000080012bc                I2C3_EV_IRQHandler
                0x00000000080012bc                EXTI9_5_IRQHandler
                0x00000000080012bc                RTC_WKUP_IRQHandler
                0x00000000080012bc                LTDC_IRQHandler
                0x00000000080012bc                ETH_WKUP_IRQHandler
                0x00000000080012bc                SPDIF_RX_IRQHandler
                0x00000000080012bc                SPI2_IRQHandler
                0x00000000080012bc                OTG_HS_EP1_IN_IRQHandler
                0x00000000080012bc                TIM24_IRQHandler
                0x00000000080012bc                CRS_IRQHandler
                0x00000000080012bc                EXTI4_IRQHandler
                0x00000000080012bc                RNG_IRQHandler
                0x00000000080012bc                FDCAN2_IT1_IRQHandler
                0x00000000080012bc                ETH_IRQHandler
                0x00000000080012bc                TIM1_UP_IRQHandler
                0x00000000080012bc                BDMA_Channel4_IRQHandler
                0x00000000080012bc                OTG_HS_EP1_OUT_IRQHandler
                0x00000000080012bc                WWDG_IRQHandler
                0x00000000080012bc                SPI6_IRQHandler
                0x00000000080012bc                MDIOS_IRQHandler
                0x00000000080012bc                I2C4_EV_IRQHandler
                0x00000000080012bc                FDCAN2_IT0_IRQHandler
                0x00000000080012bc                LPUART1_IRQHandler
                0x00000000080012bc                FDCAN1_IT0_IRQHandler
                0x00000000080012bc                TIM2_IRQHandler
                0x00000000080012bc                OTG_HS_IRQHandler
                0x00000000080012bc                DMA2D_IRQHandler
                0x00000000080012bc                TIM1_BRK_IRQHandler
                0x00000000080012bc                EXTI1_IRQHandler
                0x00000000080012bc                SDMMC2_IRQHandler
                0x00000000080012bc                BDMA_Channel3_IRQHandler
                0x00000000080012bc                DTS_IRQHandler
                0x00000000080012bc                UART7_IRQHandler
                0x00000000080012bc                MDIOS_WKUP_IRQHandler
                0x00000000080012bc                USART2_IRQHandler
                0x00000000080012bc                DFSDM1_FLT0_IRQHandler
                0x00000000080012bc                SAI4_IRQHandler
                0x00000000080012bc                I2C2_ER_IRQHandler
                0x00000000080012bc                DMA2_Stream1_IRQHandler
                0x00000000080012bc                FLASH_IRQHandler
                0x00000000080012bc                DMA2_Stream4_IRQHandler
                0x00000000080012bc                USART1_IRQHandler
                0x00000000080012bc                SPI3_IRQHandler
                0x00000000080012bc                WAKEUP_PIN_IRQHandler
                0x00000000080012bc                DMA1_Stream4_IRQHandler
                0x00000000080012bc                I2C1_ER_IRQHandler
                0x00000000080012bc                FMC_IRQHandler
                0x00000000080012bc                FDCAN_CAL_IRQHandler
                0x00000000080012bc                SWPMI1_IRQHandler
                0x00000000080012bc                COMP1_IRQHandler
                0x00000000080012bc                LPTIM1_IRQHandler
                0x00000000080012bc                DCMI_PSSI_IRQHandler
                0x00000000080012bc                I2C4_ER_IRQHandler
                0x00000000080012bc                DMA2_Stream6_IRQHandler
                0x00000000080012bc                SAI1_IRQHandler
                0x00000000080012bc                DMA1_Stream3_IRQHandler
 *fill*         0x00000000080012be        0x2 
 .text.HAL_Init
                0x00000000080012c0       0x78 ./Drivers/STM32H7xx_HAL_Driver/Src/stm32h7xx_hal.o
                0x00000000080012c0                HAL_Init
 .text.HAL_InitTick
                0x0000000008001338       0x6c ./Drivers/STM32H7xx_HAL_Driver/Src/stm32h7xx_hal.o
                0x0000000008001338                HAL_InitTick
 .text.HAL_IncTick
                0x00000000080013a4       0x28 ./Drivers/STM32H7xx_HAL_Driver/Src/stm32h7xx_hal.o
                0x00000000080013a4                HAL_IncTick
 .text.HAL_GetTick
                0x00000000080013cc       0x18 ./Drivers/STM32H7xx_HAL_Driver/Src/stm32h7xx_hal.o
                0x00000000080013cc                HAL_GetTick
 .text.HAL_Delay
                0x00000000080013e4       0x48 ./Drivers/STM32H7xx_HAL_Driver/Src/stm32h7xx_hal.o
                0x00000000080013e4                HAL_Delay
 .text.__NVIC_SetPriorityGrouping
                0x000000000800142c       0x48 ./Drivers/STM32H7xx_HAL_Driver/Src/stm32h7xx_hal_cortex.o
 .text.__NVIC_GetPriorityGrouping
                0x0000000008001474       0x1c ./Drivers/STM32H7xx_HAL_Driver/Src/stm32h7xx_hal_cortex.o
 .text.__NVIC_EnableIRQ
                0x0000000008001490       0x3c ./Drivers/STM32H7xx_HAL_Driver/Src/stm32h7xx_hal_cortex.o
 .text.__NVIC_SetPriority
                0x00000000080014cc       0x54 ./Drivers/STM32H7xx_HAL_Driver/Src/stm32h7xx_hal_cortex.o
 .text.NVIC_EncodePriority
                0x0000000008001520       0x66 ./Drivers/STM32H7xx_HAL_Driver/Src/stm32h7xx_hal_cortex.o
 *fill*         0x0000000008001586        0x2 
 .text.SysTick_Config
                0x0000000008001588       0x44 ./Drivers/STM32H7xx_HAL_Driver/Src/stm32h7xx_hal_cortex.o
 .text.HAL_NVIC_SetPriorityGrouping
                0x00000000080015cc       0x16 ./Drivers/STM32H7xx_HAL_Driver/Src/stm32h7xx_hal_cortex.o
                0x00000000080015cc                HAL_NVIC_SetPriorityGrouping
 .text.HAL_NVIC_SetPriority
                0x00000000080015e2       0x34 ./Drivers/STM32H7xx_HAL_Driver/Src/stm32h7xx_hal_cortex.o
                0x00000000080015e2                HAL_NVIC_SetPriority
 .text.HAL_NVIC_EnableIRQ
                0x0000000008001616       0x1c ./Drivers/STM32H7xx_HAL_Driver/Src/stm32h7xx_hal_cortex.o
                0x0000000008001616                HAL_NVIC_EnableIRQ
 .text.HAL_SYSTICK_Config
                0x0000000008001632       0x18 ./Drivers/STM32H7xx_HAL_Driver/Src/stm32h7xx_hal_cortex.o
                0x0000000008001632                HAL_SYSTICK_Config
 *fill*         0x000000000800164a        0x2 
 .text.HAL_DMA_Init
                0x000000000800164c      0x6b0 ./Drivers/STM32H7xx_HAL_Driver/Src/stm32h7xx_hal_dma.o
                0x000000000800164c                HAL_DMA_Init
 .text.HAL_DMA_IRQHandler
                0x0000000008001cfc      0xe54 ./Drivers/STM32H7xx_HAL_Driver/Src/stm32h7xx_hal_dma.o
                0x0000000008001cfc                HAL_DMA_IRQHandler
 .text.DMA_CalcBaseAndBitshift
                0x0000000008002b50      0x164 ./Drivers/STM32H7xx_HAL_Driver/Src/stm32h7xx_hal_dma.o
 .text.DMA_CheckFifoParam
                0x0000000008002cb4       0xf8 ./Drivers/STM32H7xx_HAL_Driver/Src/stm32h7xx_hal_dma.o
 .text.DMA_CalcDMAMUXChannelBaseAndMask
                0x0000000008002dac      0x134 ./Drivers/STM32H7xx_HAL_Driver/Src/stm32h7xx_hal_dma.o
 .text.DMA_CalcDMAMUXRequestGenBaseAndMask
                0x0000000008002ee0       0xe8 ./Drivers/STM32H7xx_HAL_Driver/Src/stm32h7xx_hal_dma.o
 .text.HAL_GPIO_Init
                0x0000000008002fc8      0x350 ./Drivers/STM32H7xx_HAL_Driver/Src/stm32h7xx_hal_gpio.o
                0x0000000008002fc8                HAL_GPIO_Init
 .text.HAL_GPIO_WritePin
                0x0000000008003318       0x32 ./Drivers/STM32H7xx_HAL_Driver/Src/stm32h7xx_hal_gpio.o
                0x0000000008003318                HAL_GPIO_WritePin
 *fill*         0x000000000800334a        0x2 
 .text.HAL_PWREx_ConfigSupply
                0x000000000800334c       0x74 ./Drivers/STM32H7xx_HAL_Driver/Src/stm32h7xx_hal_pwr_ex.o
                0x000000000800334c                HAL_PWREx_ConfigSupply
 .text.HAL_RCC_OscConfig
                0x00000000080033c0      0x7b4 ./Drivers/STM32H7xx_HAL_Driver/Src/stm32h7xx_hal_rcc.o
                0x00000000080033c0                HAL_RCC_OscConfig
 .text.HAL_RCC_ClockConfig
                0x0000000008003b74      0x36c ./Drivers/STM32H7xx_HAL_Driver/Src/stm32h7xx_hal_rcc.o
                0x0000000008003b74                HAL_RCC_ClockConfig
 .text.HAL_RCC_GetSysClockFreq
                0x0000000008003ee0      0x2f4 ./Drivers/STM32H7xx_HAL_Driver/Src/stm32h7xx_hal_rcc.o
                0x0000000008003ee0                HAL_RCC_GetSysClockFreq
 .text.HAL_RCC_GetHCLKFreq
                0x00000000080041d4       0x60 ./Drivers/STM32H7xx_HAL_Driver/Src/stm32h7xx_hal_rcc.o
                0x00000000080041d4                HAL_RCC_GetHCLKFreq
 .text.HAL_RCC_GetPCLK1Freq
                0x0000000008004234       0x2c ./Drivers/STM32H7xx_HAL_Driver/Src/stm32h7xx_hal_rcc.o
                0x0000000008004234                HAL_RCC_GetPCLK1Freq
 .text.HAL_RCCEx_PeriphCLKConfig
                0x0000000008004260     0x1340 ./Drivers/STM32H7xx_HAL_Driver/Src/stm32h7xx_hal_rcc_ex.o
                0x0000000008004260                HAL_RCCEx_PeriphCLKConfig
 .text.HAL_RCCEx_GetPeriphCLKFreq
                0x00000000080055a0      0x9a4 ./Drivers/STM32H7xx_HAL_Driver/Src/stm32h7xx_hal_rcc_ex.o
                0x00000000080055a0                HAL_RCCEx_GetPeriphCLKFreq
 .text.HAL_RCCEx_GetD3PCLK1Freq
                0x0000000008005f44       0x2c ./Drivers/STM32H7xx_HAL_Driver/Src/stm32h7xx_hal_rcc_ex.o
                0x0000000008005f44                HAL_RCCEx_GetD3PCLK1Freq
 .text.HAL_RCCEx_GetPLL2ClockFreq
                0x0000000008005f70      0x2a8 ./Drivers/STM32H7xx_HAL_Driver/Src/stm32h7xx_hal_rcc_ex.o
                0x0000000008005f70                HAL_RCCEx_GetPLL2ClockFreq
 .text.HAL_RCCEx_GetPLL3ClockFreq
                0x0000000008006218      0x2a8 ./Drivers/STM32H7xx_HAL_Driver/Src/stm32h7xx_hal_rcc_ex.o
                0x0000000008006218                HAL_RCCEx_GetPLL3ClockFreq
 .text.HAL_RCCEx_GetPLL1ClockFreq
                0x00000000080064c0      0x2a4 ./Drivers/STM32H7xx_HAL_Driver/Src/stm32h7xx_hal_rcc_ex.o
                0x00000000080064c0                HAL_RCCEx_GetPLL1ClockFreq
 .text.RCCEx_PLL2_Config
                0x0000000008006764      0x164 ./Drivers/STM32H7xx_HAL_Driver/Src/stm32h7xx_hal_rcc_ex.o
 .text.RCCEx_PLL3_Config
                0x00000000080068c8      0x164 ./Drivers/STM32H7xx_HAL_Driver/Src/stm32h7xx_hal_rcc_ex.o
 .text.HAL_SAI_InitProtocol
                0x0000000008006a2c       0x62 ./Drivers/STM32H7xx_HAL_Driver/Src/stm32h7xx_hal_sai.o
                0x0000000008006a2c                HAL_SAI_InitProtocol
 *fill*         0x0000000008006a8e        0x2 
 .text.HAL_SAI_Init
                0x0000000008006a90      0x434 ./Drivers/STM32H7xx_HAL_Driver/Src/stm32h7xx_hal_sai.o
                0x0000000008006a90                HAL_SAI_Init
 .text.SAI_InitI2S
                0x0000000008006ec4      0x164 ./Drivers/STM32H7xx_HAL_Driver/Src/stm32h7xx_hal_sai.o
 .text.SAI_InitPCM
                0x0000000008007028      0x104 ./Drivers/STM32H7xx_HAL_Driver/Src/stm32h7xx_hal_sai.o
 .text.SAI_Disable
                0x000000000800712c       0x74 ./Drivers/STM32H7xx_HAL_Driver/Src/stm32h7xx_hal_sai.o
 .text.HAL_SDRAM_Init
                0x00000000080071a0       0x78 ./Drivers/STM32H7xx_HAL_Driver/Src/stm32h7xx_hal_sdram.o
                0x00000000080071a0                HAL_SDRAM_Init
 .text.HAL_SDRAM_SendCommand
                0x0000000008007218       0x6a ./Drivers/STM32H7xx_HAL_Driver/Src/stm32h7xx_hal_sdram.o
                0x0000000008007218                HAL_SDRAM_SendCommand
 .text.HAL_SDRAM_ProgramRefreshRate
                0x0000000008007282       0x50 ./Drivers/STM32H7xx_HAL_Driver/Src/stm32h7xx_hal_sdram.o
                0x0000000008007282                HAL_SDRAM_ProgramRefreshRate
 *fill*         0x00000000080072d2        0x2 
 .text.HAL_SPI_Init
                0x00000000080072d4      0x248 ./Drivers/STM32H7xx_HAL_Driver/Src/stm32h7xx_hal_spi.o
                0x00000000080072d4                HAL_SPI_Init
 .text.SPI_GetPacketSize
                0x000000000800751c       0x36 ./Drivers/STM32H7xx_HAL_Driver/Src/stm32h7xx_hal_spi.o
 *fill*         0x0000000008007552        0x2 
 .text.FMC_SDRAM_Init
                0x0000000008007554       0xb8 ./Drivers/STM32H7xx_HAL_Driver/Src/stm32h7xx_ll_fmc.o
                0x0000000008007554                FMC_SDRAM_Init
 .text.FMC_SDRAM_Timing_Init
                0x000000000800760c       0xd4 ./Drivers/STM32H7xx_HAL_Driver/Src/stm32h7xx_ll_fmc.o
                0x000000000800760c                FMC_SDRAM_Timing_Init
 .text.FMC_SDRAM_SendCommand
                0x00000000080076e0       0x48 ./Drivers/STM32H7xx_HAL_Driver/Src/stm32h7xx_ll_fmc.o
                0x00000000080076e0                FMC_SDRAM_SendCommand
 .text.FMC_SDRAM_ProgramRefreshRate
                0x0000000008007728       0x30 ./Drivers/STM32H7xx_HAL_Driver/Src/stm32h7xx_ll_fmc.o
                0x0000000008007728                FMC_SDRAM_ProgramRefreshRate
 .text.memset   0x0000000008007758       0x10 C:/ST/STM32CubeIDE_1.13.2/STM32CubeIDE/plugins/com.st.stm32cube.ide.mcu.externaltools.gnu-tools-for-stm32.11.3.rel1.win32_1.1.100.202309141235/tools/bin/../lib/gcc/arm-none-eabi/11.3.1/../../../../arm-none-eabi/lib/thumb/v7e-m+dp/hard\libc_nano.a(libc_a-memset.o)
                0x0000000008007758                memset
 .text.__libc_init_array
                0x0000000008007768       0x48 C:/ST/STM32CubeIDE_1.13.2/STM32CubeIDE/plugins/com.st.stm32cube.ide.mcu.externaltools.gnu-tools-for-stm32.11.3.rel1.win32_1.1.100.202309141235/tools/bin/../lib/gcc/arm-none-eabi/11.3.1/../../../../arm-none-eabi/lib/thumb/v7e-m+dp/hard\libc_nano.a(libc_a-init.o)
                0x0000000008007768                __libc_init_array
 *(.glue_7)
 .glue_7        0x00000000080077b0        0x0 linker stubs
 *(.glue_7t)
 .glue_7t       0x00000000080077b0        0x0 linker stubs
 *(.eh_frame)
 .eh_frame      0x00000000080077b0        0x0 C:/ST/STM32CubeIDE_1.13.2/STM32CubeIDE/plugins/com.st.stm32cube.ide.mcu.externaltools.gnu-tools-for-stm32.11.3.rel1.win32_1.1.100.202309141235/tools/bin/../lib/gcc/arm-none-eabi/11.3.1/thumb/v7e-m+dp/hard/crtbegin.o
 *(.init)
 .init          0x00000000080077b0        0x4 C:/ST/STM32CubeIDE_1.13.2/STM32CubeIDE/plugins/com.st.stm32cube.ide.mcu.externaltools.gnu-tools-for-stm32.11.3.rel1.win32_1.1.100.202309141235/tools/bin/../lib/gcc/arm-none-eabi/11.3.1/thumb/v7e-m+dp/hard/crti.o
                0x00000000080077b0                _init
 .init          0x00000000080077b4        0x8 C:/ST/STM32CubeIDE_1.13.2/STM32CubeIDE/plugins/com.st.stm32cube.ide.mcu.externaltools.gnu-tools-for-stm32.11.3.rel1.win32_1.1.100.202309141235/tools/bin/../lib/gcc/arm-none-eabi/11.3.1/thumb/v7e-m+dp/hard/crtn.o
 *(.fini)
 .fini          0x00000000080077bc        0x4 C:/ST/STM32CubeIDE_1.13.2/STM32CubeIDE/plugins/com.st.stm32cube.ide.mcu.externaltools.gnu-tools-for-stm32.11.3.rel1.win32_1.1.100.202309141235/tools/bin/../lib/gcc/arm-none-eabi/11.3.1/thumb/v7e-m+dp/hard/crti.o
                0x00000000080077bc                _fini
 .fini          0x00000000080077c0        0x8 C:/ST/STM32CubeIDE_1.13.2/STM32CubeIDE/plugins/com.st.stm32cube.ide.mcu.externaltools.gnu-tools-for-stm32.11.3.rel1.win32_1.1.100.202309141235/tools/bin/../lib/gcc/arm-none-eabi/11.3.1/thumb/v7e-m+dp/hard/crtn.o
                0x00000000080077c8                . = ALIGN (0x4)
                0x00000000080077c8                _etext = .

.vfp11_veneer   0x00000000080077c8        0x0
 .vfp11_veneer  0x00000000080077c8        0x0 linker stubs

.v4_bx          0x00000000080077c8        0x0
 .v4_bx         0x00000000080077c8        0x0 linker stubs

.iplt           0x00000000080077c8        0x0
 .iplt          0x00000000080077c8        0x0 C:/ST/STM32CubeIDE_1.13.2/STM32CubeIDE/plugins/com.st.stm32cube.ide.mcu.externaltools.gnu-tools-for-stm32.11.3.rel1.win32_1.1.100.202309141235/tools/bin/../lib/gcc/arm-none-eabi/11.3.1/thumb/v7e-m+dp/hard/crtbegin.o

.rodata         0x00000000080077c8       0x18
                0x00000000080077c8                . = ALIGN (0x4)
 *(.rodata)
 *(.rodata*)
 .rodata.D1CorePrescTable
                0x00000000080077c8       0x10 ./Core/Src/system_stm32h7xx.o
                0x00000000080077c8                D1CorePrescTable
 .rodata.flagBitshiftOffset.0
                0x00000000080077d8        0x8 ./Drivers/STM32H7xx_HAL_Driver/Src/stm32h7xx_hal_dma.o
                0x00000000080077e0                . = ALIGN (0x4)

.rel.dyn        0x00000000080077e0        0x0
 .rel.iplt      0x00000000080077e0        0x0 C:/ST/STM32CubeIDE_1.13.2/STM32CubeIDE/plugins/com.st.stm32cube.ide.mcu.externaltools.gnu-tools-for-stm32.11.3.rel1.win32_1.1.100.202309141235/tools/bin/../lib/gcc/arm-none-eabi/11.3.1/thumb/v7e-m+dp/hard/crtbegin.o

.ARM.extab
 *(.ARM.extab* .gnu.linkonce.armextab.*)

.ARM            0x00000000080077e0        0x0
                0x00000000080077e0                __exidx_start = .
 *(.ARM.exidx*)
                0x00000000080077e0                __exidx_end = .

.preinit_array  0x00000000080077e0        0x0
                0x00000000080077e0                PROVIDE (__preinit_array_start = .)
 *(.preinit_array*)
                0x00000000080077e0                PROVIDE (__preinit_array_end = .)

.init_array     0x00000000080077e0        0x4
                0x00000000080077e0                PROVIDE (__init_array_start = .)
 *(SORT_BY_NAME(.init_array.*))
 *(.init_array*)
 .init_array    0x00000000080077e0        0x4 C:/ST/STM32CubeIDE_1.13.2/STM32CubeIDE/plugins/com.st.stm32cube.ide.mcu.externaltools.gnu-tools-for-stm32.11.3.rel1.win32_1.1.100.202309141235/tools/bin/../lib/gcc/arm-none-eabi/11.3.1/thumb/v7e-m+dp/hard/crtbegin.o
                0x00000000080077e4                PROVIDE (__init_array_end = .)

.fini_array     0x00000000080077e4        0x4
                [!provide]                        PROVIDE (__fini_array_start = .)
 *(SORT_BY_NAME(.fini_array.*))
 *(.fini_array*)
 .fini_array    0x00000000080077e4        0x4 C:/ST/STM32CubeIDE_1.13.2/STM32CubeIDE/plugins/com.st.stm32cube.ide.mcu.externaltools.gnu-tools-for-stm32.11.3.rel1.win32_1.1.100.202309141235/tools/bin/../lib/gcc/arm-none-eabi/11.3.1/thumb/v7e-m+dp/hard/crtbegin.o
                [!provide]                        PROVIDE (__fini_array_end = .)
                0x00000000080077e8                _sidata = LOADADDR (.data)

.data           0x0000000024000000       0x10 load address 0x00000000080077e8
                0x0000000024000000                . = ALIGN (0x4)
                0x0000000024000000                _sdata = .
 *(.data)
 *(.data*)
 .data.SystemCoreClock
                0x0000000024000000        0x4 ./Core/Src/system_stm32h7xx.o
                0x0000000024000000                SystemCoreClock
 .data.SystemD2Clock
                0x0000000024000004        0x4 ./Core/Src/system_stm32h7xx.o
                0x0000000024000004                SystemD2Clock
 .data.uwTickPrio
                0x0000000024000008        0x4 ./Drivers/STM32H7xx_HAL_Driver/Src/stm32h7xx_hal.o
                0x0000000024000008                uwTickPrio
 .data.uwTickFreq
                0x000000002400000c        0x1 ./Drivers/STM32H7xx_HAL_Driver/Src/stm32h7xx_hal.o
                0x000000002400000c                uwTickFreq
 *(.RamFunc)
 *(.RamFunc*)
                0x0000000024000010                . = ALIGN (0x4)
 *fill*         0x000000002400000d        0x3 
                0x0000000024000010                _edata = .

.igot.plt       0x0000000024000010        0x0 load address 0x00000000080077f8
 .igot.plt      0x0000000024000010        0x0 C:/ST/STM32CubeIDE_1.13.2/STM32CubeIDE/plugins/com.st.stm32cube.ide.mcu.externaltools.gnu-tools-for-stm32.11.3.rel1.win32_1.1.100.202309141235/tools/bin/../lib/gcc/arm-none-eabi/11.3.1/thumb/v7e-m+dp/hard/crtbegin.o
                0x0000000024000010                . = ALIGN (0x4)

.bss            0x0000000024000010      0x314 load address 0x00000000080077f8
                0x0000000024000010                _sbss = .
                0x0000000024000010                __bss_start__ = _sbss
 *(.bss)
 .bss           0x0000000024000010       0x1c C:/ST/STM32CubeIDE_1.13.2/STM32CubeIDE/plugins/com.st.stm32cube.ide.mcu.externaltools.gnu-tools-for-stm32.11.3.rel1.win32_1.1.100.202309141235/tools/bin/../lib/gcc/arm-none-eabi/11.3.1/thumb/v7e-m+dp/hard/crtbegin.o
 *(.bss*)
 .bss.hsdram1   0x000000002400002c       0x34 ./Core/Src/fmc.o
                0x000000002400002c                hsdram1
 .bss.FMC_Initialized
                0x0000000024000060        0x4 ./Core/Src/fmc.o
 .bss.Command   0x0000000024000064       0x10 ./Core/Src/is42s16800j.o
 .bss.hsai_BlockA1
                0x0000000024000074       0x98 ./Core/Src/sai.o
                0x0000000024000074                hsai_BlockA1
 .bss.hsai_BlockB1
                0x000000002400010c       0x98 ./Core/Src/sai.o
                0x000000002400010c                hsai_BlockB1
 .bss.hdma_sai1_a
                0x00000000240001a4       0x78 ./Core/Src/sai.o
                0x00000000240001a4                hdma_sai1_a
 .bss.hdma_sai1_b
                0x000000002400021c       0x78 ./Core/Src/sai.o
                0x000000002400021c                hdma_sai1_b
 .bss.SAI1_client
                0x0000000024000294        0x4 ./Core/Src/sai.o
 .bss.hspi1     0x0000000024000298       0x88 ./Core/Src/spi.o
                0x0000000024000298                hspi1
 .bss.uwTick    0x0000000024000320        0x4 ./Drivers/STM32H7xx_HAL_Driver/Src/stm32h7xx_hal.o
                0x0000000024000320                uwTick
 *(COMMON)
                0x0000000024000324                . = ALIGN (0x4)
                0x0000000024000324                _ebss = .
                0x0000000024000324                __bss_end__ = _ebss

._user_heap_stack
                0x0000000024000324      0x604 load address 0x00000000080077f8
                0x0000000024000328                . = ALIGN (0x8)
 *fill*         0x0000000024000324        0x4 
                [!provide]                        PROVIDE (end = .)
                0x0000000024000328                PROVIDE (_end = .)
                0x0000000024000528                . = (. + _Min_Heap_Size)
 *fill*         0x0000000024000328      0x200 
                0x0000000024000928                . = (. + _Min_Stack_Size)
 *fill*         0x0000000024000528      0x400 
                0x0000000024000928                . = ALIGN (0x8)

/DISCARD/
 libc.a(*)
 libm.a(*)
 libgcc.a(*)

.ARM.attributes
                0x0000000000000000       0x2e
 *(.ARM.attributes)
 .ARM.attributes
                0x0000000000000000       0x1e C:/ST/STM32CubeIDE_1.13.2/STM32CubeIDE/plugins/com.st.stm32cube.ide.mcu.externaltools.gnu-tools-for-stm32.11.3.rel1.win32_1.1.100.202309141235/tools/bin/../lib/gcc/arm-none-eabi/11.3.1/thumb/v7e-m+dp/hard/crti.o
 .ARM.attributes
                0x000000000000001e       0x32 C:/ST/STM32CubeIDE_1.13.2/STM32CubeIDE/plugins/com.st.stm32cube.ide.mcu.externaltools.gnu-tools-for-stm32.11.3.rel1.win32_1.1.100.202309141235/tools/bin/../lib/gcc/arm-none-eabi/11.3.1/thumb/v7e-m+dp/hard/crtbegin.o
 .ARM.attributes
                0x0000000000000050       0x32 ./Core/Src/dma.o
 .ARM.attributes
                0x0000000000000082       0x32 ./Core/Src/fmc.o
 .ARM.attributes
                0x00000000000000b4       0x32 ./Core/Src/gpio.o
 .ARM.attributes
                0x00000000000000e6       0x32 ./Core/Src/is42s16800j.o
 .ARM.attributes
                0x0000000000000118       0x32 ./Core/Src/main.o
 .ARM.attributes
                0x000000000000014a       0x32 ./Core/Src/sai.o
 .ARM.attributes
                0x000000000000017c       0x32 ./Core/Src/spi.o
 .ARM.attributes
                0x00000000000001ae       0x32 ./Core/Src/stm32h7xx_hal_msp.o
 .ARM.attributes
                0x00000000000001e0       0x32 ./Core/Src/stm32h7xx_it.o
 .ARM.attributes
                0x0000000000000212       0x32 ./Core/Src/system_stm32h7xx.o
 .ARM.attributes
                0x0000000000000244       0x21 ./Core/Startup/startup_stm32h723zgtx.o
 .ARM.attributes
                0x0000000000000265       0x32 ./Drivers/STM32H7xx_HAL_Driver/Src/stm32h7xx_hal.o
 .ARM.attributes
                0x0000000000000297       0x32 ./Drivers/STM32H7xx_HAL_Driver/Src/stm32h7xx_hal_cortex.o
 .ARM.attributes
                0x00000000000002c9       0x32 ./Drivers/STM32H7xx_HAL_Driver/Src/stm32h7xx_hal_dma.o
 .ARM.attributes
                0x00000000000002fb       0x32 ./Drivers/STM32H7xx_HAL_Driver/Src/stm32h7xx_hal_gpio.o
 .ARM.attributes
                0x000000000000032d       0x32 ./Drivers/STM32H7xx_HAL_Driver/Src/stm32h7xx_hal_pwr_ex.o
 .ARM.attributes
                0x000000000000035f       0x32 ./Drivers/STM32H7xx_HAL_Driver/Src/stm32h7xx_hal_rcc.o
 .ARM.attributes
                0x0000000000000391       0x32 ./Drivers/STM32H7xx_HAL_Driver/Src/stm32h7xx_hal_rcc_ex.o
 .ARM.attributes
                0x00000000000003c3       0x32 ./Drivers/STM32H7xx_HAL_Driver/Src/stm32h7xx_hal_sai.o
 .ARM.attributes
                0x00000000000003f5       0x32 ./Drivers/STM32H7xx_HAL_Driver/Src/stm32h7xx_hal_sdram.o
 .ARM.attributes
                0x0000000000000427       0x32 ./Drivers/STM32H7xx_HAL_Driver/Src/stm32h7xx_hal_spi.o
 .ARM.attributes
                0x0000000000000459       0x32 ./Drivers/STM32H7xx_HAL_Driver/Src/stm32h7xx_ll_fmc.o
 .ARM.attributes
                0x000000000000048b       0x32 C:/ST/STM32CubeIDE_1.13.2/STM32CubeIDE/plugins/com.st.stm32cube.ide.mcu.externaltools.gnu-tools-for-stm32.11.3.rel1.win32_1.1.100.202309141235/tools/bin/../lib/gcc/arm-none-eabi/11.3.1/../../../../arm-none-eabi/lib/thumb/v7e-m+dp/hard\libc_nano.a(libc_a-memset.o)
 .ARM.attributes
                0x00000000000004bd       0x32 C:/ST/STM32CubeIDE_1.13.2/STM32CubeIDE/plugins/com.st.stm32cube.ide.mcu.externaltools.gnu-tools-for-stm32.11.3.rel1.win32_1.1.100.202309141235/tools/bin/../lib/gcc/arm-none-eabi/11.3.1/../../../../arm-none-eabi/lib/thumb/v7e-m+dp/hard\libc_nano.a(libc_a-init.o)
 .ARM.attributes
                0x00000000000004ef       0x1e C:/ST/STM32CubeIDE_1.13.2/STM32CubeIDE/plugins/com.st.stm32cube.ide.mcu.externaltools.gnu-tools-for-stm32.11.3.rel1.win32_1.1.100.202309141235/tools/bin/../lib/gcc/arm-none-eabi/11.3.1/thumb/v7e-m+dp/hard/crtn.o
OUTPUT(stm_audio_board_V3_DSP_TEST.elf elf32-littlearm)
LOAD linker stubs
LOAD C:/ST/STM32CubeIDE_1.13.2/STM32CubeIDE/plugins/com.st.stm32cube.ide.mcu.externaltools.gnu-tools-for-stm32.11.3.rel1.win32_1.1.100.202309141235/tools/bin/../lib/gcc/arm-none-eabi/11.3.1/../../../../arm-none-eabi/lib/thumb/v7e-m+dp/hard\libc.a
LOAD C:/ST/STM32CubeIDE_1.13.2/STM32CubeIDE/plugins/com.st.stm32cube.ide.mcu.externaltools.gnu-tools-for-stm32.11.3.rel1.win32_1.1.100.202309141235/tools/bin/../lib/gcc/arm-none-eabi/11.3.1/../../../../arm-none-eabi/lib/thumb/v7e-m+dp/hard\libm.a
LOAD C:/ST/STM32CubeIDE_1.13.2/STM32CubeIDE/plugins/com.st.stm32cube.ide.mcu.externaltools.gnu-tools-for-stm32.11.3.rel1.win32_1.1.100.202309141235/tools/bin/../lib/gcc/arm-none-eabi/11.3.1/thumb/v7e-m+dp/hard\libgcc.a

.comment        0x0000000000000000       0x43
 .comment       0x0000000000000000       0x43 C:/ST/STM32CubeIDE_1.13.2/STM32CubeIDE/plugins/com.st.stm32cube.ide.mcu.externaltools.gnu-tools-for-stm32.11.3.rel1.win32_1.1.100.202309141235/tools/bin/../lib/gcc/arm-none-eabi/11.3.1/thumb/v7e-m+dp/hard/crtbegin.o
                                         0x44 (size before relaxing)
 .comment       0x0000000000000043       0x44 ./Core/Src/dma.o
 .comment       0x0000000000000043       0x44 ./Core/Src/fmc.o
 .comment       0x0000000000000043       0x44 ./Core/Src/gpio.o
 .comment       0x0000000000000043       0x44 ./Core/Src/is42s16800j.o
 .comment       0x0000000000000043       0x44 ./Core/Src/main.o
 .comment       0x0000000000000043       0x44 ./Core/Src/sai.o
 .comment       0x0000000000000043       0x44 ./Core/Src/spi.o
 .comment       0x0000000000000043       0x44 ./Core/Src/stm32h7xx_hal_msp.o
 .comment       0x0000000000000043       0x44 ./Core/Src/stm32h7xx_it.o
 .comment       0x0000000000000043       0x44 ./Core/Src/system_stm32h7xx.o
 .comment       0x0000000000000043       0x44 ./Drivers/STM32H7xx_HAL_Driver/Src/stm32h7xx_hal.o
 .comment       0x0000000000000043       0x44 ./Drivers/STM32H7xx_HAL_Driver/Src/stm32h7xx_hal_cortex.o
 .comment       0x0000000000000043       0x44 ./Drivers/STM32H7xx_HAL_Driver/Src/stm32h7xx_hal_dma.o
 .comment       0x0000000000000043       0x44 ./Drivers/STM32H7xx_HAL_Driver/Src/stm32h7xx_hal_gpio.o
 .comment       0x0000000000000043       0x44 ./Drivers/STM32H7xx_HAL_Driver/Src/stm32h7xx_hal_pwr_ex.o
 .comment       0x0000000000000043       0x44 ./Drivers/STM32H7xx_HAL_Driver/Src/stm32h7xx_hal_rcc.o
 .comment       0x0000000000000043       0x44 ./Drivers/STM32H7xx_HAL_Driver/Src/stm32h7xx_hal_rcc_ex.o
 .comment       0x0000000000000043       0x44 ./Drivers/STM32H7xx_HAL_Driver/Src/stm32h7xx_hal_sai.o
 .comment       0x0000000000000043       0x44 ./Drivers/STM32H7xx_HAL_Driver/Src/stm32h7xx_hal_sdram.o
 .comment       0x0000000000000043       0x44 ./Drivers/STM32H7xx_HAL_Driver/Src/stm32h7xx_hal_spi.o
 .comment       0x0000000000000043       0x44 ./Drivers/STM32H7xx_HAL_Driver/Src/stm32h7xx_ll_fmc.o

.debug_info     0x0000000000000000    0x127a0
 .debug_info    0x0000000000000000      0x830 ./Core/Src/dma.o
 .debug_info    0x0000000000000830     0x108c ./Core/Src/fmc.o
 .debug_info    0x00000000000018bc      0x683 ./Core/Src/gpio.o
 .debug_info    0x0000000000001f3f      0xa85 ./Core/Src/is42s16800j.o
 .debug_info    0x00000000000029c4     0x1def ./Core/Src/main.o
 .debug_info    0x00000000000047b3      0xe2f ./Core/Src/sai.o
 .debug_info    0x00000000000055e2      0xd6a ./Core/Src/spi.o
 .debug_info    0x000000000000634c      0x464 ./Core/Src/stm32h7xx_hal_msp.o
 .debug_info    0x00000000000067b0      0x461 ./Core/Src/stm32h7xx_it.o
 .debug_info    0x0000000000006c11      0xb2e ./Core/Src/system_stm32h7xx.o
 .debug_info    0x000000000000773f       0x23 ./Core/Startup/startup_stm32h723zgtx.o
 .debug_info    0x0000000000007762     0x1698 ./Drivers/STM32H7xx_HAL_Driver/Src/stm32h7xx_hal.o
 .debug_info    0x0000000000008dfa     0x10a0 ./Drivers/STM32H7xx_HAL_Driver/Src/stm32h7xx_hal_cortex.o
 .debug_info    0x0000000000009e9a      0xb67 ./Drivers/STM32H7xx_HAL_Driver/Src/stm32h7xx_hal_dma.o
 .debug_info    0x000000000000aa01      0xc5c ./Drivers/STM32H7xx_HAL_Driver/Src/stm32h7xx_hal_gpio.o
 .debug_info    0x000000000000b65d      0xdc4 ./Drivers/STM32H7xx_HAL_Driver/Src/stm32h7xx_hal_pwr_ex.o
 .debug_info    0x000000000000c421      0xd73 ./Drivers/STM32H7xx_HAL_Driver/Src/stm32h7xx_hal_rcc.o
 .debug_info    0x000000000000d194     0x11fc ./Drivers/STM32H7xx_HAL_Driver/Src/stm32h7xx_hal_rcc_ex.o
 .debug_info    0x000000000000e390     0x13c4 ./Drivers/STM32H7xx_HAL_Driver/Src/stm32h7xx_hal_sai.o
 .debug_info    0x000000000000f754     0x1059 ./Drivers/STM32H7xx_HAL_Driver/Src/stm32h7xx_hal_sdram.o
 .debug_info    0x00000000000107ad     0x1440 ./Drivers/STM32H7xx_HAL_Driver/Src/stm32h7xx_hal_spi.o
 .debug_info    0x0000000000011bed      0xbb3 ./Drivers/STM32H7xx_HAL_Driver/Src/stm32h7xx_ll_fmc.o

.debug_abbrev   0x0000000000000000     0x2d64
 .debug_abbrev  0x0000000000000000      0x12b ./Core/Src/dma.o
 .debug_abbrev  0x000000000000012b      0x26b ./Core/Src/fmc.o
 .debug_abbrev  0x0000000000000396      0x182 ./Core/Src/gpio.o
 .debug_abbrev  0x0000000000000518      0x225 ./Core/Src/is42s16800j.o
 .debug_abbrev  0x000000000000073d      0x350 ./Core/Src/main.o
 .debug_abbrev  0x0000000000000a8d      0x243 ./Core/Src/sai.o
 .debug_abbrev  0x0000000000000cd0      0x22a ./Core/Src/spi.o
 .debug_abbrev  0x0000000000000efa       0xdb ./Core/Src/stm32h7xx_hal_msp.o
 .debug_abbrev  0x0000000000000fd5      0x16f ./Core/Src/stm32h7xx_it.o
 .debug_abbrev  0x0000000000001144      0x13a ./Core/Src/system_stm32h7xx.o
 .debug_abbrev  0x000000000000127e       0x12 ./Core/Startup/startup_stm32h723zgtx.o
 .debug_abbrev  0x0000000000001290      0x29e ./Drivers/STM32H7xx_HAL_Driver/Src/stm32h7xx_hal.o
 .debug_abbrev  0x000000000000152e      0x339 ./Drivers/STM32H7xx_HAL_Driver/Src/stm32h7xx_hal_cortex.o
 .debug_abbrev  0x0000000000001867      0x248 ./Drivers/STM32H7xx_HAL_Driver/Src/stm32h7xx_hal_dma.o
 .debug_abbrev  0x0000000000001aaf      0x1fe ./Drivers/STM32H7xx_HAL_Driver/Src/stm32h7xx_hal_gpio.o
 .debug_abbrev  0x0000000000001cad      0x295 ./Drivers/STM32H7xx_HAL_Driver/Src/stm32h7xx_hal_pwr_ex.o
 .debug_abbrev  0x0000000000001f42      0x2b1 ./Drivers/STM32H7xx_HAL_Driver/Src/stm32h7xx_hal_rcc.o
 .debug_abbrev  0x00000000000021f3      0x269 ./Drivers/STM32H7xx_HAL_Driver/Src/stm32h7xx_hal_rcc_ex.o
 .debug_abbrev  0x000000000000245c      0x289 ./Drivers/STM32H7xx_HAL_Driver/Src/stm32h7xx_hal_sai.o
 .debug_abbrev  0x00000000000026e5      0x222 ./Drivers/STM32H7xx_HAL_Driver/Src/stm32h7xx_hal_sdram.o
 .debug_abbrev  0x0000000000002907      0x2b1 ./Drivers/STM32H7xx_HAL_Driver/Src/stm32h7xx_hal_spi.o
 .debug_abbrev  0x0000000000002bb8      0x1ac ./Drivers/STM32H7xx_HAL_Driver/Src/stm32h7xx_ll_fmc.o

.debug_aranges  0x0000000000000000      0xe10
 .debug_aranges
                0x0000000000000000       0x20 ./Core/Src/dma.o
 .debug_aranges
                0x0000000000000020       0x40 ./Core/Src/fmc.o
 .debug_aranges
                0x0000000000000060       0x20 ./Core/Src/gpio.o
 .debug_aranges
                0x0000000000000080       0x70 ./Core/Src/is42s16800j.o
 .debug_aranges
                0x00000000000000f0       0x58 ./Core/Src/main.o
 .debug_aranges
                0x0000000000000148       0x30 ./Core/Src/sai.o
 .debug_aranges
                0x0000000000000178       0x30 ./Core/Src/spi.o
 .debug_aranges
                0x00000000000001a8       0x20 ./Core/Src/stm32h7xx_hal_msp.o
 .debug_aranges
                0x00000000000001c8       0x70 ./Core/Src/stm32h7xx_it.o
 .debug_aranges
                0x0000000000000238       0x28 ./Core/Src/system_stm32h7xx.o
 .debug_aranges
                0x0000000000000260       0x28 ./Core/Startup/startup_stm32h723zgtx.o
 .debug_aranges
                0x0000000000000288      0x1c8 ./Drivers/STM32H7xx_HAL_Driver/Src/stm32h7xx_hal.o
 .debug_aranges
                0x0000000000000450      0x130 ./Drivers/STM32H7xx_HAL_Driver/Src/stm32h7xx_hal_cortex.o
 .debug_aranges
                0x0000000000000580       0xa0 ./Drivers/STM32H7xx_HAL_Driver/Src/stm32h7xx_hal_dma.o
 .debug_aranges
                0x0000000000000620       0x58 ./Drivers/STM32H7xx_HAL_Driver/Src/stm32h7xx_hal_gpio.o
 .debug_aranges
                0x0000000000000678      0x148 ./Drivers/STM32H7xx_HAL_Driver/Src/stm32h7xx_hal_pwr_ex.o
 .debug_aranges
                0x00000000000007c0       0x88 ./Drivers/STM32H7xx_HAL_Driver/Src/stm32h7xx_hal_rcc.o
 .debug_aranges
                0x0000000000000848       0xf8 ./Drivers/STM32H7xx_HAL_Driver/Src/stm32h7xx_hal_rcc_ex.o
 .debug_aranges
                0x0000000000000940      0x178 ./Drivers/STM32H7xx_HAL_Driver/Src/stm32h7xx_hal_sai.o
 .debug_aranges
                0x0000000000000ab8       0xe8 ./Drivers/STM32H7xx_HAL_Driver/Src/stm32h7xx_hal_sdram.o
 .debug_aranges
                0x0000000000000ba0      0x1a8 ./Drivers/STM32H7xx_HAL_Driver/Src/stm32h7xx_hal_spi.o
 .debug_aranges
                0x0000000000000d48       0xc8 ./Drivers/STM32H7xx_HAL_Driver/Src/stm32h7xx_ll_fmc.o

.debug_rnglists
                0x0000000000000000      0xa97
 .debug_rnglists
                0x0000000000000000       0x13 ./Core/Src/dma.o
 .debug_rnglists
                0x0000000000000013       0x2e ./Core/Src/fmc.o
 .debug_rnglists
                0x0000000000000041       0x14 ./Core/Src/gpio.o
 .debug_rnglists
                0x0000000000000055       0x4f ./Core/Src/is42s16800j.o
 .debug_rnglists
                0x00000000000000a4       0x43 ./Core/Src/main.o
 .debug_rnglists
                0x00000000000000e7       0x22 ./Core/Src/sai.o
 .debug_rnglists
                0x0000000000000109       0x21 ./Core/Src/spi.o
 .debug_rnglists
                0x000000000000012a       0x13 ./Core/Src/stm32h7xx_hal_msp.o
 .debug_rnglists
                0x000000000000013d       0x4f ./Core/Src/stm32h7xx_it.o
 .debug_rnglists
                0x000000000000018c       0x1b ./Core/Src/system_stm32h7xx.o
 .debug_rnglists
                0x00000000000001a7       0x19 ./Core/Startup/startup_stm32h723zgtx.o
 .debug_rnglists
                0x00000000000001c0      0x155 ./Drivers/STM32H7xx_HAL_Driver/Src/stm32h7xx_hal.o
 .debug_rnglists
                0x0000000000000315       0xe0 ./Drivers/STM32H7xx_HAL_Driver/Src/stm32h7xx_hal_cortex.o
 .debug_rnglists
                0x00000000000003f5       0x82 ./Drivers/STM32H7xx_HAL_Driver/Src/stm32h7xx_hal_dma.o
 .debug_rnglists
                0x0000000000000477       0x3f ./Drivers/STM32H7xx_HAL_Driver/Src/stm32h7xx_hal_gpio.o
 .debug_rnglists
                0x00000000000004b6       0xf5 ./Drivers/STM32H7xx_HAL_Driver/Src/stm32h7xx_hal_pwr_ex.o
 .debug_rnglists
                0x00000000000005ab       0x68 ./Drivers/STM32H7xx_HAL_Driver/Src/stm32h7xx_hal_rcc.o
 .debug_rnglists
                0x0000000000000613       0xc0 ./Drivers/STM32H7xx_HAL_Driver/Src/stm32h7xx_hal_rcc_ex.o
 .debug_rnglists
                0x00000000000006d3      0x136 ./Drivers/STM32H7xx_HAL_Driver/Src/stm32h7xx_hal_sai.o
 .debug_rnglists
                0x0000000000000809       0xb1 ./Drivers/STM32H7xx_HAL_Driver/Src/stm32h7xx_hal_sdram.o
 .debug_rnglists
                0x00000000000008ba      0x148 ./Drivers/STM32H7xx_HAL_Driver/Src/stm32h7xx_hal_spi.o
 .debug_rnglists
                0x0000000000000a02       0x95 ./Drivers/STM32H7xx_HAL_Driver/Src/stm32h7xx_ll_fmc.o

.debug_macro    0x0000000000000000     0x3e66
 .debug_macro   0x0000000000000000      0x2e2 ./Core/Src/dma.o
 .debug_macro   0x00000000000002e2      0x2fa ./Core/Src/fmc.o
 .debug_macro   0x00000000000005dc       0x16 ./Core/Src/fmc.o
 .debug_macro   0x00000000000005f2       0x7c ./Core/Src/fmc.o
 .debug_macro   0x000000000000066e      0x2e2 ./Core/Src/gpio.o
 .debug_macro   0x0000000000000950      0x2ec ./Core/Src/is42s16800j.o
 .debug_macro   0x0000000000000c3c       0x10 ./Core/Src/is42s16800j.o
 .debug_macro   0x0000000000000c4c      0x329 ./Core/Src/main.o
 .debug_macro   0x0000000000000f75       0x7c ./Core/Src/main.o
 .debug_macro   0x0000000000000ff1      0x2e2 ./Core/Src/sai.o
 .debug_macro   0x00000000000012d3      0x2e2 ./Core/Src/spi.o
 .debug_macro   0x00000000000015b5      0x2d8 ./Core/Src/stm32h7xx_hal_msp.o
 .debug_macro   0x000000000000188d      0x2e2 ./Core/Src/stm32h7xx_it.o
 .debug_macro   0x0000000000001b6f      0x2ce ./Core/Src/system_stm32h7xx.o
 .debug_macro   0x0000000000001e3d      0x2f8 ./Drivers/STM32H7xx_HAL_Driver/Src/stm32h7xx_hal.o
 .debug_macro   0x0000000000002135      0x2ce ./Drivers/STM32H7xx_HAL_Driver/Src/stm32h7xx_hal_cortex.o
 .debug_macro   0x0000000000002403      0x322 ./Drivers/STM32H7xx_HAL_Driver/Src/stm32h7xx_hal_dma.o
 .debug_macro   0x0000000000002725      0x2d5 ./Drivers/STM32H7xx_HAL_Driver/Src/stm32h7xx_hal_gpio.o
 .debug_macro   0x00000000000029fa      0x307 ./Drivers/STM32H7xx_HAL_Driver/Src/stm32h7xx_hal_pwr_ex.o
 .debug_macro   0x0000000000002d01      0x2f2 ./Drivers/STM32H7xx_HAL_Driver/Src/stm32h7xx_hal_rcc.o
 .debug_macro   0x0000000000002ff3      0x2ec ./Drivers/STM32H7xx_HAL_Driver/Src/stm32h7xx_hal_rcc_ex.o
 .debug_macro   0x00000000000032df      0x2eb ./Drivers/STM32H7xx_HAL_Driver/Src/stm32h7xx_hal_sai.o
 .debug_macro   0x00000000000035ca      0x2ce ./Drivers/STM32H7xx_HAL_Driver/Src/stm32h7xx_hal_sdram.o
 .debug_macro   0x0000000000003898      0x2d6 ./Drivers/STM32H7xx_HAL_Driver/Src/stm32h7xx_hal_spi.o
 .debug_macro   0x0000000000003b6e      0x2f8 ./Drivers/STM32H7xx_HAL_Driver/Src/stm32h7xx_ll_fmc.o

.debug_line     0x0000000000000000    0x15afd
 .debug_line    0x0000000000000000      0x910 ./Core/Src/dma.o
 .debug_line    0x0000000000000910      0xab9 ./Core/Src/fmc.o
 .debug_line    0x00000000000013c9      0x924 ./Core/Src/gpio.o
 .debug_line    0x0000000000001ced      0xada ./Core/Src/is42s16800j.o
 .debug_line    0x00000000000027c7      0xf25 ./Core/Src/main.o
 .debug_line    0x00000000000036ec      0xa3a ./Core/Src/sai.o
 .debug_line    0x0000000000004126      0x9c4 ./Core/Src/spi.o
 .debug_line    0x0000000000004aea      0x911 ./Core/Src/stm32h7xx_hal_msp.o
 .debug_line    0x00000000000053fb      0xa04 ./Core/Src/stm32h7xx_it.o
 .debug_line    0x0000000000005dff      0xab6 ./Core/Src/system_stm32h7xx.o
 .debug_line    0x00000000000068b5       0x7a ./Core/Startup/startup_stm32h723zgtx.o
 .debug_line    0x000000000000692f      0xf4d ./Drivers/STM32H7xx_HAL_Driver/Src/stm32h7xx_hal.o
 .debug_line    0x000000000000787c      0xef3 ./Drivers/STM32H7xx_HAL_Driver/Src/stm32h7xx_hal_cortex.o
 .debug_line    0x000000000000876f     0x2810 ./Drivers/STM32H7xx_HAL_Driver/Src/stm32h7xx_hal_dma.o
 .debug_line    0x000000000000af7f      0xd6e ./Drivers/STM32H7xx_HAL_Driver/Src/stm32h7xx_hal_gpio.o
 .debug_line    0x000000000000bced      0xf40 ./Drivers/STM32H7xx_HAL_Driver/Src/stm32h7xx_hal_pwr_ex.o
 .debug_line    0x000000000000cc2d     0x13e6 ./Drivers/STM32H7xx_HAL_Driver/Src/stm32h7xx_hal_rcc.o
 .debug_line    0x000000000000e013     0x1c9f ./Drivers/STM32H7xx_HAL_Driver/Src/stm32h7xx_hal_rcc_ex.o
 .debug_line    0x000000000000fcb2     0x1e76 ./Drivers/STM32H7xx_HAL_Driver/Src/stm32h7xx_hal_sai.o
 .debug_line    0x0000000000011b28      0xfff ./Drivers/STM32H7xx_HAL_Driver/Src/stm32h7xx_hal_sdram.o
 .debug_line    0x0000000000012b27     0x2346 ./Drivers/STM32H7xx_HAL_Driver/Src/stm32h7xx_hal_spi.o
 .debug_line    0x0000000000014e6d      0xc90 ./Drivers/STM32H7xx_HAL_Driver/Src/stm32h7xx_ll_fmc.o

.debug_str      0x0000000000000000   0x1436c0
 .debug_str     0x0000000000000000   0x13dbfa ./Core/Src/dma.o
                                     0x13e0c2 (size before relaxing)
 .debug_str     0x000000000013dbfa      0xd44 ./Core/Src/fmc.o
                                     0x13e6cd (size before relaxing)
 .debug_str     0x000000000013e93e       0x68 ./Core/Src/gpio.o
                                     0x13d980 (size before relaxing)
 .debug_str     0x000000000013e9a6      0x1c7 ./Core/Src/is42s16800j.o
                                     0x13e1c6 (size before relaxing)
 .debug_str     0x000000000013eb6d      0xe44 ./Core/Src/main.o
                                     0x13ea87 (size before relaxing)
 .debug_str     0x000000000013f9b1       0xc0 ./Core/Src/sai.o
                                     0x13e05a (size before relaxing)
 .debug_str     0x000000000013fa71       0x51 ./Core/Src/spi.o
                                     0x13dfb6 (size before relaxing)
 .debug_str     0x000000000013fac2       0x2c ./Core/Src/stm32h7xx_hal_msp.o
                                     0x13d8b5 (size before relaxing)
 .debug_str     0x000000000013faee      0x10c ./Core/Src/stm32h7xx_it.o
                                     0x13da92 (size before relaxing)
 .debug_str     0x000000000013fbfa      0x18f ./Core/Src/system_stm32h7xx.o
                                     0x13db56 (size before relaxing)
 .debug_str     0x000000000013fd89       0x34 ./Core/Startup/startup_stm32h723zgtx.o
                                         0x9e (size before relaxing)
 .debug_str     0x000000000013fdbd      0x998 ./Drivers/STM32H7xx_HAL_Driver/Src/stm32h7xx_hal.o
                                     0x13ebe0 (size before relaxing)
 .debug_str     0x0000000000140755      0x362 ./Drivers/STM32H7xx_HAL_Driver/Src/stm32h7xx_hal_cortex.o
                                     0x13e4fa (size before relaxing)
 .debug_str     0x0000000000140ab7      0x8b5 ./Drivers/STM32H7xx_HAL_Driver/Src/stm32h7xx_hal_dma.o
                                     0x13e30b (size before relaxing)
 .debug_str     0x000000000014136c       0xf1 ./Drivers/STM32H7xx_HAL_Driver/Src/stm32h7xx_hal_gpio.o
                                     0x13dba1 (size before relaxing)
 .debug_str     0x000000000014145d      0x5ee ./Drivers/STM32H7xx_HAL_Driver/Src/stm32h7xx_hal_pwr_ex.o
                                     0x13dfa9 (size before relaxing)
 .debug_str     0x0000000000141a4b      0x22e ./Drivers/STM32H7xx_HAL_Driver/Src/stm32h7xx_hal_rcc.o
                                     0x13df24 (size before relaxing)
 .debug_str     0x0000000000141c79      0x64b ./Drivers/STM32H7xx_HAL_Driver/Src/stm32h7xx_hal_rcc_ex.o
                                     0x13e43c (size before relaxing)
 .debug_str     0x00000000001422c4      0x402 ./Drivers/STM32H7xx_HAL_Driver/Src/stm32h7xx_hal_sai.o
                                     0x13e239 (size before relaxing)
 .debug_str     0x00000000001426c6      0x36f ./Drivers/STM32H7xx_HAL_Driver/Src/stm32h7xx_hal_sdram.o
                                     0x13e06d (size before relaxing)
 .debug_str     0x0000000000142a35      0x548 ./Drivers/STM32H7xx_HAL_Driver/Src/stm32h7xx_hal_spi.o
                                     0x13e2a7 (size before relaxing)
 .debug_str     0x0000000000142f7d      0x743 ./Drivers/STM32H7xx_HAL_Driver/Src/stm32h7xx_ll_fmc.o
                                     0x13e11d (size before relaxing)

.debug_frame    0x0000000000000000     0x385c
 .debug_frame   0x0000000000000000       0x34 ./Core/Src/dma.o
 .debug_frame   0x0000000000000034       0xc0 ./Core/Src/fmc.o
 .debug_frame   0x00000000000000f4       0x34 ./Core/Src/gpio.o
 .debug_frame   0x0000000000000128      0x19c ./Core/Src/is42s16800j.o
 .debug_frame   0x00000000000002c4      0x130 ./Core/Src/main.o
 .debug_frame   0x00000000000003f4       0x74 ./Core/Src/sai.o
 .debug_frame   0x0000000000000468       0x74 ./Core/Src/spi.o
 .debug_frame   0x00000000000004dc       0x38 ./Core/Src/stm32h7xx_hal_msp.o
 .debug_frame   0x0000000000000514      0x13c ./Core/Src/stm32h7xx_it.o
 .debug_frame   0x0000000000000650       0x58 ./Core/Src/system_stm32h7xx.o
 .debug_frame   0x00000000000006a8      0x760 ./Drivers/STM32H7xx_HAL_Driver/Src/stm32h7xx_hal.o
 .debug_frame   0x0000000000000e08      0x508 ./Drivers/STM32H7xx_HAL_Driver/Src/stm32h7xx_hal_cortex.o
 .debug_frame   0x0000000000001310      0x2b4 ./Drivers/STM32H7xx_HAL_Driver/Src/stm32h7xx_hal_dma.o
 .debug_frame   0x00000000000015c4      0x14c ./Drivers/STM32H7xx_HAL_Driver/Src/stm32h7xx_hal_gpio.o
 .debug_frame   0x0000000000001710      0x540 ./Drivers/STM32H7xx_HAL_Driver/Src/stm32h7xx_hal_pwr_ex.o
 .debug_frame   0x0000000000001c50      0x1fc ./Drivers/STM32H7xx_HAL_Driver/Src/stm32h7xx_hal_rcc.o
 .debug_frame   0x0000000000001e4c      0x414 ./Drivers/STM32H7xx_HAL_Driver/Src/stm32h7xx_hal_rcc_ex.o
 .debug_frame   0x0000000000002260      0x69c ./Drivers/STM32H7xx_HAL_Driver/Src/stm32h7xx_hal_sai.o
 .debug_frame   0x00000000000028fc      0x3f0 ./Drivers/STM32H7xx_HAL_Driver/Src/stm32h7xx_hal_sdram.o
 .debug_frame   0x0000000000002cec      0x7a8 ./Drivers/STM32H7xx_HAL_Driver/Src/stm32h7xx_hal_spi.o
 .debug_frame   0x0000000000003494      0x37c ./Drivers/STM32H7xx_HAL_Driver/Src/stm32h7xx_ll_fmc.o
 .debug_frame   0x0000000000003810       0x20 C:/ST/STM32CubeIDE_1.13.2/STM32CubeIDE/plugins/com.st.stm32cube.ide.mcu.externaltools.gnu-tools-for-stm32.11.3.rel1.win32_1.1.100.202309141235/tools/bin/../lib/gcc/arm-none-eabi/11.3.1/../../../../arm-none-eabi/lib/thumb/v7e-m+dp/hard\libc_nano.a(libc_a-memset.o)
 .debug_frame   0x0000000000003830       0x2c C:/ST/STM32CubeIDE_1.13.2/STM32CubeIDE/plugins/com.st.stm32cube.ide.mcu.externaltools.gnu-tools-for-stm32.11.3.rel1.win32_1.1.100.202309141235/tools/bin/../lib/gcc/arm-none-eabi/11.3.1/../../../../arm-none-eabi/lib/thumb/v7e-m+dp/hard\libc_nano.a(libc_a-init.o)

.debug_line_str
                0x0000000000000000       0x92
 .debug_line_str
                0x0000000000000000       0x92 ./Core/Startup/startup_stm32h723zgtx.o
                                         0xaa (size before relaxing)
