../Core/Src/is42s16800j.c:63:9:IS42S16800J_Init	24	static
../Core/Src/is42s16800j.c:101:9:IS42S16800J_ClockEnable	8	static
../Core/Src/is42s16800j.c:125:9:IS42S16800J_Precharge	8	static
../Core/Src/is42s16800j.c:149:9:IS42S16800J_ModeRegConfig	16	static
../Core/Src/is42s16800j.c:182:9:IS42S16800J_TimingConfig	8	static
../Core/Src/is42s16800j.c:203:9:IS42S16800J_RefreshMode	8	static
../Core/Src/is42s16800j.c:227:9:IS42S16800J_RefreshRate	8	static
../Core/Src/is42s16800j.c:246:9:IS42S16800J_EnterPowerMode	8	static
../Core/Src/is42s16800j.c:270:9:IS42S16800J_ExitPowerMode	8	static
../Core/Src/is42s16800j.c:294:9:IS42S16800J_Sendcmd	8	static
