../Core/Src/main.c:107:6:HAL_SAI_TxCpltCallback	5
../Core/Src/main.c:117:6:HAL_SAI_TxHalfCpltCallback	5
../Core/Src/main.c:130:6:HAL_SAI_RxCpltCallback	9
../Core/Src/main.c:144:6:HAL_SAI_RxHalfCpltCallback	9
../Core/Src/main.c:173:6:JumpToBootloader	2
../Core/Src/main.c:227:5:Do_HighPass	1
../Core/Src/main.c:270:5:Do_PitchShift	15
../Core/Src/main.c:328:5:main	1
../Core/Src/main.c:410:6:SystemClock_Config	4
../Core/Src/main.c:469:6:PeriphCommonClock_Config	2
../Core/Src/main.c:500:6:Error_Handler	1
