../Core/Src/main.c:76:6:HAL_SAI_TxCpltCallback	16	static
../Core/Src/main.c:79:6:HAL_SAI_TxHalfCpltCallback	16	static
../Core/Src/main.c:83:6:HAL_SAI_RxCpltCallback	16	static
../Core/Src/main.c:88:6:HAL_SAI_RxHalfCpltCallback	16	static
../Core/Src/main.c:103:5:main	8	static
../Core/Src/main.c:163:6:SystemClock_Config	120	static
../Core/Src/main.c:221:6:PeriphCommonClock_Config	192	static
../Core/Src/main.c:249:13:MX_SAI1_Init	8	static
../Core/Src/main.c:298:13:MX_SPI1_Init	8	static
../Core/Src/main.c:344:13:MX_DMA_Init	16	static
../Core/Src/main.c:366:13:MX_GPIO_Init	48	static
../Core/Src/main.c:399:6:MPU_Config	24	static
../Core/Src/main.c:430:6:Error_Handler	4	static,ignoring_inline_asm
