../Core/Src/main.c:78:6:HAL_SAI_TxCpltCallback	5
../Core/Src/main.c:83:6:HAL_SAI_TxHalfCpltCallback	5
../Core/Src/main.c:89:6:HAL_SAI_RxCpltCallback	9
../Core/Src/main.c:100:6:HAL_SAI_RxHalfCpltCallback	9
../Core/Src/main.c:123:5:main	6
../Core/Src/main.c:225:6:SystemClock_Config	4
../Core/Src/main.c:283:6:PeriphCommonClock_Config	2
../Core/Src/main.c:311:13:MX_SAI1_Init	3
../Core/Src/main.c:360:13:MX_SPI1_Init	2
../Core/Src/main.c:406:13:MX_DMA_Init	1
../Core/Src/main.c:424:13:MX_FMC_Init	2
../Core/Src/main.c:500:13:MX_GPIO_Init	1
../Core/Src/main.c:537:6:Error_Handler	1
