../Core/Src/stm32h7xx_hal_msp.c:64:6:HAL_MspInit	16	static
../Core/Src/stm32h7xx_hal_msp.c:85:6:HAL_SPI_MspInit	56	static
../Core/Src/stm32h7xx_hal_msp.c:139:6:HAL_SPI_MspDeInit	16	static
../Core/Src/stm32h7xx_hal_msp.c:170:13:HAL_FMC_MspInit	224	static
../Core/Src/stm32h7xx_hal_msp.c:283:6:HAL_SDRAM_MspInit	16	static
../Core/Src/stm32h7xx_hal_msp.c:295:13:HAL_FMC_MspDeInit	8	static
../Core/Src/stm32h7xx_hal_msp.c:366:6:HAL_SDRAM_MspDeInit	16	static
../Core/Src/stm32h7xx_hal_msp.c:382:6:HAL_SAI_MspInit	48	static
../Core/Src/stm32h7xx_hal_msp.c:475:6:HAL_SAI_MspDeInit	16	static
